Archive member included because of file (symbol)

C:\Freescale\Freescale_MQX_4_2\lib\frdmk64f.kds\debug\psp\psp.a(time.o)
                              sources\spi_task.o (_time_delay)
C:\Freescale\Freescale_MQX_4_2\lib\frdmk64f.kds\debug\psp\psp.a(task.o)
                              C:\Freescale\Freescale_MQX_4_2\lib\frdmk64f.kds\debug\psp\psp.a(time.o) (_task_get_td)
C:\Freescale\Freescale_MQX_4_2\lib\frdmk64f.kds\debug\psp\psp.a(sched.o)
                              C:\Freescale\Freescale_MQX_4_2\lib\frdmk64f.kds\debug\psp\psp.a(time.o) (_sched_yield)
C:\Freescale\Freescale_MQX_4_2\lib\frdmk64f.kds\debug\psp\psp.a(queue.o)
                              C:\Freescale\Freescale_MQX_4_2\lib\frdmk64f.kds\debug\psp\psp.a(time.o) (_queue_insert)
C:\Freescale\Freescale_MQX_4_2\lib\frdmk64f.kds\debug\psp\psp.a(mqx.o)
                              C:\Freescale\Freescale_MQX_4_2\lib\frdmk64f.kds\debug\psp\psp.a(time.o) (_mqx_zero_tick_struct)
C:\Freescale\Freescale_MQX_4_2\lib\frdmk64f.kds\debug\psp\psp.a(lwsem.o)
                              C:\Freescale\Freescale_MQX_4_2\lib\frdmk64f.kds\debug\psp\psp.a(mqx.o) (_lwsem_create)
C:\Freescale\Freescale_MQX_4_2\lib\frdmk64f.kds\debug\psp\psp.a(lwmem.o)
                              C:\Freescale\Freescale_MQX_4_2\lib\frdmk64f.kds\debug\psp\psp.a(task.o) (_lwmem_alloc)
C:\Freescale\Freescale_MQX_4_2\lib\frdmk64f.kds\debug\psp\psp.a(lwevent.o)
                              sources\main_vscp_task.o (_lwevent_create)
C:\Freescale\Freescale_MQX_4_2\lib\frdmk64f.kds\debug\psp\psp.a(klog.o)
                              C:\Freescale\Freescale_MQX_4_2\lib\frdmk64f.kds\debug\psp\psp.a(time.o) (_klog_log)
C:\Freescale\Freescale_MQX_4_2\lib\frdmk64f.kds\debug\psp\psp.a(int.o)
                              C:\Freescale\Freescale_MQX_4_2\lib\frdmk64f.kds\debug\psp\psp.a(time.o) (_int_disable)
C:\Freescale\Freescale_MQX_4_2\lib\frdmk64f.kds\debug\psp\psp.a(inittask.o)
                              C:\Freescale\Freescale_MQX_4_2\lib\frdmk64f.kds\debug\psp\psp.a(mqx.o) (_mqx_init_task)
C:\Freescale\Freescale_MQX_4_2\lib\frdmk64f.kds\debug\psp\psp.a(idletask.o)
                              C:\Freescale\Freescale_MQX_4_2\lib\frdmk64f.kds\debug\psp\psp.a(mqx.o) (_mqx_idle_task)
C:\Freescale\Freescale_MQX_4_2\lib\frdmk64f.kds\debug\psp\psp.a(io_write.o)
                              sources\spi_eeprom.o (_io_write)
C:\Freescale\Freescale_MQX_4_2\lib\frdmk64f.kds\debug\psp\psp.a(io_read.o)
                              sources\spi_eeprom.o (_io_read)
C:\Freescale\Freescale_MQX_4_2\lib\frdmk64f.kds\debug\psp\psp.a(io_pntf.o)
                              sources\tx_task.o (_io_printf)
C:\Freescale\Freescale_MQX_4_2\lib\frdmk64f.kds\debug\psp\psp.a(io_ioctl.o)
                              sources\spi_task.o (_io_ioctl)
C:\Freescale\Freescale_MQX_4_2\lib\frdmk64f.kds\debug\psp\psp.a(io_fputc.o)
                              C:\Freescale\Freescale_MQX_4_2\lib\frdmk64f.kds\debug\psp\psp.a(io_pntf.o) (_io_fputc)
C:\Freescale\Freescale_MQX_4_2\lib\frdmk64f.kds\debug\psp\psp.a(io_fopen.o)
                              sources\spi_task.o (_io_fopen)
C:\Freescale\Freescale_MQX_4_2\lib\frdmk64f.kds\debug\psp\psp.a(io_fflsh.o)
                              sources\spi_eeprom.o (_io_fflush)
C:\Freescale\Freescale_MQX_4_2\lib\frdmk64f.kds\debug\psp\psp.a(io_dopr.o)
                              C:\Freescale\Freescale_MQX_4_2\lib\frdmk64f.kds\debug\psp\psp.a(io_pntf.o) (_io_doprint)
C:\Freescale\Freescale_MQX_4_2\lib\frdmk64f.kds\debug\psp\psp.a(stack_st.o)
                              C:\Freescale\Freescale_MQX_4_2\lib\frdmk64f.kds\debug\psp\psp.a(task.o) (_psp_get_stack_start)
C:\Freescale\Freescale_MQX_4_2\lib\frdmk64f.kds\debug\psp\psp.a(stack_de.o)
                              C:\Freescale\Freescale_MQX_4_2\lib\frdmk64f.kds\debug\psp\psp.a(task.o) (_psp_destroy_stack_frame)
C:\Freescale\Freescale_MQX_4_2\lib\frdmk64f.kds\debug\psp\psp.a(stack_bu.o)
                              C:\Freescale\Freescale_MQX_4_2\lib\frdmk64f.kds\debug\psp\psp.a(task.o) (_psp_build_stack_frame)
C:\Freescale\Freescale_MQX_4_2\lib\frdmk64f.kds\debug\psp\psp.a(sc_irdyq.o)
                              C:\Freescale\Freescale_MQX_4_2\lib\frdmk64f.kds\debug\psp\psp.a(mqx.o) (_psp_set_kernel_disable_level)
C:\Freescale\Freescale_MQX_4_2\lib\frdmk64f.kds\debug\psp\psp.a(psp_usti.o)
                              C:\Freescale\Freescale_MQX_4_2\lib\frdmk64f.kds\debug\psp\psp.a(time.o) (_psp_usecs_to_ticks)
C:\Freescale\Freescale_MQX_4_2\lib\frdmk64f.kds\debug\psp\psp.a(psp_tkti.o)
                              C:\Freescale\Freescale_MQX_4_2\lib\frdmk64f.kds\debug\psp\psp.a(time.o) (_psp_ticks_to_time)
C:\Freescale\Freescale_MQX_4_2\lib\frdmk64f.kds\debug\psp\psp.a(psp_tius.o)
                              C:\Freescale\Freescale_MQX_4_2\lib\frdmk64f.kds\debug\psp\psp.a(time.o) (_psp_ticks_to_microseconds)
C:\Freescale\Freescale_MQX_4_2\lib\frdmk64f.kds\debug\psp\psp.a(psp_tisu.o)
[...]
Memory Configuration

Name             Origin             Length             Attributes
vectorrom        0x00000000         0x00000400         xr
cfmprotrom       0x00000400         0x00000020         r
rom              0x00000420         0x000ffbe0         xr
ram              0x1fff0000         0x00040000         rw
end_of_kd        0x2002fff0         0x00000000         rw
bstack           0x2002fa00         0x00000200         rw
end_bstack       0x2002fc00         0x00000000         rw
*default*        0x00000000         0xffffffff

Linker script and memory map

START GROUP
LOAD sources\vscp_firmware.o
LOAD sources\tx_task.o
LOAD sources\temperature.o
LOAD sources\spi_task.o
LOAD sources\spi_eeprom.o
LOAD sources\rx_task.o
LOAD sources\old_main.o
LOAD sources\main_vscp_task.o
LOAD sources\gpio.o
LOAD sources\flexcan.o
LOAD sources\external_vscp_func.o
LOAD C:\Freescale\Freescale_MQX_4_2\lib\frdmk64f.kds\debug\psp\psp.a
LOAD C:\Freescale\Freescale_MQX_4_2\lib\frdmk64f.kds\debug\bsp\bsp.a
LOAD C:\Freescale\Freescale_MQX_4_2\lib\frdmk64f.kds\debug\mfs\mfs.a
LOAD C:\Freescale\Freescale_MQX_4_2\lib\frdmk64f.kds\debug\rtcs\rtcs.a
LOAD C:\Freescale\Freescale_MQX_4_2\lib\frdmk64f.kds\debug\shell\shell.a
LOAD C:\Freescale\KDS_3.0.0\toolchain\lib\gcc\arm-none-eabi\4.8.4\armv7e-m\fpu\libgcc.a
LOAD C:\Freescale\KDS_3.0.0\toolchain\arm-none-eabi\lib\armv7e-m\fpu\libc.a
LOAD C:\Freescale\KDS_3.0.0\toolchain\arm-none-eabi\lib\armv7e-m\fpu\libsupc++.a
LOAD C:\Freescale\KDS_3.0.0\toolchain\arm-none-eabi\lib\armv7e-m\fpu\libm.a
LOAD C:\Freescale\KDS_3.0.0\toolchain\arm-none-eabi\lib\armv7e-m\fpu\libnosys.a
END GROUP
                0x1fff0000                __INTERNAL_SRAM_BASE = 0x1fff0000
                0x00040000                __INTERNAL_SRAM_SIZE = 0x40000
                0x2000fff0                __SRAM_POOL = 0x2000fff0
                0x00000000                __INTERNAL_FLASH_BASE = 0x0
                0x00100000                __INTERNAL_FLASH_SIZE = 0x100000
                0x00000000                __INTERNAL_FLEXNVM_BASE = 0x0
                0x00000000                __INTERNAL_FLEXNVM_SIZE = 0x0
                0x60000000                __EXTERNAL_LCD_BASE = 0x60000000
                0x0001ffff                __EXTERNAL_LCD_SIZE = 0x1ffff
                0x60010000                __EXTERNAL_LCD_DC_BASE = 0x60010000
                0x00000001                __DEFAULT_PROCESSOR_NUMBER = 0x1
                0x00000400                __DEFAULT_INTERRUPT_STACK_SIZE = 0x400
                0x00000000                __KERNEL_DATA_VERIFY_ENABLE = 0x0
                0x00001000                __FLASHX_SECT_SIZE = 0x1000

.vectors        0x00000000      0x400
                0x00000000                __vector_table = .
                0x00000000                __VECTOR_TABLE_ROM_START = __vector_table
 *(.vectors_rom)
 .vectors_rom   0x00000000      0x400 C:\Freescale\Freescale_MQX_4_2\lib\frdmk64f.kds\debug\bsp\bsp.a(vectors.o)
                0x00000400                . = ALIGN (0x4)

.cfmprotect     0x00000400       0x10
 *(.cfmconfig)
 .cfmconfig     0x00000400       0x10 C:\Freescale\Freescale_MQX_4_2\lib\frdmk64f.kds\debug\bsp\bsp.a(vectors.o)
                0x00000400                _cfm
                0x00000410                . = ALIGN (0x4)

.text           0x00000420    0x1b570
 *(KERNEL)
 KERNEL         0x00000420      0x36c C:\Freescale\Freescale_MQX_4_2\lib\frdmk64f.kds\debug\psp\psp.a(dispatch.o)
                0x00000420                _sched_start_internal
                0x00000424                _sched_run_internal
                0x0000042a                _sched_check_scheduler_internal
                0x00000448                _sched_execute_scheduler_internal
                0x0000044c                _mqx_api_call
                0x00000450                _task_block
                0x00000454                _svc_handler
                0x000004ee                _pend_svc
                0x000005da                _int_kernel_isr
                0x000006b0                _psp_exception_return
                0x000006ec                _psp_save_fp_context_internal
                0x00000720                _mem_test_and_set
                0x0000073e                __get_PSP
                0x00000744                __get_MSP
                0x0000074a                __set_MSP
                0x00000750                __get_PSR
                0x00000756                __enable_interrupt
                0x0000075a                __disable_interrupt
                0x0000075e                __get_LR
                0x00000762                __get_PC
                0x00000766                __get_CONTROL
 *(.text*)
 .text.vscp_init
                0x0000078c       0xe0 sources\vscp_firmware.o
                0x0000078c                vscp_init
 .text.vscp_check_pstorage
                0x0000086c       0x30 sources\vscp_firmware.o
                0x0000086c                vscp_check_pstorage
 .text.vscp_getEvent
                0x0000089c       0x68 sources\vscp_firmware.o
                0x0000089c                vscp_getEvent
 .text.Tx_Task  0x00000904       0xb0 sources\tx_task.o
                0x00000904                Tx_Task
 .text.Spi_Task
                0x000009b4      0x27c sources\spi_task.o
                0x000009b4                Spi_Task
 .text.writeEEPROM
                0x00000c30       0x58 sources\spi_eeprom.o
                0x00000c30                writeEEPROM
 .text.readEEPROM
                0x00000c88       0x7c sources\spi_eeprom.o
                0x00000c88                readEEPROM
 .text.eeprom_set_write_latch
                0x00000d04       0x48 sources\spi_eeprom.o
 .text.Rx_Task  0x00000d4c       0x64 sources\rx_task.o
                0x00000d4c                Rx_Task
 .text.MY_FLEXCAN_ISR
                0x00000db0       0x5c sources\main_vscp_task.o
                0x00000db0                MY_FLEXCAN_ISR
 .text.hwtimer1_callback
                0x00000e0c       0xbc sources\main_vscp_task.o
 .text.vscp_timer_init
                0x00000ec8       0xc0 sources\main_vscp_task.o
 .text.Main_Task
                0x00000f88       0xec sources\main_vscp_task.o
                0x00000f88                Main_Task
 .text.GPIO_init
                0x00001074       0x7c sources\gpio.o
                0x00001074                GPIO_init
 .text.FLEXCAN_Init
                0x000010f0      0x17c sources\flexcan.o
                0x000010f0                FLEXCAN_Init
 .text.FLEXCAN_Rx_Init
                0x0000126c       0x9c sources\flexcan.o
                0x0000126c                FLEXCAN_Rx_Init
 .text.FLEXCAN_Tx_Init
                0x00001308       0x9c sources\flexcan.o
                0x00001308                FLEXCAN_Tx_Init
 .text.getVSCPFrame
                0x000013a4       0x64 sources\external_vscp_func.o
                0x000013a4                getVSCPFrame
 .text.getCANFrame
                0x00001408       0xe8 sources\external_vscp_func.o
                0x00001408                getCANFrame
 .text.vscp_readNicknamePermanent
                0x000014f0       0x10 sources\external_vscp_func.o
                0x000014f0                vscp_readNicknamePermanent
 .text.vscp_writeNicknamePermanent
                0x00001500       0x14 sources\external_vscp_func.o
                0x00001500                vscp_writeNicknamePermanent
 .text.vscp_getSegmentCRC
                0x00001514       0x10 sources\external_vscp_func.o
                0x00001514                vscp_getSegmentCRC
 .text.vscp_setSegmentCRC
                0x00001524       0x14 sources\external_vscp_func.o
                0x00001524                vscp_setSegmentCRC
 .text.vscp_setControlByte
                0x00001538       0x14 sources\external_vscp_func.o
                0x00001538                vscp_setControlByte
 .text.init_app_ram
                0x0000154c       0x6c sources\external_vscp_func.o
                0x0000154c                init_app_ram
 .text._time_delay
                0x000015b8       0xfc C:\Freescale\Freescale_MQX_4_2\lib\frdmk64f.kds\debug\psp\psp.a(time.o)
                0x000015b8                _time_delay
 .text._time_delay_for
                0x000016b4       0xd8 C:\Freescale\Freescale_MQX_4_2\lib\frdmk64f.kds\debug\psp\psp.a(time.o)
                0x000016b4                _time_delay_for
 .text._time_delay_internal
                0x0000178c       0xbc C:\Freescale\Freescale_MQX_4_2\lib\frdmk64f.kds\debug\psp\psp.a(time.o)
                0x0000178c                _time_delay_internal
 .text._time_delay_until
                0x00001848       0xd4 C:\Freescale\Freescale_MQX_4_2\lib\frdmk64f.kds\debug\psp\psp.a(time.o)
                0x00001848                _time_delay_until
 .text._time_diff_ticks
                0x0000191c       0x38 C:\Freescale\Freescale_MQX_4_2\lib\frdmk64f.kds\debug\psp\psp.a(time.o)
                0x0000191c                _time_diff_ticks
 .text._time_diff_milliseconds
                0x00001954       0x30 C:\Freescale\Freescale_MQX_4_2\lib\frdmk64f.kds\debug\psp\psp.a(time.o)
                0x00001954                _time_diff_milliseconds
 .text._time_get_hwticks
                0x00001984       0x38 C:\Freescale\Freescale_MQX_4_2\lib\frdmk64f.kds\debug\psp\psp.a(time.o)
                0x00001984                _time_get_hwticks
 .text._time_get_ticks
                0x000019bc       0x58 C:\Freescale\Freescale_MQX_4_2\lib\frdmk64f.kds\debug\psp\psp.a(time.o)
                0x000019bc                _time_get_ticks
 .text._time_notify_kernel
                0x00001a14      0x1b8 C:\Freescale\Freescale_MQX_4_2\lib\frdmk64f.kds\debug\psp\psp.a(time.o)
                0x00001a14                _time_notify_kernel
 .text._time_set_ticks_per_sec
                0x00001bcc       0x20 C:\Freescale\Freescale_MQX_4_2\lib\frdmk64f.kds\debug\psp\psp.a(time.o)
                0x00001bcc                _time_set_ticks_per_sec
 .text._time_set_hwtick_function
                0x00001bec       0x28 C:\Freescale\Freescale_MQX_4_2\lib\frdmk64f.kds\debug\psp\psp.a(time.o)
                0x00001bec                _time_set_hwtick_function
 .text._time_set_hwticks_per_tick
                0x00001c14       0x20 C:\Freescale\Freescale_MQX_4_2\lib\frdmk64f.kds\debug\psp\psp.a(time.o)
                0x00001c14                _time_set_hwticks_per_tick
 .text._task_create_internal
                0x00001c34      0x150 C:\Freescale\Freescale_MQX_4_2\lib\frdmk64f.kds\debug\psp\psp.a(task.o)
                0x00001c34                _task_create_internal
 .text._task_create
                0x00001d84       0x28 C:\Freescale\Freescale_MQX_4_2\lib\frdmk64f.kds\debug\psp\psp.a(task.o)
                0x00001d84                _task_create
 .text._task_destroy_internal
                0x00001dac      0x454 C:\Freescale\Freescale_MQX_4_2\lib\frdmk64f.kds\debug\psp\psp.a(task.o)
                0x00001dac                _task_destroy_internal
 .text._task_destroy
                0x00002200       0x1c C:\Freescale\Freescale_MQX_4_2\lib\frdmk64f.kds\debug\psp\psp.a(task.o)
                0x00002200                _task_destroy
 .text._task_get_id_from_name
                0x0000221c       0x8c C:\Freescale\Freescale_MQX_4_2\lib\frdmk64f.kds\debug\psp\psp.a(task.o)
                0x0000221c                _task_get_id_from_name
 .text._task_stop_preemption
                0x000022a8       0x6c C:\Freescale\Freescale_MQX_4_2\lib\frdmk64f.kds\debug\psp\psp.a(task.o)
                0x000022a8                _task_stop_preemption
 .text._task_get_error
                0x00002314       0x24 C:\Freescale\Freescale_MQX_4_2\lib\frdmk64f.kds\debug\psp\psp.a(task.o)
                0x00002314                _task_get_error
 .text._task_get_td
                0x00002338       0x7c C:\Freescale\Freescale_MQX_4_2\lib\frdmk64f.kds\debug\psp\psp.a(task.o)
                0x00002338                _task_get_td
 .text._task_set_error
                0x000023b4       0x88 C:\Freescale\Freescale_MQX_4_2\lib\frdmk64f.kds\debug\psp\psp.a(task.o)
                0x000023b4                _task_set_error
 .text._task_build_internal
                0x0000243c       0xb8 C:\Freescale\Freescale_MQX_4_2\lib\frdmk64f.kds\debug\psp\psp.a(task.o)
                0x0000243c                _task_build_internal
 .text._task_exit_function_internal
                0x000024f4       0x5c C:\Freescale\Freescale_MQX_4_2\lib\frdmk64f.kds\debug\psp\psp.a(task.o)
                0x000024f4                _task_exit_function_internal
 .text._task_init_internal
                0x00002550      0x26c C:\Freescale\Freescale_MQX_4_2\lib\frdmk64f.kds\debug\psp\psp.a(task.o)
                0x00002550                _task_init_internal
 .text._task_fill_stack_internal
                0x000027bc       0x38 C:\Freescale\Freescale_MQX_4_2\lib\frdmk64f.kds\debug\psp\psp.a(task.o)
                0x000027bc                _task_fill_stack_internal
 .text._task_ready_internal
                0x000027f4       0xa0 C:\Freescale\Freescale_MQX_4_2\lib\frdmk64f.kds\debug\psp\psp.a(task.o)
                0x000027f4                _task_ready_internal
 .text._task_alloc_td_internal
                0x00002894      0x13c C:\Freescale\Freescale_MQX_4_2\lib\frdmk64f.kds\debug\psp\psp.a(task.o)
                0x00002894                _task_alloc_td_internal
 .text._task_set_error_td_internal
                0x000029d0       0x7c C:\Freescale\Freescale_MQX_4_2\lib\frdmk64f.kds\debug\psp\psp.a(task.o)
                0x000029d0                _task_set_error_td_internal
 .text._sched_yield
                0x00002a4c       0x8c C:\Freescale\Freescale_MQX_4_2\lib\frdmk64f.kds\debug\psp\psp.a(sched.o)
                0x00002a4c                _sched_yield
 .text._queue_init
                0x00002ad8       0x30 C:\Freescale\Freescale_MQX_4_2\lib\frdmk64f.kds\debug\psp\psp.a(queue.o)
                0x00002ad8                _queue_init
 .text._queue_enqueue
                0x00002b08       0x68 C:\Freescale\Freescale_MQX_4_2\lib\frdmk64f.kds\debug\psp\psp.a(queue.o)
                0x00002b08                _queue_enqueue
 .text._queue_dequeue
                0x00002b70       0x54 C:\Freescale\Freescale_MQX_4_2\lib\frdmk64f.kds\debug\psp\psp.a(queue.o)
                0x00002b70                _queue_dequeue
 .text._queue_insert
                0x00002bc4       0x70 C:\Freescale\Freescale_MQX_4_2\lib\frdmk64f.kds\debug\psp\psp.a(queue.o)
                0x00002bc4                _queue_insert
 .text._mqx     0x00002c34      0x228 C:\Freescale\Freescale_MQX_4_2\lib\frdmk64f.kds\debug\psp\psp.a(mqx.o)
                0x00002c34                _mqx
 .text._mqx_exit
                0x00002e5c       0x40 C:\Freescale\Freescale_MQX_4_2\lib\frdmk64f.kds\debug\psp\psp.a(mqx.o)
                0x00002e5c                _mqx_exit
 .text._mqx_context_switch_internal
                0x00002e9c       0xc0 C:\Freescale\Freescale_MQX_4_2\lib\frdmk64f.kds\debug\psp\psp.a(mqx.o)
                0x00002e9c                _mqx_context_switch_internal
 .text._mqx_set_cpu_type
                0x00002f5c       0x24 C:\Freescale\Freescale_MQX_4_2\lib\frdmk64f.kds\debug\psp\psp.a(mqx.o)
                0x00002f5c                _mqx_set_cpu_type
 .text._mqx_init_kernel_data_internal
                0x00002f80      0x184 C:\Freescale\Freescale_MQX_4_2\lib\frdmk64f.kds\debug\psp\psp.a(mqx.o)
                0x00002f80                _mqx_init_kernel_data_internal
 .text._lwsem_create_internal
                0x00003104       0xf8 C:\Freescale\Freescale_MQX_4_2\lib\frdmk64f.kds\debug\psp\psp.a(lwsem.o)
                0x00003104                _lwsem_create_internal
 .text._lwsem_create
                0x000031fc       0x20 C:\Freescale\Freescale_MQX_4_2\lib\frdmk64f.kds\debug\psp\psp.a(lwsem.o)
                0x000031fc                _lwsem_create
 .text._lwsem_destroy_internal
                0x0000321c      0x168 C:\Freescale\Freescale_MQX_4_2\lib\frdmk64f.kds\debug\psp\psp.a(lwsem.o)
                0x0000321c                _lwsem_destroy_internal
 .text._lwsem_destroy
                0x00003384       0x1c C:\Freescale\Freescale_MQX_4_2\lib\frdmk64f.kds\debug\psp\psp.a(lwsem.o)
                0x00003384                _lwsem_destroy
 .text._lwsem_poll
                0x000033a0       0xbc C:\Freescale\Freescale_MQX_4_2\lib\frdmk64f.kds\debug\psp\psp.a(lwsem.o)
                0x000033a0                _lwsem_poll
 .text._lwsem_post
                0x0000345c      0x128 C:\Freescale\Freescale_MQX_4_2\lib\frdmk64f.kds\debug\psp\psp.a(lwsem.o)
                0x0000345c                _lwsem_post
 .text._lwsem_wait
                0x00003584      0x154 C:\Freescale\Freescale_MQX_4_2\lib\frdmk64f.kds\debug\psp\psp.a(lwsem.o)
                0x00003584                _lwsem_wait
 .text._lwmem_alloc_internal
                0x000036d8      0x194 C:\Freescale\Freescale_MQX_4_2\lib\frdmk64f.kds\debug\psp\psp.a(lwmem.o)
                0x000036d8                _lwmem_alloc_internal
 .text._lwmem_alloc_at_internal
                0x0000386c      0x1b0 C:\Freescale\Freescale_MQX_4_2\lib\frdmk64f.kds\debug\psp\psp.a(lwmem.o)
                0x0000386c                _lwmem_alloc_at_internal
 .text._lwmem_alloc_align_internal
                0x00003a1c      0x220 C:\Freescale\Freescale_MQX_4_2\lib\frdmk64f.kds\debug\psp\psp.a(lwmem.o)
                0x00003a1c                _lwmem_alloc_align_internal
 .text._lwmem_alloc
                0x00003c3c       0x7c C:\Freescale\Freescale_MQX_4_2\lib\frdmk64f.kds\debug\psp\psp.a(lwmem.o)
                0x00003c3c                _lwmem_alloc
 .text._lwmem_alloc_at
                0x00003cb8       0x7c C:\Freescale\Freescale_MQX_4_2\lib\frdmk64f.kds\debug\psp\psp.a(lwmem.o)
                0x00003cb8                _lwmem_alloc_at
 .text._lwmem_get_system_pool_id
                0x00003d34       0x18 C:\Freescale\Freescale_MQX_4_2\lib\frdmk64f.kds\debug\psp\psp.a(lwmem.o)
                0x00003d34                _lwmem_get_system_pool_id
 .text._lwmem_alloc_zero
                0x00003d4c       0x7c C:\Freescale\Freescale_MQX_4_2\lib\frdmk64f.kds\debug\psp\psp.a(lwmem.o)
                0x00003d4c                _lwmem_alloc_zero
 .text._lwmem_create_pool
                0x00003dc8      0x100 C:\Freescale\Freescale_MQX_4_2\lib\frdmk64f.kds\debug\psp\psp.a(lwmem.o)
                0x00003dc8                _lwmem_create_pool
 .text._lwmem_create_pool_mapped
                0x00003ec8       0x3c C:\Freescale\Freescale_MQX_4_2\lib\frdmk64f.kds\debug\psp\psp.a(lwmem.o)
                0x00003ec8                _lwmem_create_pool_mapped
 .text._lwmem_free
                0x00003f04      0x254 C:\Freescale\Freescale_MQX_4_2\lib\frdmk64f.kds\debug\psp\psp.a(lwmem.o)
                0x00003f04                _lwmem_free
 .text._lwmem_alloc_system
                0x00004158       0x7c C:\Freescale\Freescale_MQX_4_2\lib\frdmk64f.kds\debug\psp\psp.a(lwmem.o)
                0x00004158                _lwmem_alloc_system
 .text._lwmem_alloc_system_align
                0x000041d4       0x80 C:\Freescale\Freescale_MQX_4_2\lib\frdmk64f.kds\debug\psp\psp.a(lwmem.o)
                0x000041d4                _lwmem_alloc_system_align
 .text._lwmem_init_internal
                0x00004254       0x4c C:\Freescale\Freescale_MQX_4_2\lib\frdmk64f.kds\debug\psp\psp.a(lwmem.o)
                0x00004254                _lwmem_init_internal
 .text._lwmem_get_next_block_internal
                0x000042a0       0xc0 C:\Freescale\Freescale_MQX_4_2\lib\frdmk64f.kds\debug\psp\psp.a(lwmem.o)
                0x000042a0                _lwmem_get_next_block_internal
 .text._lwmem_set_type
                0x00004360       0x30 C:\Freescale\Freescale_MQX_4_2\lib\frdmk64f.kds\debug\psp\psp.a(lwmem.o)
                0x00004360                _lwmem_set_type
 .text._lwmem_transfer_internal
                0x00004390       0x24 C:\Freescale\Freescale_MQX_4_2\lib\frdmk64f.kds\debug\psp\psp.a(lwmem.o)
                0x00004390                _lwmem_transfer_internal
 .text._lwmem_transfer_td_internal
                0x000043b4       0x2c C:\Freescale\Freescale_MQX_4_2\lib\frdmk64f.kds\debug\psp\psp.a(lwmem.o)
                0x000043b4                _lwmem_transfer_td_internal
 .text._lwmem_alloc_system_zero
                0x000043e0       0x7c C:\Freescale\Freescale_MQX_4_2\lib\frdmk64f.kds\debug\psp\psp.a(lwmem.o)
                0x000043e0                _lwmem_alloc_system_zero
 .text._lwevent_create_internal
                0x0000445c      0x128 C:\Freescale\Freescale_MQX_4_2\lib\frdmk64f.kds\debug\psp\psp.a(lwevent.o)
                0x0000445c                _lwevent_create_internal
 .text._lwevent_create
                0x00004584       0x20 C:\Freescale\Freescale_MQX_4_2\lib\frdmk64f.kds\debug\psp\psp.a(lwevent.o)
                0x00004584                _lwevent_create
 .text._lwevent_destroy_internal
                0x000045a4      0x174 C:\Freescale\Freescale_MQX_4_2\lib\frdmk64f.kds\debug\psp\psp.a(lwevent.o)
                0x000045a4                _lwevent_destroy_internal
 .text._lwevent_destroy
                0x00004718       0x1c C:\Freescale\Freescale_MQX_4_2\lib\frdmk64f.kds\debug\psp\psp.a(lwevent.o)
                0x00004718                _lwevent_destroy
 .text._lwevent_clear
                0x00004734       0xb4 C:\Freescale\Freescale_MQX_4_2\lib\frdmk64f.kds\debug\psp\psp.a(lwevent.o)
                0x00004734                _lwevent_clear
 .text._lwevent_get_signalled
                0x000047e8       0x68 C:\Freescale\Freescale_MQX_4_2\lib\frdmk64f.kds\debug\psp\psp.a(lwevent.o)
                0x000047e8                _lwevent_get_signalled
 .text._lwevent_set
                0x00004850      0x1c4 C:\Freescale\Freescale_MQX_4_2\lib\frdmk64f.kds\debug\psp\psp.a(lwevent.o)
                0x00004850                _lwevent_set
 .text._lwevent_wait_internal
                0x00004a14      0x158 C:\Freescale\Freescale_MQX_4_2\lib\frdmk64f.kds\debug\psp\psp.a(lwevent.o)
                0x00004a14                _lwevent_wait_internal
 .text._lwevent_wait_ticks
                0x00004b6c       0xc8 C:\Freescale\Freescale_MQX_4_2\lib\frdmk64f.kds\debug\psp\psp.a(lwevent.o)
                0x00004b6c                _lwevent_wait_ticks
 .text._klog_log
                0x00004c34       0xa8 C:\Freescale\Freescale_MQX_4_2\lib\frdmk64f.kds\debug\psp\psp.a(klog.o)
                0x00004c34                _klog_log
 .text._klog_block_internal
                0x00004cdc       0x80 C:\Freescale\Freescale_MQX_4_2\lib\frdmk64f.kds\debug\psp\psp.a(klog.o)
                0x00004cdc                _klog_block_internal
 .text._klog_yield_internal
                0x00004d5c       0x80 C:\Freescale\Freescale_MQX_4_2\lib\frdmk64f.kds\debug\psp\psp.a(klog.o)
                0x00004d5c                _klog_yield_internal
 .text._klog_context_switch_internal
                0x00004ddc       0x84 C:\Freescale\Freescale_MQX_4_2\lib\frdmk64f.kds\debug\psp\psp.a(klog.o)
                0x00004ddc                _klog_context_switch_internal
 .text._klog_isr_start_internal
                0x00004e60       0x74 C:\Freescale\Freescale_MQX_4_2\lib\frdmk64f.kds\debug\psp\psp.a(klog.o)
                0x00004e60                _klog_isr_start_internal
 .text._klog_isr_end_internal
                0x00004ed4       0x64 C:\Freescale\Freescale_MQX_4_2\lib\frdmk64f.kds\debug\psp\psp.a(klog.o)
                0x00004ed4                _klog_isr_end_internal
 .text._int_default_isr
                0x00004f38       0x80 C:\Freescale\Freescale_MQX_4_2\lib\frdmk64f.kds\debug\psp\psp.a(int.o)
                0x00004f38                _int_default_isr
 .text._int_disable
                0x00004fb8       0x38 C:\Freescale\Freescale_MQX_4_2\lib\frdmk64f.kds\debug\psp\psp.a(int.o)
                0x00004fb8                _int_disable
 .text._int_enable
                0x00004ff0       0x50 C:\Freescale\Freescale_MQX_4_2\lib\frdmk64f.kds\debug\psp\psp.a(int.o)
                0x00004ff0                _int_enable
 .text._int_get_default_isr
                0x00005040       0x20 C:\Freescale\Freescale_MQX_4_2\lib\frdmk64f.kds\debug\psp\psp.a(int.o)
                0x00005040                _int_get_default_isr
 .text._int_get_isr
                0x00005060       0x94 C:\Freescale\Freescale_MQX_4_2\lib\frdmk64f.kds\debug\psp\psp.a(int.o)
                0x00005060                _int_get_isr
 .text._int_get_isr_data
                0x000050f4       0x90 C:\Freescale\Freescale_MQX_4_2\lib\frdmk64f.kds\debug\psp\psp.a(int.o)
                0x000050f4                _int_get_isr_data
 .text._int_install_default_isr
                0x00005184       0x70 C:\Freescale\Freescale_MQX_4_2\lib\frdmk64f.kds\debug\psp\psp.a(int.o)
                0x00005184                _int_install_default_isr
 .text._int_install_isr
                0x000051f4      0x18c C:\Freescale\Freescale_MQX_4_2\lib\frdmk64f.kds\debug\psp\psp.a(int.o)
                0x000051f4                _int_install_isr
 .text._int_install_unexpected_isr
                0x00005380       0x34 C:\Freescale\Freescale_MQX_4_2\lib\frdmk64f.kds\debug\psp\psp.a(int.o)
                0x00005380                _int_install_unexpected_isr
 .text._int_init
                0x000053b4       0xa8 C:\Freescale\Freescale_MQX_4_2\lib\frdmk64f.kds\debug\psp\psp.a(int.o)
                0x000053b4                _int_init
 .text._bsp_post_init
                0x0000545c       0x10 C:\Freescale\Freescale_MQX_4_2\lib\frdmk64f.kds\debug\psp\psp.a(inittask.o)
                0x0000545c                _bsp_post_init
 .text._mqx_init_task
                0x0000546c       0x94 C:\Freescale\Freescale_MQX_4_2\lib\frdmk64f.kds\debug\psp\psp.a(inittask.o)
                0x0000546c                _mqx_init_task
 .text._mqx_idle_task
                0x00005500       0x60 C:\Freescale\Freescale_MQX_4_2\lib\frdmk64f.kds\debug\psp\psp.a(idletask.o)
                0x00005500                _mqx_idle_task
 .text._io_write
                0x00005560       0x48 C:\Freescale\Freescale_MQX_4_2\lib\frdmk64f.kds\debug\psp\psp.a(io_write.o)
                0x00005560                _io_write
 .text._io_read
                0x000055a8       0xbc C:\Freescale\Freescale_MQX_4_2\lib\frdmk64f.kds\debug\psp\psp.a(io_read.o)
                0x000055a8                _io_read
 .text._io_printf
                0x00005664       0x40 C:\Freescale\Freescale_MQX_4_2\lib\frdmk64f.kds\debug\psp\psp.a(io_pntf.o)
                0x00005664                _io_printf
 .text._io_ioctl
                0x000056a4       0x74 C:\Freescale\Freescale_MQX_4_2\lib\frdmk64f.kds\debug\psp\psp.a(io_ioctl.o)
                0x000056a4                _io_ioctl
 .text._io_fputc
                0x00005718       0x5c C:\Freescale\Freescale_MQX_4_2\lib\frdmk64f.kds\debug\psp\psp.a(io_fputc.o)
                0x00005718                _io_fputc
 .text._io_fopen
                0x00005774       0xf4 C:\Freescale\Freescale_MQX_4_2\lib\frdmk64f.kds\debug\psp\psp.a(io_fopen.o)
                0x00005774                _io_fopen
 .text._io_fflush
                0x00005868       0x5c C:\Freescale\Freescale_MQX_4_2\lib\frdmk64f.kds\debug\psp\psp.a(io_fflsh.o)
                0x00005868                _io_fflush
 .text._io_mputc
                0x000058c4       0x5c C:\Freescale\Freescale_MQX_4_2\lib\frdmk64f.kds\debug\psp\psp.a(io_dopr.o)
 .text._io_putstr
                0x00005920       0x7c C:\Freescale\Freescale_MQX_4_2\lib\frdmk64f.kds\debug\psp\psp.a(io_dopr.o)
 *fill*         0x0000599c        0x4 
 .text._io_doprint
                0x000059a0     0x14f0 C:\Freescale\Freescale_MQX_4_2\lib\frdmk64f.kds\debug\psp\psp.a(io_dopr.o)
                0x000059a0                _io_doprint
 .text._io_doprint_prt
                0x00006e90      0x128 C:\Freescale\Freescale_MQX_4_2\lib\frdmk64f.kds\debug\psp\psp.a(io_dopr.o)
                0x00006e90                _io_doprint_prt
 .text._io_doprint_prt64
                0x00006fb8      0x16c C:\Freescale\Freescale_MQX_4_2\lib\frdmk64f.kds\debug\psp\psp.a(io_dopr.o)
                0x00006fb8                _io_doprint_prt64
 .text._psp_destroy_stack_frame
                0x00007124       0x14 C:\Freescale\Freescale_MQX_4_2\lib\frdmk64f.kds\debug\psp\psp.a(stack_de.o)
                0x00007124                _psp_destroy_stack_frame
 .text._psp_build_stack_frame
                0x00007138       0xa8 C:\Freescale\Freescale_MQX_4_2\lib\frdmk64f.kds\debug\psp\psp.a(stack_bu.o)
                0x00007138                _psp_build_stack_frame
 .text._psp_build_float_context
                0x000071e0       0x5c C:\Freescale\Freescale_MQX_4_2\lib\frdmk64f.kds\debug\psp\psp.a(stack_bu.o)
                0x000071e0                _psp_build_float_context
 .text._psp_set_kernel_disable_level
                0x0000723c       0xa8 C:\Freescale\Freescale_MQX_4_2\lib\frdmk64f.kds\debug\psp\psp.a(sc_irdyq.o)
                0x0000723c                _psp_set_kernel_disable_level
 .text._psp_init_readyqs
                0x000072e4       0xbc C:\Freescale\Freescale_MQX_4_2\lib\frdmk64f.kds\debug\psp\psp.a(sc_irdyq.o)
                0x000072e4                _psp_init_readyqs
 .text._psp_subtract_ticks
                0x000073a0       0x60 C:\Freescale\Freescale_MQX_4_2\lib\frdmk64f.kds\debug\psp\psp.a(psp_tisu.o)
                0x000073a0                _psp_subtract_ticks
 .text._psp_normalize_ticks
                0x00007400       0x58 C:\Freescale\Freescale_MQX_4_2\lib\frdmk64f.kds\debug\psp\psp.a(psp_tinm.o)
                0x00007400                _psp_normalize_ticks
 .text.__psp_ticks_to_milliseconds
                0x00007458       0xf4 C:\Freescale\Freescale_MQX_4_2\lib\frdmk64f.kds\debug\psp\psp.a(psp_tims.o)
 .text._psp_ticks_to_milliseconds
                0x0000754c       0x20 C:\Freescale\Freescale_MQX_4_2\lib\frdmk64f.kds\debug\psp\psp.a(psp_tims.o)
                0x0000754c                _psp_ticks_to_milliseconds
 .text._psp_add_ticks
                0x0000756c       0x68 C:\Freescale\Freescale_MQX_4_2\lib\frdmk64f.kds\debug\psp\psp.a(psp_tiad.o)
                0x0000756c                _psp_add_ticks
 .text._psp_msecs_to_ticks_quick
                0x000075d4       0xc8 C:\Freescale\Freescale_MQX_4_2\lib\frdmk64f.kds\debug\psp\psp.a(psp_mstiq.o)
                0x000075d4                _psp_msecs_to_ticks_quick
 .text._psp_add_element_to_array
                0x0000769c       0x64 C:\Freescale\Freescale_MQX_4_2\lib\frdmk64f.kds\debug\psp\psp.a(psp_mat3.o)
                0x0000769c                _psp_add_element_to_array
 .text._psp_div_128_by_32
                0x00007700      0x134 C:\Freescale\Freescale_MQX_4_2\lib\frdmk64f.kds\debug\psp\psp.a(psp_mat2.o)
                0x00007700                _psp_div_128_by_32
 .text._psp_mul_128_by_32
                0x00007834      0x180 C:\Freescale\Freescale_MQX_4_2\lib\frdmk64f.kds\debug\psp\psp.a(psp_mat1.o)
                0x00007834                _psp_mul_128_by_32
 .text._mqx_assert
                0x000079b4       0x14 C:\Freescale\Freescale_MQX_4_2\lib\frdmk64f.kds\debug\psp\psp.a(k_assert.o)
                0x000079b4                _mqx_assert
 .text._int_unexpected_isr
                0x000079c8       0x54 C:\Freescale\Freescale_MQX_4_2\lib\frdmk64f.kds\debug\psp\psp.a(int_unx.o)
                0x000079c8                _int_unexpected_isr
 .text          0x00007a1c       0x60 C:\Freescale\Freescale_MQX_4_2\lib\frdmk64f.kds\debug\psp\psp.a(boot.o)
                0x00007a1c                __boot
 .text._lwlog_write_internal
                0x00007a7c      0x140 C:\Freescale\Freescale_MQX_4_2\lib\frdmk64f.kds\debug\psp\psp.a(lwlog.o)
                0x00007a7c                _lwlog_write_internal
 .text._lwlog_write
                0x00007bbc       0x64 C:\Freescale\Freescale_MQX_4_2\lib\frdmk64f.kds\debug\psp\psp.a(lwlog.o)
                0x00007bbc                _lwlog_write
 .text._io_get_handle
                0x00007c20       0x68 C:\Freescale\Freescale_MQX_4_2\lib\frdmk64f.kds\debug\psp\psp.a(io_ghand.o)
                0x00007c20                _io_get_handle
 .text._io_fseek
                0x00007c88      0x1f0 C:\Freescale\Freescale_MQX_4_2\lib\frdmk64f.kds\debug\psp\psp.a(io_fseek.o)
                0x00007c88                _io_fseek
 .text._io_cvt  0x00007e78      0x3e0 C:\Freescale\Freescale_MQX_4_2\lib\frdmk64f.kds\debug\psp\psp.a(io_fp.o)
                0x00007e78                _io_cvt
 .text._io_inf_or_nan
                0x00008258       0xf0 C:\Freescale\Freescale_MQX_4_2\lib\frdmk64f.kds\debug\psp\psp.a(io_fp.o)
 .text._io_dtoa
                0x00008348       0x90 C:\Freescale\Freescale_MQX_4_2\lib\frdmk64f.kds\debug\psp\psp.a(io_fp.o)
                0x00008348                _io_dtoa
 .text._io_dtoe
                0x000083d8      0x1c8 C:\Freescale\Freescale_MQX_4_2\lib\frdmk64f.kds\debug\psp\psp.a(io_fp.o)
                0x000083d8                _io_dtoe
 .text._io_dtof
                0x000085a0      0x218 C:\Freescale\Freescale_MQX_4_2\lib\frdmk64f.kds\debug\psp\psp.a(io_fp.o)
                0x000085a0                _io_dtof
 .text._io_dtog
                0x000087b8      0x4a8 C:\Freescale\Freescale_MQX_4_2\lib\frdmk64f.kds\debug\psp\psp.a(io_fp.o)
                0x000087b8                _io_dtog
 .text._init    0x00008c60        0xc C:\Freescale\Freescale_MQX_4_2\lib\frdmk64f.kds\debug\psp\psp.a(comp.o)
                0x00008c60                _init
 .text._fini    0x00008c6c        0xc C:\Freescale\Freescale_MQX_4_2\lib\frdmk64f.kds\debug\psp\psp.a(comp.o)
                0x00008c6c                _fini
 .text.malloc   0x00008c78       0x18 C:\Freescale\Freescale_MQX_4_2\lib\frdmk64f.kds\debug\psp\psp.a(comp.o)
                0x00008c78                malloc
 .text.free     0x00008c90       0x14 C:\Freescale\Freescale_MQX_4_2\lib\frdmk64f.kds\debug\psp\psp.a(comp.o)
                0x00008c90                free
 .text.data_startup
                0x00008ca4       0xa0 C:\Freescale\Freescale_MQX_4_2\lib\frdmk64f.kds\debug\psp\psp.a(comp.o)
                0x00008ca4                data_startup
 .text.toolchain_startup
                0x00008d44       0x28 C:\Freescale\Freescale_MQX_4_2\lib\frdmk64f.kds\debug\psp\psp.a(comp.o)
                0x00008d44                toolchain_startup
 .text._exit    0x00008d6c        0xc C:\Freescale\Freescale_MQX_4_2\lib\frdmk64f.kds\debug\psp\psp.a(comp.o)
                0x00008d6c                _exit
 .text.lwgpio_init
                0x00008d78       0x84 C:\Freescale\Freescale_MQX_4_2\lib\frdmk64f.kds\debug\bsp\bsp.a(lwgpio_kgpio.o)
                0x00008d78                lwgpio_init
 .text.lwgpio_set_functionality
                0x00008dfc       0x3c C:\Freescale\Freescale_MQX_4_2\lib\frdmk64f.kds\debug\bsp\bsp.a(lwgpio_kgpio.o)
                0x00008dfc                lwgpio_set_functionality
 .text.lwgpio_set_direction
                0x00008e38       0x64 C:\Freescale\Freescale_MQX_4_2\lib\frdmk64f.kds\debug\bsp\bsp.a(lwgpio_kgpio.o)
                0x00008e38                lwgpio_set_direction
 .text.lwgpio_set_value
                0x00008e9c       0x38 C:\Freescale\Freescale_MQX_4_2\lib\frdmk64f.kds\debug\bsp\bsp.a(lwgpio_kgpio.o)
                0x00008e9c                lwgpio_set_value
 .text.lwgpio_toggle_value
                0x00008ed4       0x1c C:\Freescale\Freescale_MQX_4_2\lib\frdmk64f.kds\debug\bsp\bsp.a(lwgpio_kgpio.o)
                0x00008ed4                lwgpio_toggle_value
 .text.hwtimer_pit_isr_shared
                0x00008ef0       0xd4 C:\Freescale\Freescale_MQX_4_2\lib\frdmk64f.kds\debug\bsp\bsp.a(hwtimer_pit.o)
 .text.hwtimer_pit_isr
                0x00008fc4       0x8c C:\Freescale\Freescale_MQX_4_2\lib\frdmk64f.kds\debug\bsp\bsp.a(hwtimer_pit.o)
 .text.hwtimer_pit_init
                0x00009050      0x154 C:\Freescale\Freescale_MQX_4_2\lib\frdmk64f.kds\debug\bsp\bsp.a(hwtimer_pit.o)
 .text.hwtimer_pit_deinit
                0x000091a4      0x10c C:\Freescale\Freescale_MQX_4_2\lib\frdmk64f.kds\debug\bsp\bsp.a(hwtimer_pit.o)
 .text.hwtimer_pit_set_div
                0x000092b0       0x4c C:\Freescale\Freescale_MQX_4_2\lib\frdmk64f.kds\debug\bsp\bsp.a(hwtimer_pit.o)
 .text.hwtimer_pit_start
                0x000092fc       0x54 C:\Freescale\Freescale_MQX_4_2\lib\frdmk64f.kds\debug\bsp\bsp.a(hwtimer_pit.o)
 .text.hwtimer_pit_stop
                0x00009350       0x54 C:\Freescale\Freescale_MQX_4_2\lib\frdmk64f.kds\debug\bsp\bsp.a(hwtimer_pit.o)
 .text.hwtimer_pit_get_time
                0x000093a4       0x80 C:\Freescale\Freescale_MQX_4_2\lib\frdmk64f.kds\debug\bsp\bsp.a(hwtimer_pit.o)
 .text.pit_io_init
                0x00009424       0x40 C:\Freescale\Freescale_MQX_4_2\lib\frdmk64f.kds\debug\bsp\bsp.a(hwtimer_kinetis.o)
                0x00009424                pit_io_init
 .text.pit_get_vectors
                0x00009464       0x30 C:\Freescale\Freescale_MQX_4_2\lib\frdmk64f.kds\debug\bsp\bsp.a(hwtimer_kinetis.o)
                0x00009464                pit_get_vectors
 .text.pit_get_hwtimers_array
                0x00009494       0x1c C:\Freescale\Freescale_MQX_4_2\lib\frdmk64f.kds\debug\bsp\bsp.a(hwtimer_kinetis.o)
                0x00009494                pit_get_hwtimers_array
 .text.systick_get_vector
                0x000094b0       0x10 C:\Freescale\Freescale_MQX_4_2\lib\frdmk64f.kds\debug\bsp\bsp.a(hwtimer_kinetis.o)
                0x000094b0                systick_get_vector
 .text.hwtimer_init
                0x000094c0       0x80 C:\Freescale\Freescale_MQX_4_2\lib\frdmk64f.kds\debug\bsp\bsp.a(hwtimer.o)
                0x000094c0                hwtimer_init
 .text.hwtimer_deinit
                0x00009540       0x9c C:\Freescale\Freescale_MQX_4_2\lib\frdmk64f.kds\debug\bsp\bsp.a(hwtimer.o)
                0x00009540                hwtimer_deinit
 .text.hwtimer_set_freq
                0x000095dc       0x78 C:\Freescale\Freescale_MQX_4_2\lib\frdmk64f.kds\debug\bsp\bsp.a(hwtimer.o)
                0x000095dc                hwtimer_set_freq
 .text.hwtimer_set_period
                0x00009654       0xe0 C:\Freescale\Freescale_MQX_4_2\lib\frdmk64f.kds\debug\bsp\bsp.a(hwtimer.o)
                0x00009654                hwtimer_set_period
 .text.hwtimer_get_freq
                0x00009734       0x48 C:\Freescale\Freescale_MQX_4_2\lib\frdmk64f.kds\debug\bsp\bsp.a(hwtimer.o)
                0x00009734                hwtimer_get_freq
 .text.hwtimer_get_period
                0x0000977c       0x9c C:\Freescale\Freescale_MQX_4_2\lib\frdmk64f.kds\debug\bsp\bsp.a(hwtimer.o)
                0x0000977c                hwtimer_get_period
 .text.hwtimer_start
                0x00009818       0x3c C:\Freescale\Freescale_MQX_4_2\lib\frdmk64f.kds\debug\bsp\bsp.a(hwtimer.o)
                0x00009818                hwtimer_start
 .text.hwtimer_get_modulo
                0x00009854       0x24 C:\Freescale\Freescale_MQX_4_2\lib\frdmk64f.kds\debug\bsp\bsp.a(hwtimer.o)
                0x00009854                hwtimer_get_modulo
 .text.hwtimer_get_time
                0x00009878       0x48 C:\Freescale\Freescale_MQX_4_2\lib\frdmk64f.kds\debug\bsp\bsp.a(hwtimer.o)
                0x00009878                hwtimer_get_time
 .text.hwtimer_callback_reg
                0x000098c0       0x40 C:\Freescale\Freescale_MQX_4_2\lib\frdmk64f.kds\debug\bsp\bsp.a(hwtimer.o)
                0x000098c0                hwtimer_callback_reg
 .text.FLEXCAN_Int_enable
                0x00009900       0x88 C:\Freescale\Freescale_MQX_4_2\lib\frdmk64f.kds\debug\bsp\bsp.a(kflexcan_int.o)
                0x00009900                FLEXCAN_Int_enable
 .text.FLEXCAN_Error_int_enable
                0x00009988       0xa4 C:\Freescale\Freescale_MQX_4_2\lib\frdmk64f.kds\debug\bsp\bsp.a(kflexcan_int.o)
                0x00009988                FLEXCAN_Error_int_enable
 .text.FLEXCAN_Int_disable
                0x00009a2c       0x88 C:\Freescale\Freescale_MQX_4_2\lib\frdmk64f.kds\debug\bsp\bsp.a(kflexcan_int.o)
                0x00009a2c                FLEXCAN_Int_disable
 .text.FLEXCAN_Install_isr
                0x00009ab4       0x84 C:\Freescale\Freescale_MQX_4_2\lib\frdmk64f.kds\debug\bsp\bsp.a(kflexcan_int.o)
                0x00009ab4                FLEXCAN_Install_isr
 .text.FLEXCAN_Install_isr_err_int
                0x00009b38       0x74 C:\Freescale\Freescale_MQX_4_2\lib\frdmk64f.kds\debug\bsp\bsp.a(kflexcan_int.o)
                0x00009b38                FLEXCAN_Install_isr_err_int
 .text.FLEXCAN_Install_isr_boff_int
                0x00009bac       0x74 C:\Freescale\Freescale_MQX_4_2\lib\frdmk64f.kds\debug\bsp\bsp.a(kflexcan_int.o)
                0x00009bac                FLEXCAN_Install_isr_boff_int
 .text.FLEXCAN_Start
                0x00009c20       0x48 C:\Freescale\Freescale_MQX_4_2\lib\frdmk64f.kds\debug\bsp\bsp.a(kflexcan.o)
                0x00009c20                FLEXCAN_Start
 .text.FLEXCAN_Softreset
                0x00009c68       0x94 C:\Freescale\Freescale_MQX_4_2\lib\frdmk64f.kds\debug\bsp\bsp.a(kflexcan.o)
                0x00009c68                FLEXCAN_Softreset
 .text.FLEXCAN_Select_mode
                0x00009cfc       0xec C:\Freescale\Freescale_MQX_4_2\lib\frdmk64f.kds\debug\bsp\bsp.a(kflexcan.o)
                0x00009cfc                FLEXCAN_Select_mode
 .text.FLEXCAN_Select_clk
                0x00009de8       0x64 C:\Freescale\Freescale_MQX_4_2\lib\frdmk64f.kds\debug\bsp\bsp.a(kflexcan.o)
                0x00009de8                FLEXCAN_Select_clk
 .text.FLEXCAN_Initialize
                0x00009e4c      0x2d8 C:\Freescale\Freescale_MQX_4_2\lib\frdmk64f.kds\debug\bsp\bsp.a(kflexcan.o)
                0x00009e4c                FLEXCAN_Initialize
 .text.FLEXCAN_Initialize_mailbox
                0x0000a124      0x1a8 C:\Freescale\Freescale_MQX_4_2\lib\frdmk64f.kds\debug\bsp\bsp.a(kflexcan.o)
                0x0000a124                FLEXCAN_Initialize_mailbox
 .text.FLEXCAN_Activate_mailbox
                0x0000a2cc       0x74 C:\Freescale\Freescale_MQX_4_2\lib\frdmk64f.kds\debug\bsp\bsp.a(kflexcan.o)
                0x0000a2cc                FLEXCAN_Activate_mailbox
 .text.FLEXCAN_Lock_mailbox
                0x0000a340       0x4c C:\Freescale\Freescale_MQX_4_2\lib\frdmk64f.kds\debug\bsp\bsp.a(kflexcan.o)
                0x0000a340                FLEXCAN_Lock_mailbox
 .text.FLEXCAN_Unlock_mailbox
                0x0000a38c       0x34 C:\Freescale\Freescale_MQX_4_2\lib\frdmk64f.kds\debug\bsp\bsp.a(kflexcan.o)
                0x0000a38c                FLEXCAN_Unlock_mailbox
 .text.FLEXCAN_Set_global_extmask
                0x0000a3c0       0x6c C:\Freescale\Freescale_MQX_4_2\lib\frdmk64f.kds\debug\bsp\bsp.a(kflexcan.o)
                0x0000a3c0                FLEXCAN_Set_global_extmask
 .text.FLEXCAN_Rx_message
                0x0000a42c      0x330 C:\Freescale\Freescale_MQX_4_2\lib\frdmk64f.kds\debug\bsp\bsp.a(kflexcan.o)
                0x0000a42c                FLEXCAN_Rx_message
 .text.FLEXCAN_Tx_message
                0x0000a75c      0x24c C:\Freescale\Freescale_MQX_4_2\lib\frdmk64f.kds\debug\bsp\bsp.a(kflexcan.o)
                0x0000a75c                FLEXCAN_Tx_message
 .text._bsp_get_flexcan_base_address
                0x0000a9a8       0x2c C:\Freescale\Freescale_MQX_4_2\lib\frdmk64f.kds\debug\bsp\bsp.a(flexcan_mk64.o)
                0x0000a9a8                _bsp_get_flexcan_base_address
 .text._bsp_get_flexcan_vector
                0x0000a9d4       0x50 C:\Freescale\Freescale_MQX_4_2\lib\frdmk64f.kds\debug\bsp\bsp.a(flexcan_mk64.o)
                0x0000a9d4                _bsp_get_flexcan_vector
 .text._cm_get_clock_configuration
                0x0000aa24       0x10 C:\Freescale\Freescale_MQX_4_2\lib\frdmk64f.kds\debug\bsp\bsp.a(cm.o)
                0x0000aa24                _cm_get_clock_configuration
 .text._cm_get_clock
                0x0000aa34       0x24 C:\Freescale\Freescale_MQX_4_2\lib\frdmk64f.kds\debug\bsp\bsp.a(cm.o)
                0x0000aa34                _cm_get_clock
 .text.main     0x0000aa58       0x14 C:\Freescale\Freescale_MQX_4_2\lib\frdmk64f.kds\debug\bsp\bsp.a(mqx_main.o)
                0x0000aa58                main
 .text._bsp_watchdog_disable
                0x0000aa6c       0x38 C:\Freescale\Freescale_MQX_4_2\lib\frdmk64f.kds\debug\bsp\bsp.a(init_hw.o)
                0x0000aa6c                _bsp_watchdog_disable
 .text._bsp_flexbus_setup
                0x0000aaa4      0x14c C:\Freescale\Freescale_MQX_4_2\lib\frdmk64f.kds\debug\bsp\bsp.a(init_hw.o)
 .text.init_hardware
                0x0000abf0       0x14 C:\Freescale\Freescale_MQX_4_2\lib\frdmk64f.kds\debug\bsp\bsp.a(init_hw.o)
                0x0000abf0                init_hardware
 .text._bsp_serial_io_init
                0x0000ac04      0x338 C:\Freescale\Freescale_MQX_4_2\lib\frdmk64f.kds\debug\bsp\bsp.a(init_gpio.o)
                0x0000ac04                _bsp_serial_io_init
 .text._bsp_adc_io_init
                0x0000af3c       0x64 C:\Freescale\Freescale_MQX_4_2\lib\frdmk64f.kds\debug\bsp\bsp.a(init_gpio.o)
                0x0000af3c                _bsp_adc_io_init
 .text._bsp_adc_channel_io_init
                0x0000afa0      0x144 C:\Freescale\Freescale_MQX_4_2\lib\frdmk64f.kds\debug\bsp\bsp.a(init_gpio.o)
                0x0000afa0                _bsp_adc_channel_io_init
 .text._bsp_rtc_io_init
                0x0000b0e4       0x2c C:\Freescale\Freescale_MQX_4_2\lib\frdmk64f.kds\debug\bsp\bsp.a(init_gpio.o)
                0x0000b0e4                _bsp_rtc_io_init
 .text._bsp_dspi_io_init
                0x0000b110       0xf8 C:\Freescale\Freescale_MQX_4_2\lib\frdmk64f.kds\debug\bsp\bsp.a(init_gpio.o)
                0x0000b110                _bsp_dspi_io_init
 .text._bsp_esdhc_io_init
                0x0000b208       0x98 C:\Freescale\Freescale_MQX_4_2\lib\frdmk64f.kds\debug\bsp\bsp.a(init_gpio.o)
                0x0000b208                _bsp_esdhc_io_init
 .text._bsp_flexcan_io_init
                0x0000b2a0       0x84 C:\Freescale\Freescale_MQX_4_2\lib\frdmk64f.kds\debug\bsp\bsp.a(init_gpio.o)
                0x0000b2a0                _bsp_flexcan_io_init
 .text._bsp_i2c_io_init
                0x0000b324       0xcc C:\Freescale\Freescale_MQX_4_2\lib\frdmk64f.kds\debug\bsp\bsp.a(init_gpio.o)
                0x0000b324                _bsp_i2c_io_init
 .text._bsp_gpio_io_init
                0x0000b3f0       0x40 C:\Freescale\Freescale_MQX_4_2\lib\frdmk64f.kds\debug\bsp\bsp.a(init_gpio.o)
                0x0000b3f0                _bsp_gpio_io_init
 .text._bsp_serial_rts_init
                0x0000b430       0xa0 C:\Freescale\Freescale_MQX_4_2\lib\frdmk64f.kds\debug\bsp\bsp.a(init_gpio.o)
                0x0000b430                _bsp_serial_rts_init
 .text._bsp_sai_io_init
                0x0000b4d0       0x8c C:\Freescale\Freescale_MQX_4_2\lib\frdmk64f.kds\debug\bsp\bsp.a(init_gpio.o)
                0x0000b4d0                _bsp_sai_io_init
 .text._bsp_serial_irda_tx_init
                0x0000b55c       0x1c C:\Freescale\Freescale_MQX_4_2\lib\frdmk64f.kds\debug\bsp\bsp.a(init_gpio.o)
                0x0000b55c                _bsp_serial_irda_tx_init
 .text._bsp_serial_irda_rx_init
                0x0000b578       0x1c C:\Freescale\Freescale_MQX_4_2\lib\frdmk64f.kds\debug\bsp\bsp.a(init_gpio.o)
                0x0000b578                _bsp_serial_irda_rx_init
 .text._bsp_pre_init
                0x0000b594      0x178 C:\Freescale\Freescale_MQX_4_2\lib\frdmk64f.kds\debug\bsp\bsp.a(init_bsp.o)
                0x0000b594                _bsp_pre_init
 .text._bsp_init
                0x0000b70c       0xbc C:\Freescale\Freescale_MQX_4_2\lib\frdmk64f.kds\debug\bsp\bsp.a(init_bsp.o)
                0x0000b70c                _bsp_init
 .text._bsp_systimer_callback
                0x0000b7c8       0x14 C:\Freescale\Freescale_MQX_4_2\lib\frdmk64f.kds\debug\bsp\bsp.a(init_bsp.o)
                0x0000b7c8                _bsp_systimer_callback
 .text._bsp_get_hwticks
                0x0000b7dc       0x24 C:\Freescale\Freescale_MQX_4_2\lib\frdmk64f.kds\debug\bsp\bsp.a(init_bsp.o)
                0x0000b7dc                _bsp_get_hwticks
 .text.LDD_SetClockConfiguration
                0x0000b800       0x14 C:\Freescale\Freescale_MQX_4_2\lib\frdmk64f.kds\debug\bsp\bsp.a(bsp_cm.o)
                0x0000b800                LDD_SetClockConfiguration
 .text.CPU_MCGAutoTrim
                0x0000b814      0x110 C:\Freescale\Freescale_MQX_4_2\lib\frdmk64f.kds\debug\bsp\bsp.a(bsp_cm.o)
                0x0000b814                CPU_MCGAutoTrim
 .text.CPU_GetClockGenMode
                0x0000b924       0x90 C:\Freescale\Freescale_MQX_4_2\lib\frdmk64f.kds\debug\bsp\bsp.a(bsp_cm.o)
                0x0000b924                CPU_GetClockGenMode
 .text.CPU_SetClockConfigGenMode
                0x0000b9b4      0x544 C:\Freescale\Freescale_MQX_4_2\lib\frdmk64f.kds\debug\bsp\bsp.a(bsp_cm.o)
                0x0000b9b4                CPU_SetClockConfigGenMode
 .text.CPU_SetClockConfiguration
                0x0000bef8      0x168 C:\Freescale\Freescale_MQX_4_2\lib\frdmk64f.kds\debug\bsp\bsp.a(bsp_cm.o)
                0x0000bef8                CPU_SetClockConfiguration
 .text.CPU_GetClockConfiguration
                0x0000c060       0x18 C:\Freescale\Freescale_MQX_4_2\lib\frdmk64f.kds\debug\bsp\bsp.a(bsp_cm.o)
                0x0000c060                CPU_GetClockConfiguration
 .text._bsp_initialize_hardware
                0x0000c078       0x70 C:\Freescale\Freescale_MQX_4_2\lib\frdmk64f.kds\debug\bsp\bsp.a(bsp_cm.o)
                0x0000c078                _bsp_initialize_hardware
 .text.PE_low_level_init
                0x0000c0e8        0xc C:\Freescale\Freescale_MQX_4_2\lib\frdmk64f.kds\debug\bsp\bsp.a(bsp_cm.o)
                0x0000c0e8                PE_low_level_init
 .text._bsp_set_clock_configuration
                0x0000c0f4       0x4c C:\Freescale\Freescale_MQX_4_2\lib\frdmk64f.kds\debug\bsp\bsp.a(bsp_cm.o)
                0x0000c0f4                _bsp_set_clock_configuration
 .text._bsp_get_clock_configuration
                0x0000c140       0x10 C:\Freescale\Freescale_MQX_4_2\lib\frdmk64f.kds\debug\bsp\bsp.a(bsp_cm.o)
                0x0000c140                _bsp_get_clock_configuration
 .text._bsp_get_clock
                0x0000c150       0x58 C:\Freescale\Freescale_MQX_4_2\lib\frdmk64f.kds\debug\bsp\bsp.a(bsp_cm.o)
                0x0000c150                _bsp_get_clock
 .text._bsp_osc_autotrim
                0x0000c1a8       0x3c C:\Freescale\Freescale_MQX_4_2\lib\frdmk64f.kds\debug\bsp\bsp.a(bsp_cm.o)
                0x0000c1a8                _bsp_osc_autotrim
 .text._bsp_low_level_init
                0x0000c1e4        0xc C:\Freescale\Freescale_MQX_4_2\lib\frdmk64f.kds\debug\bsp\bsp.a(bsp_cm.o)
                0x0000c1e4                _bsp_low_level_init
 .text._io_spi_install
                0x0000c1f0      0x120 C:\Freescale\Freescale_MQX_4_2\lib\frdmk64f.kds\debug\bsp\bsp.a(spi.o)
                0x0000c1f0                _io_spi_install
 .text._io_spi_uninstall
                0x0000c310       0x50 C:\Freescale\Freescale_MQX_4_2\lib\frdmk64f.kds\debug\bsp\bsp.a(spi.o)
 .text._io_spi_read_write
                0x0000c360      0x10c C:\Freescale\Freescale_MQX_4_2\lib\frdmk64f.kds\debug\bsp\bsp.a(spi.o)
 .text._io_spi_flush
                0x0000c46c       0xa4 C:\Freescale\Freescale_MQX_4_2\lib\frdmk64f.kds\debug\bsp\bsp.a(spi.o)
 .text._io_spi_open
                0x0000c510       0xac C:\Freescale\Freescale_MQX_4_2\lib\frdmk64f.kds\debug\bsp\bsp.a(spi.o)
 .text._io_spi_close
                0x0000c5bc       0x24 C:\Freescale\Freescale_MQX_4_2\lib\frdmk64f.kds\debug\bsp\bsp.a(spi.o)
 .text._io_spi_read
                0x0000c5e0       0x24 C:\Freescale\Freescale_MQX_4_2\lib\frdmk64f.kds\debug\bsp\bsp.a(spi.o)
 .text._io_spi_write
                0x0000c604       0x24 C:\Freescale\Freescale_MQX_4_2\lib\frdmk64f.kds\debug\bsp\bsp.a(spi.o)
 .text._io_spi_ioctl
                0x0000c628      0x55c C:\Freescale\Freescale_MQX_4_2\lib\frdmk64f.kds\debug\bsp\bsp.a(spi.o)
 .text._kuart_change_baudrate
                0x0000cb84       0xbc C:\Freescale\Freescale_MQX_4_2\lib\frdmk64f.kds\debug\bsp\bsp.a(serl_pol_kuart.o)
                0x0000cb84                _kuart_change_baudrate
 .text._kuart_polled_peripheral_enable
                0x0000cc40       0x24 C:\Freescale\Freescale_MQX_4_2\lib\frdmk64f.kds\debug\bsp\bsp.a(serl_pol_kuart.o)
 .text._kuart_polled_peripheral_disable
                0x0000cc64       0x24 C:\Freescale\Freescale_MQX_4_2\lib\frdmk64f.kds\debug\bsp\bsp.a(serl_pol_kuart.o)
 .text._kuart_polled_install
                0x0000cc88       0x50 C:\Freescale\Freescale_MQX_4_2\lib\frdmk64f.kds\debug\bsp\bsp.a(serl_pol_kuart.o)
                0x0000cc88                _kuart_polled_install
 .text._kuart_polled_init
                0x0000ccd8      0x170 C:\Freescale\Freescale_MQX_4_2\lib\frdmk64f.kds\debug\bsp\bsp.a(serl_pol_kuart.o)
                0x0000ccd8                _kuart_polled_init
 .text._kuart_polled_deinit
                0x0000ce48       0x4c C:\Freescale\Freescale_MQX_4_2\lib\frdmk64f.kds\debug\bsp\bsp.a(serl_pol_kuart.o)
                0x0000ce48                _kuart_polled_deinit
 .text._kuart_polled_getc
                0x0000ce94       0x40 C:\Freescale\Freescale_MQX_4_2\lib\frdmk64f.kds\debug\bsp\bsp.a(serl_pol_kuart.o)
                0x0000ce94                _kuart_polled_getc
 .text._kuart_polled_putc
                0x0000ced4       0x3c C:\Freescale\Freescale_MQX_4_2\lib\frdmk64f.kds\debug\bsp\bsp.a(serl_pol_kuart.o)
                0x0000ced4                _kuart_polled_putc
 .text._kuart_polled_status
                0x0000cf10       0xc8 C:\Freescale\Freescale_MQX_4_2\lib\frdmk64f.kds\debug\bsp\bsp.a(serl_pol_kuart.o)
                0x0000cf10                _kuart_polled_status
 .text._kuart_polled_ioctl
                0x0000cfd8      0x784 C:\Freescale\Freescale_MQX_4_2\lib\frdmk64f.kds\debug\bsp\bsp.a(serl_pol_kuart.o)
                0x0000cfd8                _kuart_polled_ioctl
 .text._io_serial_polled_install
                0x0000d75c       0x94 C:\Freescale\Freescale_MQX_4_2\lib\frdmk64f.kds\debug\bsp\bsp.a(serl_pol.o)
                0x0000d75c                _io_serial_polled_install
 .text._io_serial_polled_open
                0x0000d7f0      0x12c C:\Freescale\Freescale_MQX_4_2\lib\frdmk64f.kds\debug\bsp\bsp.a(serl_pol.o)
                0x0000d7f0                _io_serial_polled_open
 .text._io_serial_polled_close
                0x0000d91c       0x64 C:\Freescale\Freescale_MQX_4_2\lib\frdmk64f.kds\debug\bsp\bsp.a(serl_pol.o)
                0x0000d91c                _io_serial_polled_close
 .text._io_serial_polled_read
                0x0000d980      0x288 C:\Freescale\Freescale_MQX_4_2\lib\frdmk64f.kds\debug\bsp\bsp.a(serl_pol.o)
                0x0000d980                _io_serial_polled_read
 .text._io_serial_polled_write
                0x0000dc08      0x1a8 C:\Freescale\Freescale_MQX_4_2\lib\frdmk64f.kds\debug\bsp\bsp.a(serl_pol.o)
                0x0000dc08                _io_serial_polled_write
 .text._io_serial_polled_ioctl
                0x0000ddb0       0xf4 C:\Freescale\Freescale_MQX_4_2\lib\frdmk64f.kds\debug\bsp\bsp.a(serl_pol.o)
                0x0000ddb0                _io_serial_polled_ioctl
 .text._io_serial_default_init
                0x0000dea4       0x88 C:\Freescale\Freescale_MQX_4_2\lib\frdmk64f.kds\debug\bsp\bsp.a(io_sinit.o)
                0x0000dea4                _io_serial_default_init
 .text._io_sai_dma_install
                0x0000df2c       0x84 C:\Freescale\Freescale_MQX_4_2\lib\frdmk64f.kds\debug\bsp\bsp.a(sai_dma.o)
                0x0000df2c                _io_sai_dma_install
 .text._io_sai_dma_uninstall
                0x0000dfb0       0x44 C:\Freescale\Freescale_MQX_4_2\lib\frdmk64f.kds\debug\bsp\bsp.a(sai_dma.o)
                0x0000dfb0                _io_sai_dma_uninstall
 .text._io_sai_dma_open
                0x0000dff4      0x12c C:\Freescale\Freescale_MQX_4_2\lib\frdmk64f.kds\debug\bsp\bsp.a(sai_dma.o)
                0x0000dff4                _io_sai_dma_open
 .text._io_sai_dma_close
                0x0000e120       0x70 C:\Freescale\Freescale_MQX_4_2\lib\frdmk64f.kds\debug\bsp\bsp.a(sai_dma.o)
                0x0000e120                _io_sai_dma_close
 .text._io_sai_dma_ioctl
                0x0000e190       0x68 C:\Freescale\Freescale_MQX_4_2\lib\frdmk64f.kds\debug\bsp\bsp.a(sai_dma.o)
                0x0000e190                _io_sai_dma_ioctl
 .text._rtc_init
                0x0000e1f8       0xa4 C:\Freescale\Freescale_MQX_4_2\lib\frdmk64f.kds\debug\bsp\bsp.a(krtc.o)
                0x0000e1f8                _rtc_init
 .text._ki2c_set_baudrate
                0x0000e29c       0xa8 C:\Freescale\Freescale_MQX_4_2\lib\frdmk64f.kds\debug\bsp\bsp.a(i2c_pol_ki2c.o)
 .text._ki2c_polled_install
                0x0000e344       0x40 C:\Freescale\Freescale_MQX_4_2\lib\frdmk64f.kds\debug\bsp\bsp.a(i2c_pol_ki2c.o)
                0x0000e344                _ki2c_polled_install
 .text._ki2c_polled_init
                0x0000e384      0x11c C:\Freescale\Freescale_MQX_4_2\lib\frdmk64f.kds\debug\bsp\bsp.a(i2c_pol_ki2c.o)
                0x0000e384                _ki2c_polled_init
 .text._ki2c_polled_deinit
                0x0000e4a0       0x60 C:\Freescale\Freescale_MQX_4_2\lib\frdmk64f.kds\debug\bsp\bsp.a(i2c_pol_ki2c.o)
                0x0000e4a0                _ki2c_polled_deinit
 .text._ki2c_polled_ioctl
                0x0000e500      0x4b0 C:\Freescale\Freescale_MQX_4_2\lib\frdmk64f.kds\debug\bsp\bsp.a(i2c_pol_ki2c.o)
                0x0000e500                _ki2c_polled_ioctl
 .text._ki2c_polled_rx
                0x0000e9b0       0xf8 C:\Freescale\Freescale_MQX_4_2\lib\frdmk64f.kds\debug\bsp\bsp.a(i2c_pol_ki2c.o)
                0x0000e9b0                _ki2c_polled_rx
 .text._ki2c_polled_tx
                0x0000eaa8       0xf0 C:\Freescale\Freescale_MQX_4_2\lib\frdmk64f.kds\debug\bsp\bsp.a(i2c_pol_ki2c.o)
                0x0000eaa8                _ki2c_polled_tx
 .text._ki2c_polled_rx_tx
                0x0000eb98      0x55c C:\Freescale\Freescale_MQX_4_2\lib\frdmk64f.kds\debug\bsp\bsp.a(i2c_pol_ki2c.o)
 .text._bsp_get_i2c_base_address
                0x0000f0f4       0x40 C:\Freescale\Freescale_MQX_4_2\lib\frdmk64f.kds\debug\bsp\bsp.a(i2c_mk64.o)
                0x0000f0f4                _bsp_get_i2c_base_address
 .text._bsp_get_i2c_vector
                0x0000f134       0x38 C:\Freescale\Freescale_MQX_4_2\lib\frdmk64f.kds\debug\bsp\bsp.a(i2c_mk64.o)
                0x0000f134                _bsp_get_i2c_vector
 .text._ki2c_int_install
                0x0000f16c       0x40 C:\Freescale\Freescale_MQX_4_2\lib\frdmk64f.kds\debug\bsp\bsp.a(i2c_int_ki2c.o)
                0x0000f16c                _ki2c_int_install
 .text._ki2c_int_init
                0x0000f1ac       0xc0 C:\Freescale\Freescale_MQX_4_2\lib\frdmk64f.kds\debug\bsp\bsp.a(i2c_int_ki2c.o)
                0x0000f1ac                _ki2c_int_init
 .text._ki2c_int_deinit
                0x0000f26c       0x90 C:\Freescale\Freescale_MQX_4_2\lib\frdmk64f.kds\debug\bsp\bsp.a(i2c_int_ki2c.o)
                0x0000f26c                _ki2c_int_deinit
 .text._ki2c_int_rx
                0x0000f2fc      0x120 C:\Freescale\Freescale_MQX_4_2\lib\frdmk64f.kds\debug\bsp\bsp.a(i2c_int_ki2c.o)
                0x0000f2fc                _ki2c_int_rx
 .text._ki2c_int_tx
                0x0000f41c      0x13c C:\Freescale\Freescale_MQX_4_2\lib\frdmk64f.kds\debug\bsp\bsp.a(i2c_int_ki2c.o)
                0x0000f41c                _ki2c_int_tx
 .text._ki2c_isr
                0x0000f558      0x69c C:\Freescale\Freescale_MQX_4_2\lib\frdmk64f.kds\debug\bsp\bsp.a(i2c_int_ki2c.o)
 .text.hwtimer_systick_isr
                0x0000fbf4       0x5c C:\Freescale\Freescale_MQX_4_2\lib\frdmk64f.kds\debug\bsp\bsp.a(hwtimer_systick.o)
 .text.hwtimer_systick_init
                0x0000fc50       0x90 C:\Freescale\Freescale_MQX_4_2\lib\frdmk64f.kds\debug\bsp\bsp.a(hwtimer_systick.o)
 .text.hwtimer_systick_deinit
                0x0000fce0       0x34 C:\Freescale\Freescale_MQX_4_2\lib\frdmk64f.kds\debug\bsp\bsp.a(hwtimer_systick.o)
 .text.hwtimer_systick_set_div
                0x0000fd14       0x4c C:\Freescale\Freescale_MQX_4_2\lib\frdmk64f.kds\debug\bsp\bsp.a(hwtimer_systick.o)
 .text.hwtimer_systick_start
                0x0000fd60       0x28 C:\Freescale\Freescale_MQX_4_2\lib\frdmk64f.kds\debug\bsp\bsp.a(hwtimer_systick.o)
 .text.hwtimer_systick_stop
                0x0000fd88       0x28 C:\Freescale\Freescale_MQX_4_2\lib\frdmk64f.kds\debug\bsp\bsp.a(hwtimer_systick.o)
 .text.hwtimer_systick_get_time
                0x0000fdb0       0x64 C:\Freescale\Freescale_MQX_4_2\lib\frdmk64f.kds\debug\bsp\bsp.a(hwtimer_systick.o)
 .text._esdhc_set_baudrate_low
                0x0000fe14       0xd8 C:\Freescale\Freescale_MQX_4_2\lib\frdmk64f.kds\debug\bsp\bsp.a(esdhc.o)
 .text._esdhc_set_baudrate
                0x0000feec       0x68 C:\Freescale\Freescale_MQX_4_2\lib\frdmk64f.kds\debug\bsp\bsp.a(esdhc.o)
 .text._esdhc_get_baudrate_low
                0x0000ff54       0x40 C:\Freescale\Freescale_MQX_4_2\lib\frdmk64f.kds\debug\bsp\bsp.a(esdhc.o)
 .text._esdhc_get_baudrate
                0x0000ff94       0x2c C:\Freescale\Freescale_MQX_4_2\lib\frdmk64f.kds\debug\bsp\bsp.a(esdhc.o)
 .text._esdhc_is_running
                0x0000ffc0       0x28 C:\Freescale\Freescale_MQX_4_2\lib\frdmk64f.kds\debug\bsp\bsp.a(esdhc.o)
 .text._esdhc_init
                0x0000ffe8      0x114 C:\Freescale\Freescale_MQX_4_2\lib\frdmk64f.kds\debug\bsp\bsp.a(esdhc.o)
 .text._esdhc_send_command
                0x000100fc      0x3ac C:\Freescale\Freescale_MQX_4_2\lib\frdmk64f.kds\debug\bsp\bsp.a(esdhc.o)
 .text._esdhc_wait_while_busy
                0x000104a8       0x90 C:\Freescale\Freescale_MQX_4_2\lib\frdmk64f.kds\debug\bsp\bsp.a(esdhc.o)
 .text._esdhc_get_card_type
                0x00010538      0x364 C:\Freescale\Freescale_MQX_4_2\lib\frdmk64f.kds\debug\bsp\bsp.a(esdhc.o)
 .text._esdhc_install
                0x0001089c      0x12c C:\Freescale\Freescale_MQX_4_2\lib\frdmk64f.kds\debug\bsp\bsp.a(esdhc.o)
                0x0001089c                _esdhc_install
 .text._esdhc_uninstall
                0x000109c8       0x74 C:\Freescale\Freescale_MQX_4_2\lib\frdmk64f.kds\debug\bsp\bsp.a(esdhc.o)
                0x000109c8                _esdhc_uninstall
 .text._esdhc_open
                0x00010a3c       0x60 C:\Freescale\Freescale_MQX_4_2\lib\frdmk64f.kds\debug\bsp\bsp.a(esdhc.o)
                0x00010a3c                _esdhc_open
 .text._esdhc_close
                0x00010a9c       0x54 C:\Freescale\Freescale_MQX_4_2\lib\frdmk64f.kds\debug\bsp\bsp.a(esdhc.o)
                0x00010a9c                _esdhc_close
 .text._esdhc_ioctl
                0x00010af0      0x43c C:\Freescale\Freescale_MQX_4_2\lib\frdmk64f.kds\debug\bsp\bsp.a(esdhc.o)
                0x00010af0                _esdhc_ioctl
 .text._esdhc_read
                0x00010f2c      0x158 C:\Freescale\Freescale_MQX_4_2\lib\frdmk64f.kds\debug\bsp\bsp.a(esdhc.o)
                0x00010f2c                _esdhc_read
 .text._esdhc_write
                0x00011084      0x134 C:\Freescale\Freescale_MQX_4_2\lib\frdmk64f.kds\debug\bsp\bsp.a(esdhc.o)
                0x00011084                _esdhc_write
 .text._esdhc_isr
                0x000111b8      0x1ec C:\Freescale\Freescale_MQX_4_2\lib\frdmk64f.kds\debug\bsp\bsp.a(esdhc.o)
 .text.dma_tcd_mem2reg
                0x000113a4       0xf0 C:\Freescale\Freescale_MQX_4_2\lib\frdmk64f.kds\debug\bsp\bsp.a(dma.o)
                0x000113a4                dma_tcd_mem2reg
 .text.dma_tcd_reg2mem
                0x00011494       0xf8 C:\Freescale\Freescale_MQX_4_2\lib\frdmk64f.kds\debug\bsp\bsp.a(dma.o)
                0x00011494                dma_tcd_reg2mem
 .text.dma_init
                0x0001158c       0x80 C:\Freescale\Freescale_MQX_4_2\lib\frdmk64f.kds\debug\bsp\bsp.a(dma.o)
                0x0001158c                dma_init
 .text.dma_deinit
                0x0001160c       0x7c C:\Freescale\Freescale_MQX_4_2\lib\frdmk64f.kds\debug\bsp\bsp.a(dma.o)
                0x0001160c                dma_deinit
 .text.dma_channel_claim
                0x00011688       0xb0 C:\Freescale\Freescale_MQX_4_2\lib\frdmk64f.kds\debug\bsp\bsp.a(dma.o)
                0x00011688                dma_channel_claim
 .text.dma_channel_release
                0x00011738       0x3c C:\Freescale\Freescale_MQX_4_2\lib\frdmk64f.kds\debug\bsp\bsp.a(dma.o)
                0x00011738                dma_channel_release
 .text.dma_channel_setup
                0x00011774       0x44 C:\Freescale\Freescale_MQX_4_2\lib\frdmk64f.kds\debug\bsp\bsp.a(dma.o)
                0x00011774                dma_channel_setup
 .text.dma_channel_status
                0x000117b8       0x44 C:\Freescale\Freescale_MQX_4_2\lib\frdmk64f.kds\debug\bsp\bsp.a(dma.o)
                0x000117b8                dma_channel_status
 .text.dma_transfer_submit
                0x000117fc       0x44 C:\Freescale\Freescale_MQX_4_2\lib\frdmk64f.kds\debug\bsp\bsp.a(dma.o)
                0x000117fc                dma_transfer_submit
 .text.dma_request_source
                0x00011840       0x40 C:\Freescale\Freescale_MQX_4_2\lib\frdmk64f.kds\debug\bsp\bsp.a(dma.o)
                0x00011840                dma_request_source
 .text.dma_request_enable
                0x00011880       0x3c C:\Freescale\Freescale_MQX_4_2\lib\frdmk64f.kds\debug\bsp\bsp.a(dma.o)
                0x00011880                dma_request_enable
 .text.dma_request_disable
                0x000118bc       0x3c C:\Freescale\Freescale_MQX_4_2\lib\frdmk64f.kds\debug\bsp\bsp.a(dma.o)
                0x000118bc                dma_request_disable
 .text.dma_callback_reg
                0x000118f8       0x3c C:\Freescale\Freescale_MQX_4_2\lib\frdmk64f.kds\debug\bsp\bsp.a(dma.o)
                0x000118f8                dma_callback_reg
 .text._io_adc_install
                0x00011934       0x98 C:\Freescale\Freescale_MQX_4_2\lib\frdmk64f.kds\debug\bsp\bsp.a(adc.o)
                0x00011934                _io_adc_install
 .text._adc_open
                0x000119cc      0x4f8 C:\Freescale\Freescale_MQX_4_2\lib\frdmk64f.kds\debug\bsp\bsp.a(adc.o)
                0x000119cc                _adc_open
 .text._adc_close
                0x00011ec4      0x14c C:\Freescale\Freescale_MQX_4_2\lib\frdmk64f.kds\debug\bsp\bsp.a(adc.o)
                0x00011ec4                _adc_close
 .text._adc_read
                0x00012010       0xbc C:\Freescale\Freescale_MQX_4_2\lib\frdmk64f.kds\debug\bsp\bsp.a(adc.o)
                0x00012010                _adc_read
 .text._adc_write
                0x000120cc       0x1c C:\Freescale\Freescale_MQX_4_2\lib\frdmk64f.kds\debug\bsp\bsp.a(adc.o)
                0x000120cc                _adc_write
 .text._adc_ioctl
                0x000120e8      0x158 C:\Freescale\Freescale_MQX_4_2\lib\frdmk64f.kds\debug\bsp\bsp.a(adc.o)
                0x000120e8                _adc_ioctl
 .text._dspi_dma_init
                0x00012240      0x1b4 C:\Freescale\Freescale_MQX_4_2\lib\frdmk64f.kds\debug\bsp\bsp.a(spi_dspi_dma.o)
 .text._dspi_dma_deinit
                0x000123f4       0x64 C:\Freescale\Freescale_MQX_4_2\lib\frdmk64f.kds\debug\bsp\bsp.a(spi_dspi_dma.o)
 .text._dspi_dma_setparam
                0x00012458      0x104 C:\Freescale\Freescale_MQX_4_2\lib\frdmk64f.kds\debug\bsp\bsp.a(spi_dspi_dma.o)
 .text._dspi_dma_callback
                0x0001255c       0x24 C:\Freescale\Freescale_MQX_4_2\lib\frdmk64f.kds\debug\bsp\bsp.a(spi_dspi_dma.o)
 .text._dspi_dma_transfer
                0x00012580      0x11c C:\Freescale\Freescale_MQX_4_2\lib\frdmk64f.kds\debug\bsp\bsp.a(spi_dspi_dma.o)
 .text._dspi_dma_tx_rx
                0x0001269c       0x90 C:\Freescale\Freescale_MQX_4_2\lib\frdmk64f.kds\debug\bsp\bsp.a(spi_dspi_dma.o)
 .text._dspi_dma_cs_deassert
                0x0001272c       0x2c C:\Freescale\Freescale_MQX_4_2\lib\frdmk64f.kds\debug\bsp\bsp.a(spi_dspi_dma.o)
 .text._dspi_dma_ioctl
                0x00012758       0x60 C:\Freescale\Freescale_MQX_4_2\lib\frdmk64f.kds\debug\bsp\bsp.a(spi_dspi_dma.o)
 .text._dspi_find_baudrate
                0x000127b8      0x1b4 C:\Freescale\Freescale_MQX_4_2\lib\frdmk64f.kds\debug\bsp\bsp.a(spi_dspi_common.o)
                0x000127b8                _dspi_find_baudrate
 .text._dspi_ctar_params
                0x0001296c       0x9c C:\Freescale\Freescale_MQX_4_2\lib\frdmk64f.kds\debug\bsp\bsp.a(spi_dspi_common.o)
                0x0001296c                _dspi_ctar_params
 .text._dspi_init_low
                0x00012a08       0x58 C:\Freescale\Freescale_MQX_4_2\lib\frdmk64f.kds\debug\bsp\bsp.a(spi_dspi_common.o)
                0x00012a08                _dspi_init_low
 .text._dspi_deinit_low
                0x00012a60       0x2c C:\Freescale\Freescale_MQX_4_2\lib\frdmk64f.kds\debug\bsp\bsp.a(spi_dspi_common.o)
                0x00012a60                _dspi_deinit_low
 .text._bsp_get_serial_base_address
                0x00012a8c       0x80 C:\Freescale\Freescale_MQX_4_2\lib\frdmk64f.kds\debug\bsp\bsp.a(serl_mk64.o)
                0x00012a8c                _bsp_get_serial_base_address
 .text._ksai_dma_init
                0x00012b0c      0x5cc C:\Freescale\Freescale_MQX_4_2\lib\frdmk64f.kds\debug\bsp\bsp.a(sai_dma_ksai.o)
                0x00012b0c                _ksai_dma_init
 .text._ksai_dma_deinit
                0x000130d8      0x17c C:\Freescale\Freescale_MQX_4_2\lib\frdmk64f.kds\debug\bsp\bsp.a(sai_dma_ksai.o)
                0x000130d8                _ksai_dma_deinit
 .text._ksai_tx_fifoerr_irq_handler
                0x00013254       0x50 C:\Freescale\Freescale_MQX_4_2\lib\frdmk64f.kds\debug\bsp\bsp.a(sai_dma_ksai.o)
                0x00013254                _ksai_tx_fifoerr_irq_handler
 .text._ksai_tx_dma_irq_handler
                0x000132a4      0x108 C:\Freescale\Freescale_MQX_4_2\lib\frdmk64f.kds\debug\bsp\bsp.a(sai_dma_ksai.o)
                0x000132a4                _ksai_tx_dma_irq_handler
 .text._ksai_rx_fifoerr_irq_handler
                0x000133ac       0x54 C:\Freescale\Freescale_MQX_4_2\lib\frdmk64f.kds\debug\bsp\bsp.a(sai_dma_ksai.o)
                0x000133ac                _ksai_rx_fifoerr_irq_handler
 .text._ksai_rx_dma_irq_handler
                0x00013400      0x11c C:\Freescale\Freescale_MQX_4_2\lib\frdmk64f.kds\debug\bsp\bsp.a(sai_dma_ksai.o)
                0x00013400                _ksai_rx_dma_irq_handler
 .text._ksai_dma_ioctl
                0x0001351c     0x17f8 C:\Freescale\Freescale_MQX_4_2\lib\frdmk64f.kds\debug\bsp\bsp.a(sai_dma_ksai.o)
                0x0001351c                _ksai_dma_ioctl
 .text._ksai_hw_init
                0x00014d14      0x364 C:\Freescale\Freescale_MQX_4_2\lib\frdmk64f.kds\debug\bsp\bsp.a(sai_dma_ksai.o)
                0x00014d14                _ksai_hw_init
 .text._ki2s_find_mclk_freq_div
                0x00015078      0x100 C:\Freescale\Freescale_MQX_4_2\lib\frdmk64f.kds\debug\bsp\bsp.a(sai_dma_ksai.o)
                0x00015078                _ki2s_find_mclk_freq_div
 .text._ki2s_set_master_mode
                0x00015178      0x25c C:\Freescale\Freescale_MQX_4_2\lib\frdmk64f.kds\debug\bsp\bsp.a(sai_dma_ksai.o)
                0x00015178                _ki2s_set_master_mode
 .text._ki2s_set_slave_mode
                0x000153d4      0x228 C:\Freescale\Freescale_MQX_4_2\lib\frdmk64f.kds\debug\bsp\bsp.a(sai_dma_ksai.o)
                0x000153d4                _ki2s_set_slave_mode
 .text._ki2s_set_bclk_mode
                0x000155fc      0x150 C:\Freescale\Freescale_MQX_4_2\lib\frdmk64f.kds\debug\bsp\bsp.a(sai_dma_ksai.o)
                0x000155fc                _ki2s_set_bclk_mode
 .text._io_i2c_polled_install
                0x0001574c       0x8c C:\Freescale\Freescale_MQX_4_2\lib\frdmk64f.kds\debug\bsp\bsp.a(i2c_pol.o)
                0x0001574c                _io_i2c_polled_install
 .text._io_i2c_polled_uninstall
                0x000157d8       0x4c C:\Freescale\Freescale_MQX_4_2\lib\frdmk64f.kds\debug\bsp\bsp.a(i2c_pol.o)
                0x000157d8                _io_i2c_polled_uninstall
 .text._io_i2c_polled_open
                0x00015824       0x74 C:\Freescale\Freescale_MQX_4_2\lib\frdmk64f.kds\debug\bsp\bsp.a(i2c_pol.o)
                0x00015824                _io_i2c_polled_open
 .text._io_i2c_polled_close
                0x00015898       0x58 C:\Freescale\Freescale_MQX_4_2\lib\frdmk64f.kds\debug\bsp\bsp.a(i2c_pol.o)
                0x00015898                _io_i2c_polled_close
 .text._io_i2c_polled_read
                0x000158f0       0x30 C:\Freescale\Freescale_MQX_4_2\lib\frdmk64f.kds\debug\bsp\bsp.a(i2c_pol.o)
                0x000158f0                _io_i2c_polled_read
 .text._io_i2c_polled_write
                0x00015920       0x30 C:\Freescale\Freescale_MQX_4_2\lib\frdmk64f.kds\debug\bsp\bsp.a(i2c_pol.o)
                0x00015920                _io_i2c_polled_write
 .text._io_i2c_polled_ioctl
                0x00015950       0x68 C:\Freescale\Freescale_MQX_4_2\lib\frdmk64f.kds\debug\bsp\bsp.a(i2c_pol.o)
                0x00015950                _io_i2c_polled_ioctl
 .text._io_i2c_int_install
                0x000159b8       0x8c C:\Freescale\Freescale_MQX_4_2\lib\frdmk64f.kds\debug\bsp\bsp.a(i2c_int.o)
                0x000159b8                _io_i2c_int_install
 .text._io_i2c_int_uninstall
                0x00015a44       0x48 C:\Freescale\Freescale_MQX_4_2\lib\frdmk64f.kds\debug\bsp\bsp.a(i2c_int.o)
                0x00015a44                _io_i2c_int_uninstall
 .text._io_i2c_int_open
                0x00015a8c       0x6c C:\Freescale\Freescale_MQX_4_2\lib\frdmk64f.kds\debug\bsp\bsp.a(i2c_int.o)
                0x00015a8c                _io_i2c_int_open
 .text._io_i2c_int_close
                0x00015af8       0x68 C:\Freescale\Freescale_MQX_4_2\lib\frdmk64f.kds\debug\bsp\bsp.a(i2c_int.o)
                0x00015af8                _io_i2c_int_close
 .text._io_i2c_int_read
                0x00015b60       0x30 C:\Freescale\Freescale_MQX_4_2\lib\frdmk64f.kds\debug\bsp\bsp.a(i2c_int.o)
                0x00015b60                _io_i2c_int_read
 .text._io_i2c_int_write
                0x00015b90       0x30 C:\Freescale\Freescale_MQX_4_2\lib\frdmk64f.kds\debug\bsp\bsp.a(i2c_int.o)
                0x00015b90                _io_i2c_int_write
 .text._io_i2c_int_ioctl
                0x00015bc0       0x68 C:\Freescale\Freescale_MQX_4_2\lib\frdmk64f.kds\debug\bsp\bsp.a(i2c_int.o)
                0x00015bc0                _io_i2c_int_ioctl
 .text._bsp_get_esdhc_base_address
                0x00015c28       0x30 C:\Freescale\Freescale_MQX_4_2\lib\frdmk64f.kds\debug\bsp\bsp.a(esdhc_mk64.o)
                0x00015c28                _bsp_get_esdhc_base_address
 .text._bsp_get_esdhc_vector
                0x00015c58       0x2c C:\Freescale\Freescale_MQX_4_2\lib\frdmk64f.kds\debug\bsp\bsp.a(esdhc_mk64.o)
                0x00015c58                _bsp_get_esdhc_vector
 .text.edma_channel_sgaidx
                0x00015c84       0x6c C:\Freescale\Freescale_MQX_4_2\lib\frdmk64f.kds\debug\bsp\bsp.a(edma.o)
 .text.edma_done_isr
                0x00015cf0      0x1ac C:\Freescale\Freescale_MQX_4_2\lib\frdmk64f.kds\debug\bsp\bsp.a(edma.o)
 .text.edma_err_isr
                0x00015e9c       0xa4 C:\Freescale\Freescale_MQX_4_2\lib\frdmk64f.kds\debug\bsp\bsp.a(edma.o)
 .text.edma_reset_module
                0x00015f40       0xc4 C:\Freescale\Freescale_MQX_4_2\lib\frdmk64f.kds\debug\bsp\bsp.a(edma.o)
 .text.edma_install_isrs
                0x00016004       0xe0 C:\Freescale\Freescale_MQX_4_2\lib\frdmk64f.kds\debug\bsp\bsp.a(edma.o)
 .text.edma_uninstall_isrs
                0x000160e4       0xd8 C:\Freescale\Freescale_MQX_4_2\lib\frdmk64f.kds\debug\bsp\bsp.a(edma.o)
 .text.edma_init
                0x000161bc       0x30 C:\Freescale\Freescale_MQX_4_2\lib\frdmk64f.kds\debug\bsp\bsp.a(edma.o)
 .text.edma_deinit
                0x000161ec       0x40 C:\Freescale\Freescale_MQX_4_2\lib\frdmk64f.kds\debug\bsp\bsp.a(edma.o)
 .text.edma_channel_claim
                0x0001622c       0xf0 C:\Freescale\Freescale_MQX_4_2\lib\frdmk64f.kds\debug\bsp\bsp.a(edma.o)
 .text.edma_channel_release
                0x0001631c       0x58 C:\Freescale\Freescale_MQX_4_2\lib\frdmk64f.kds\debug\bsp\bsp.a(edma.o)
 .text.edma_channel_reset
                0x00016374       0xb4 C:\Freescale\Freescale_MQX_4_2\lib\frdmk64f.kds\debug\bsp\bsp.a(edma.o)
 .text.edma_channel_setup
                0x00016428       0xa0 C:\Freescale\Freescale_MQX_4_2\lib\frdmk64f.kds\debug\bsp\bsp.a(edma.o)
 .text.edma_channel_status
                0x000164c8      0x164 C:\Freescale\Freescale_MQX_4_2\lib\frdmk64f.kds\debug\bsp\bsp.a(edma.o)
 .text.edma_tcd_prepare
                0x0001662c      0x250 C:\Freescale\Freescale_MQX_4_2\lib\frdmk64f.kds\debug\bsp\bsp.a(edma.o)
 .text.edma_hwtcd_push
                0x0001687c       0x74 C:\Freescale\Freescale_MQX_4_2\lib\frdmk64f.kds\debug\bsp\bsp.a(edma.o)
 .text.edma_transfer_submit
                0x000168f0      0x1f8 C:\Freescale\Freescale_MQX_4_2\lib\frdmk64f.kds\debug\bsp\bsp.a(edma.o)
 .text.edma_request_source
                0x00016ae8       0x58 C:\Freescale\Freescale_MQX_4_2\lib\frdmk64f.kds\debug\bsp\bsp.a(edma.o)
 .text.edma_request_enable
                0x00016b40       0x90 C:\Freescale\Freescale_MQX_4_2\lib\frdmk64f.kds\debug\bsp\bsp.a(edma.o)
 .text.edma_request_disable
                0x00016bd0       0x40 C:\Freescale\Freescale_MQX_4_2\lib\frdmk64f.kds\debug\bsp\bsp.a(edma.o)
 .text._adt_hw_ioctl
                0x00016c10      0x2b8 C:\Freescale\Freescale_MQX_4_2\lib\frdmk64f.kds\debug\bsp\bsp.a(adt_kpdb.o)
                0x00016c10                _adt_hw_ioctl
 .text._adt_hw_install
                0x00016ec8       0x1c C:\Freescale\Freescale_MQX_4_2\lib\frdmk64f.kds\debug\bsp\bsp.a(adt_kpdb.o)
                0x00016ec8                _adt_hw_install
 .text._adt_hw_init
                0x00016ee4      0x18c C:\Freescale\Freescale_MQX_4_2\lib\frdmk64f.kds\debug\bsp\bsp.a(adt_kpdb.o)
                0x00016ee4                _adt_hw_init
 .text._adt_hw_deinit
                0x00017070       0x24 C:\Freescale\Freescale_MQX_4_2\lib\frdmk64f.kds\debug\bsp\bsp.a(adt_kpdb.o)
                0x00017070                _adt_hw_deinit
 .text.adt_period_prescaler
                0x00017094      0x23c C:\Freescale\Freescale_MQX_4_2\lib\frdmk64f.kds\debug\bsp\bsp.a(adt_kpdb.o)
 .text._adt_hw_channel_init
                0x000172d0      0x1d4 C:\Freescale\Freescale_MQX_4_2\lib\frdmk64f.kds\debug\bsp\bsp.a(adt_kpdb.o)
                0x000172d0                _adt_hw_channel_init
 .text._adt_hw_channel_deinit
                0x000174a4      0x148 C:\Freescale\Freescale_MQX_4_2\lib\frdmk64f.kds\debug\bsp\bsp.a(adt_kpdb.o)
                0x000174a4                _adt_hw_channel_deinit
 .text._adt_trigger
                0x000175ec      0x144 C:\Freescale\Freescale_MQX_4_2\lib\frdmk64f.kds\debug\bsp\bsp.a(adt_kpdb.o)
                0x000175ec                _adt_trigger
 .text._adt_pause
                0x00017730      0x128 C:\Freescale\Freescale_MQX_4_2\lib\frdmk64f.kds\debug\bsp\bsp.a(adt_kpdb.o)
                0x00017730                _adt_pause
 .text._adt_resume
                0x00017858      0x134 C:\Freescale\Freescale_MQX_4_2\lib\frdmk64f.kds\debug\bsp\bsp.a(adt_kpdb.o)
                0x00017858                _adt_resume
 .text._adt_stop
                0x0001798c      0x118 C:\Freescale\Freescale_MQX_4_2\lib\frdmk64f.kds\debug\bsp\bsp.a(adt_kpdb.o)
                0x0001798c                _adt_stop
 .text._adt_process_data
                0x00017aa4      0x11c C:\Freescale\Freescale_MQX_4_2\lib\frdmk64f.kds\debug\bsp\bsp.a(adt_kpdb.o)
                0x00017aa4                _adt_process_data
 .text.adt_idelay_isr
                0x00017bc0       0x68 C:\Freescale\Freescale_MQX_4_2\lib\frdmk64f.kds\debug\bsp\bsp.a(adt_kpdb.o)
 .text._adc_hw_ioctl
                0x00017c28      0x458 C:\Freescale\Freescale_MQX_4_2\lib\frdmk64f.kds\debug\bsp\bsp.a(adc_kadc.o)
                0x00017c28                _adc_hw_ioctl
 .text._adc_hw_install
                0x00018080       0x20 C:\Freescale\Freescale_MQX_4_2\lib\frdmk64f.kds\debug\bsp\bsp.a(adc_kadc.o)
                0x00018080                _adc_hw_install
 .text._adc_hw_init
                0x000180a0      0x358 C:\Freescale\Freescale_MQX_4_2\lib\frdmk64f.kds\debug\bsp\bsp.a(adc_kadc.o)
                0x000180a0                _adc_hw_init
 .text._adc_hw_deinit
                0x000183f8       0x34 C:\Freescale\Freescale_MQX_4_2\lib\frdmk64f.kds\debug\bsp\bsp.a(adc_kadc.o)
                0x000183f8                _adc_hw_deinit
 .text._adc_hw_channel_init
                0x0001842c      0x188 C:\Freescale\Freescale_MQX_4_2\lib\frdmk64f.kds\debug\bsp\bsp.a(adc_kadc.o)
                0x0001842c                _adc_hw_channel_init
 .text._adc_hw_channel_deinit
                0x000185b4       0x90 C:\Freescale\Freescale_MQX_4_2\lib\frdmk64f.kds\debug\bsp\bsp.a(adc_kadc.o)
                0x000185b4                _adc_hw_channel_deinit
 .text.adc_process_data
                0x00018644      0x110 C:\Freescale\Freescale_MQX_4_2\lib\frdmk64f.kds\debug\bsp\bsp.a(adc_kadc.o)
 .text.adc_process_all_data
                0x00018754       0x54 C:\Freescale\Freescale_MQX_4_2\lib\frdmk64f.kds\debug\bsp\bsp.a(adc_kadc.o)
                0x00018754                adc_process_all_data
 .text.adc_complete_isr
                0x000187a8       0x3c C:\Freescale\Freescale_MQX_4_2\lib\frdmk64f.kds\debug\bsp\bsp.a(adc_kadc.o)
 .text.adc_calibrate
                0x000187e4      0x154 C:\Freescale\Freescale_MQX_4_2\lib\frdmk64f.kds\debug\bsp\bsp.a(adc_kadc.o)
 .text.adc_get_calibration_data
                0x00018938       0xe4 C:\Freescale\Freescale_MQX_4_2\lib\frdmk64f.kds\debug\bsp\bsp.a(adc_kadc.o)
 .text.adc_set_calibration_data
                0x00018a1c      0x108 C:\Freescale\Freescale_MQX_4_2\lib\frdmk64f.kds\debug\bsp\bsp.a(adc_kadc.o)
 .text._bsp_get_adc_base_address
                0x00018b24       0x2c C:\Freescale\Freescale_MQX_4_2\lib\frdmk64f.kds\debug\bsp\bsp.a(adc_mk64.o)
                0x00018b24                _bsp_get_adc_base_address
 .text._bsp_get_dspi_base_address
                0x00018b50       0x2c C:\Freescale\Freescale_MQX_4_2\lib\frdmk64f.kds\debug\bsp\bsp.a(spi_mk64.o)
                0x00018b50                _bsp_get_dspi_base_address
 .text._bsp_get_sai_base_address
                0x00018b7c       0x30 C:\Freescale\Freescale_MQX_4_2\lib\frdmk64f.kds\debug\bsp\bsp.a(sai_mk64.o)
                0x00018b7c                _bsp_get_sai_base_address
 .text._bsp_get_sai_tx_vector
                0x00018bac       0x2c C:\Freescale\Freescale_MQX_4_2\lib\frdmk64f.kds\debug\bsp\bsp.a(sai_mk64.o)
                0x00018bac                _bsp_get_sai_tx_vector
 .text._bsp_get_sai_rx_vector
                0x00018bd8       0x2c C:\Freescale\Freescale_MQX_4_2\lib\frdmk64f.kds\debug\bsp\bsp.a(sai_mk64.o)
                0x00018bd8                _bsp_get_sai_rx_vector
 .text._bsp_get_sai_tx_dma_source
                0x00018c04       0x30 C:\Freescale\Freescale_MQX_4_2\lib\frdmk64f.kds\debug\bsp\bsp.a(sai_mk64.o)
                0x00018c04                _bsp_get_sai_tx_dma_source
 .text._bsp_get_sai_rx_dma_source
                0x00018c34       0x30 C:\Freescale\Freescale_MQX_4_2\lib\frdmk64f.kds\debug\bsp\bsp.a(sai_mk64.o)
                0x00018c34                _bsp_get_sai_rx_dma_source
 .text._bsp_get_sai_dma_channel_mask
                0x00018c64       0x30 C:\Freescale\Freescale_MQX_4_2\lib\frdmk64f.kds\debug\bsp\bsp.a(sai_mk64.o)
                0x00018c64                _bsp_get_sai_dma_channel_mask
 .text._bsp_get_edma_done_vectors
                0x00018c94       0x34 C:\Freescale\Freescale_MQX_4_2\lib\frdmk64f.kds\debug\bsp\bsp.a(edma_kinetis.o)
                0x00018c94                _bsp_get_edma_done_vectors
 .text._bsp_get_edma_error_vectors
                0x00018cc8       0x34 C:\Freescale\Freescale_MQX_4_2\lib\frdmk64f.kds\debug\bsp\bsp.a(edma_kinetis.o)
                0x00018cc8                _bsp_get_edma_error_vectors
 .text._bsp_edma_enable
                0x00018cfc       0x48 C:\Freescale\Freescale_MQX_4_2\lib\frdmk64f.kds\debug\bsp\bsp.a(edma_kinetis.o)
                0x00018cfc                _bsp_edma_enable
 .text          0x00018d44      0x370 C:\Freescale\KDS_3.0.0\toolchain\lib\gcc\arm-none-eabi\4.8.4\armv7e-m\fpu\libgcc.a(_arm_addsubdf3.o)
                0x00018d44                __aeabi_drsub
                0x00018d4c                __aeabi_dsub
                0x00018d4c                __subdf3
                0x00018d50                __aeabi_dadd
                0x00018d50                __adddf3
                0x00018fc8                __floatunsidf
                0x00018fc8                __aeabi_ui2d
                0x00018fe8                __floatsidf
                0x00018fe8                __aeabi_i2d
                0x0001900c                __aeabi_f2d
                0x0001900c                __extendsfdf2
                0x00019048                __floatundidf
                0x00019048                __aeabi_ul2d
                0x00019058                __floatdidf
                0x00019058                __aeabi_l2d
 .text          0x000190b4      0x424 C:\Freescale\KDS_3.0.0\toolchain\lib\gcc\arm-none-eabi\4.8.4\armv7e-m\fpu\libgcc.a(_arm_muldivdf3.o)
                0x000190b4                __aeabi_dmul
                0x000190b4                __muldf3
                0x00019308                __divdf3
                0x00019308                __aeabi_ddiv
 .text          0x000194d8      0x110 C:\Freescale\KDS_3.0.0\toolchain\lib\gcc\arm-none-eabi\4.8.4\armv7e-m\fpu\libgcc.a(_arm_cmpdf2.o)
                0x000194d8                __gtdf2
                0x000194d8                __gedf2
                0x000194e0                __ltdf2
                0x000194e0                __ledf2
                0x000194e8                __nedf2
                0x000194e8                __eqdf2
                0x000194e8                __cmpdf2
                0x00019564                __aeabi_cdrcmple
                0x00019574                __aeabi_cdcmpeq
                0x00019574                __aeabi_cdcmple
                0x00019584                __aeabi_dcmpeq
                0x00019598                __aeabi_dcmplt
                0x000195ac                __aeabi_dcmple
                0x000195c0                __aeabi_dcmpge
                0x000195d4                __aeabi_dcmpgt
 .text          0x000195e8       0x50 C:\Freescale\KDS_3.0.0\toolchain\lib\gcc\arm-none-eabi\4.8.4\armv7e-m\fpu\libgcc.a(_arm_fixdfsi.o)
                0x000195e8                __aeabi_d2iz
                0x000195e8                __fixdfsi
 .text          0x00019638       0x40 C:\Freescale\KDS_3.0.0\toolchain\lib\gcc\arm-none-eabi\4.8.4\armv7e-m\fpu\libgcc.a(_arm_fixunsdfsi.o)
                0x00019638                __aeabi_d2uiz
                0x00019638                __fixunsdfsi
 .text          0x00019678       0x38 C:\Freescale\KDS_3.0.0\toolchain\lib\gcc\arm-none-eabi\4.8.4\armv7e-m\fpu\libgcc.a(_aeabi_ldivmod.o)
                0x00019678                __aeabi_ldivmod
 .text          0x000196b0       0x2c C:\Freescale\KDS_3.0.0\toolchain\lib\gcc\arm-none-eabi\4.8.4\armv7e-m\fpu\libgcc.a(_aeabi_uldivmod.o)
                0x000196b0                __aeabi_uldivmod
 .text          0x000196dc       0x60 C:\Freescale\KDS_3.0.0\toolchain\lib\gcc\arm-none-eabi\4.8.4\armv7e-m\fpu\libgcc.a(bpabi.o)
                0x000196dc                __gnu_ldivmod_helper
                0x0001970c                __gnu_uldivmod_helper
 .text          0x0001973c        0x4 C:\Freescale\KDS_3.0.0\toolchain\lib\gcc\arm-none-eabi\4.8.4\armv7e-m\fpu\libgcc.a(_dvmd_tls.o)
                0x0001973c                __aeabi_idiv0
                0x0001973c                __aeabi_ldiv0
 .text          0x00019740      0x298 C:\Freescale\KDS_3.0.0\toolchain\lib\gcc\arm-none-eabi\4.8.4\armv7e-m\fpu\libgcc.a(_divdi3.o)
                0x00019740                __divdi3
 .text          0x000199d8      0x284 C:\Freescale\KDS_3.0.0\toolchain\lib\gcc\arm-none-eabi\4.8.4\armv7e-m\fpu\libgcc.a(_udivdi3.o)
                0x000199d8                __udivdi3
 .text.atexit   0x00019c5c        0xc C:\Freescale\KDS_3.0.0\toolchain\arm-none-eabi\lib\armv7e-m\fpu\libc.a(lib_a-atexit.o)
                0x00019c5c                atexit
 .text.exit     0x00019c68       0x20 C:\Freescale\KDS_3.0.0\toolchain\arm-none-eabi\lib\armv7e-m\fpu\libc.a(lib_a-exit.o)
                0x00019c68                exit
 .text.__libc_fini_array
                0x00019c88       0x30 C:\Freescale\KDS_3.0.0\toolchain\arm-none-eabi\lib\armv7e-m\fpu\libc.a(lib_a-fini.o)
                0x00019c88                __libc_fini_array
 .text.__libc_init_array
                0x00019cb8       0x50 C:\Freescale\KDS_3.0.0\toolchain\arm-none-eabi\lib\armv7e-m\fpu\libc.a(lib_a-init.o)
                0x00019cb8                __libc_init_array
 .text          0x00019d08      0x134 C:\Freescale\KDS_3.0.0\toolchain\arm-none-eabi\lib\armv7e-m\fpu\libc.a(lib_a-memcpy.o)
                0x00019d08                memcpy
 .text.memset   0x00019e3c       0x94 C:\Freescale\KDS_3.0.0\toolchain\arm-none-eabi\lib\armv7e-m\fpu\libc.a(lib_a-memset.o)
                0x00019e3c                memset
 .text.modf     0x00019ed0       0xa4 C:\Freescale\KDS_3.0.0\toolchain\arm-none-eabi\lib\armv7e-m\fpu\libc.a(lib_a-s_modf.o)
                0x00019ed0                modf
 .text          0x00019f74      0x21c C:\Freescale\KDS_3.0.0\toolchain\arm-none-eabi\lib\armv7e-m\fpu\libc.a(lib_a-strcmp.o)
                0x00019f74                strcmp
 .text.strlen   0x0001a190       0x60 C:\Freescale\KDS_3.0.0\toolchain\arm-none-eabi\lib\armv7e-m\fpu\libc.a(lib_a-strlen.o)
                0x0001a190                strlen
 .text.strncmp  0x0001a1f0       0xb4 C:\Freescale\KDS_3.0.0\toolchain\arm-none-eabi\lib\armv7e-m\fpu\libc.a(lib_a-strncmp.o)
                0x0001a1f0                strncmp
 .text._strtoul_r
                0x0001a2a4      0x120 C:\Freescale\KDS_3.0.0\toolchain\arm-none-eabi\lib\armv7e-m\fpu\libc.a(lib_a-strtoul.o)
                0x0001a2a4                _strtoul_r
 .text.strtoul  0x0001a3c4       0x18 C:\Freescale\KDS_3.0.0\toolchain\arm-none-eabi\lib\armv7e-m\fpu\libc.a(lib_a-strtoul.o)
                0x0001a3c4                strtoul
 .text.__register_exitproc
                0x0001a3dc       0xa8 C:\Freescale\KDS_3.0.0\toolchain\arm-none-eabi\lib\armv7e-m\fpu\libc.a(lib_a-__atexit.o)
                0x0001a3dc                __register_exitproc
 .text.startup.register_fini
                0x0001a484       0x14 C:\Freescale\KDS_3.0.0\toolchain\arm-none-eabi\lib\armv7e-m\fpu\libc.a(lib_a-__call_atexit.o)
 .text.__call_exitprocs
                0x0001a498       0xf0 C:\Freescale\KDS_3.0.0\toolchain\arm-none-eabi\lib\armv7e-m\fpu\libc.a(lib_a-__call_atexit.o)
                0x0001a498                __call_exitprocs
 .text._io_dev_install_drvif
                0x0001a588      0x164 C:\Freescale\Freescale_MQX_4_2\lib\frdmk64f.kds\debug\psp\psp.a(io_instx.o)
                0x0001a588                _io_dev_install_drvif
 .text._io_dev_install_ext
                0x0001a6ec       0x44 C:\Freescale\Freescale_MQX_4_2\lib\frdmk64f.kds\debug\psp\psp.a(io_instx.o)
                0x0001a6ec                _io_dev_install_ext
 .text._io_dev_install
                0x0001a730       0x44 C:\Freescale\Freescale_MQX_4_2\lib\frdmk64f.kds\debug\psp\psp.a(io_inst.o)
                0x0001a730                _io_dev_install
 .text._io_init
                0x0001a774       0x38 C:\Freescale\Freescale_MQX_4_2\lib\frdmk64f.kds\debug\psp\psp.a(io_init.o)
                0x0001a774                _io_init
 .text._psp_int_init
                0x0001a7ac       0x28 C:\Freescale\Freescale_MQX_4_2\lib\frdmk64f.kds\debug\psp\psp.a(psp_iinit.o)
                0x0001a7ac                _psp_int_init
 .text._nvic_int_init
                0x0001a7d4       0x90 C:\Freescale\Freescale_MQX_4_2\lib\frdmk64f.kds\debug\psp\psp.a(nvic.o)
                0x0001a7d4                _nvic_int_init
 .text._nvic_int_enable
                0x0001a864       0x48 C:\Freescale\Freescale_MQX_4_2\lib\frdmk64f.kds\debug\psp\psp.a(nvic.o)
                0x0001a864                _nvic_int_enable
 .text._nvic_int_disable
                0x0001a8ac       0x48 C:\Freescale\Freescale_MQX_4_2\lib\frdmk64f.kds\debug\psp\psp.a(nvic.o)
                0x0001a8ac                _nvic_int_disable
 .text._kinetis_mpu_disable
                0x0001a8f4       0x20 C:\Freescale\Freescale_MQX_4_2\lib\frdmk64f.kds\debug\psp\psp.a(kinetis_mpu.o)
                0x0001a8f4                _kinetis_mpu_disable
 .text._int_set_vector_table
                0x0001a914       0x34 C:\Freescale\Freescale_MQX_4_2\lib\frdmk64f.kds\debug\psp\psp.a(int_vtab.o)
                0x0001a914                _int_set_vector_table
 .text._psp_int_install
                0x0001a948       0x20 C:\Freescale\Freescale_MQX_4_2\lib\frdmk64f.kds\debug\psp\psp.a(int_inst.o)
                0x0001a948                _psp_int_install
 *(.rodata*)
 .rodata        0x0001a968       0x8c sources\tx_task.o
 .rodata        0x0001a9f4      0x1f8 sources\spi_task.o
 .rodata        0x0001abec       0x20 sources\spi_eeprom.o
 .rodata        0x0001ac0c       0x4c sources\rx_task.o
 .rodata        0x0001ac58      0x1c4 sources\main_vscp_task.o
 .rodata        0x0001ae1c       0x54 sources\gpio.o
 .rodata        0x0001ae70      0x29c sources\flexcan.o
 .rodata        0x0001b10c       0x84 sources\external_vscp_func.o
 .rodata        0x0001b190       0x40 C:\Freescale\Freescale_MQX_4_2\lib\frdmk64f.kds\debug\psp\psp.a(task.o)
 .rodata.__func__.7672
                0x0001b1d0       0x18 C:\Freescale\Freescale_MQX_4_2\lib\frdmk64f.kds\debug\psp\psp.a(task.o)
 .rodata._mqx_zero_tick_struct
                0x0001b1e8        0xc C:\Freescale\Freescale_MQX_4_2\lib\frdmk64f.kds\debug\psp\psp.a(mqx.o)
                0x0001b1e8                _mqx_zero_tick_struct
 .rodata._mqx_version_number
                0x0001b1f4        0x4 C:\Freescale\Freescale_MQX_4_2\lib\frdmk64f.kds\debug\psp\psp.a(mqx.o)
                0x0001b1f4                _mqx_version_number
 .rodata        0x0001b1f8       0x98 C:\Freescale\Freescale_MQX_4_2\lib\frdmk64f.kds\debug\psp\psp.a(mqx.o)
 .rodata._mqx_vendor
                0x0001b290        0x4 C:\Freescale\Freescale_MQX_4_2\lib\frdmk64f.kds\debug\psp\psp.a(mqx.o)
                0x0001b290                _mqx_vendor