Archive member included because of file (symbol)

C:\Freescale\Freescale_MQX_4_2\lib\frdmk64f.kds\debug\psp\psp.a(time.o)
                              sources\spi_task.o (_time_delay)
C:\Freescale\Freescale_MQX_4_2\lib\frdmk64f.kds\debug\psp\psp.a(task.o)
                              C:\Freescale\Freescale_MQX_4_2\lib\frdmk64f.kds\debug\psp\psp.a(time.o) (_task_get_td)
C:\Freescale\Freescale_MQX_4_2\lib\frdmk64f.kds\debug\psp\psp.a(sched.o)
                              C:\Freescale\Freescale_MQX_4_2\lib\frdmk64f.kds\debug\psp\psp.a(time.o) (_sched_yield)
C:\Freescale\Freescale_MQX_4_2\lib\frdmk64f.kds\debug\psp\psp.a(queue.o)
                              C:\Freescale\Freescale_MQX_4_2\lib\frdmk64f.kds\debug\psp\psp.a(time.o) (_queue_insert)
C:\Freescale\Freescale_MQX_4_2\lib\frdmk64f.kds\debug\psp\psp.a(mqx.o)
                              C:\Freescale\Freescale_MQX_4_2\lib\frdmk64f.kds\debug\psp\psp.a(time.o) (_mqx_zero_tick_struct)
C:\Freescale\Freescale_MQX_4_2\lib\frdmk64f.kds\debug\psp\psp.a(lwsem.o)
                              sources\I2C_sensor_polled.o (_lwsem_create)
C:\Freescale\Freescale_MQX_4_2\lib\frdmk64f.kds\debug\psp\psp.a(lwmem.o)
                              C:\Freescale\Freescale_MQX_4_2\lib\frdmk64f.kds\debug\psp\psp.a(task.o) (_lwmem_alloc)
C:\Freescale\Freescale_MQX_4_2\lib\frdmk64f.kds\debug\psp\psp.a(lwevent.o)
                              sources\main_vscp_task.o (_lwevent_create)
C:\Freescale\Freescale_MQX_4_2\lib\frdmk64f.kds\debug\psp\psp.a(klog.o)
                              C:\Freescale\Freescale_MQX_4_2\lib\frdmk64f.kds\debug\psp\psp.a(time.o) (_klog_log)
C:\Freescale\Freescale_MQX_4_2\lib\frdmk64f.kds\debug\psp\psp.a(int.o)
                              C:\Freescale\Freescale_MQX_4_2\lib\frdmk64f.kds\debug\psp\psp.a(time.o) (_int_disable)
C:\Freescale\Freescale_MQX_4_2\lib\frdmk64f.kds\debug\psp\psp.a(inittask.o)
                              C:\Freescale\Freescale_MQX_4_2\lib\frdmk64f.kds\debug\psp\psp.a(mqx.o) (_mqx_init_task)
C:\Freescale\Freescale_MQX_4_2\lib\frdmk64f.kds\debug\psp\psp.a(idletask.o)
                              C:\Freescale\Freescale_MQX_4_2\lib\frdmk64f.kds\debug\psp\psp.a(mqx.o) (_mqx_idle_task)
C:\Freescale\Freescale_MQX_4_2\lib\frdmk64f.kds\debug\psp\psp.a(io_write.o)
                              sources\spi_eeprom.o (_io_write)
C:\Freescale\Freescale_MQX_4_2\lib\frdmk64f.kds\debug\psp\psp.a(io_read.o)
                              sources\spi_eeprom.o (_io_read)
C:\Freescale\Freescale_MQX_4_2\lib\frdmk64f.kds\debug\psp\psp.a(io_pntf.o)
                              sources\tx_task.o (_io_printf)
C:\Freescale\Freescale_MQX_4_2\lib\frdmk64f.kds\debug\psp\psp.a(io_ioctl.o)
                              sources\spi_task.o (_io_ioctl)
C:\Freescale\Freescale_MQX_4_2\lib\frdmk64f.kds\debug\psp\psp.a(io_fputc.o)
                              C:\Freescale\Freescale_MQX_4_2\lib\frdmk64f.kds\debug\psp\psp.a(io_pntf.o) (_io_fputc)
C:\Freescale\Freescale_MQX_4_2\lib\frdmk64f.kds\debug\psp\psp.a(io_fopen.o)
                              sources\spi_task.o (_io_fopen)
C:\Freescale\Freescale_MQX_4_2\lib\frdmk64f.kds\debug\psp\psp.a(io_fflsh.o)
                              sources\spi_eeprom.o (_io_fflush)
C:\Freescale\Freescale_MQX_4_2\lib\frdmk64f.kds\debug\psp\psp.a(io_dopr.o)
                              C:\Freescale\Freescale_MQX_4_2\lib\frdmk64f.kds\debug\psp\psp.a(io_pntf.o) (_io_doprint)
C:\Freescale\Freescale_MQX_4_2\lib\frdmk64f.kds\debug\psp\psp.a(stack_st.o)
                              C:\Freescale\Freescale_MQX_4_2\lib\frdmk64f.kds\debug\psp\psp.a(task.o) (_psp_get_stack_start)
C:\Freescale\Freescale_MQX_4_2\lib\frdmk64f.kds\debug\psp\psp.a(stack_de.o)
                              C:\Freescale\Freescale_MQX_4_2\lib\frdmk64f.kds\debug\psp\psp.a(task.o) (_psp_destroy_stack_frame)
C:\Freescale\Freescale_MQX_4_2\lib\frdmk64f.kds\debug\psp\psp.a(stack_bu.o)
                              C:\Freescale\Freescale_MQX_4_2\lib\frdmk64f.kds\debug\psp\psp.a(task.o) (_psp_build_stack_frame)
C:\Freescale\Freescale_MQX_4_2\lib\frdmk64f.kds\debug\psp\psp.a(sc_irdyq.o)
                              C:\Freescale\Freescale_MQX_4_2\lib\frdmk64f.kds\debug\psp\psp.a(mqx.o) (_psp_set_kernel_disable_level)
C:\Freescale\Freescale_MQX_4_2\lib\frdmk64f.kds\debug\psp\psp.a(psp_usti.o)
                              C:\Freescale\Freescale_MQX_4_2\lib\frdmk64f.kds\debug\psp\psp.a(time.o) (_psp_usecs_to_ticks)
C:\Freescale\Freescale_MQX_4_2\lib\frdmk64f.kds\debug\psp\psp.a(psp_tkti.o)
                              C:\Freescale\Freescale_MQX_4_2\lib\frdmk64f.kds\debug\psp\psp.a(time.o) (_psp_ticks_to_time)
C:\Freescale\Freescale_MQX_4_2\lib\frdmk64f.kds\debug\psp\psp.a(psp_tius.o)
                              C:\Freescale\Freescale_MQX_4_2\lib\frdmk64f.kds\debug\psp\psp.a(time.o) (_psp_ticks_to_microseconds)
C:\Freescale\Freescale_MQX_4_2\lib\frdmk64f.kds\debug\psp\psp.a(psp_tisu.o)
[...]
Memory Configuration

Name             Origin             Length             Attributes
vectorrom        0x00000000         0x00000400         xr
cfmprotrom       0x00000400         0x00000020         r
rom              0x00000420         0x000ffbe0         xr
ram              0x1fff0000         0x00040000         rw
end_of_kd        0x2002fff0         0x00000000         rw
bstack           0x2002fa00         0x00000200         rw
end_bstack       0x2002fc00         0x00000000         rw
*default*        0x00000000         0xffffffff

Linker script and memory map

START GROUP
LOAD sources\vscp_firmware.o
LOAD sources\tx_task.o
LOAD sources\temperature.o
LOAD sources\spi_task.o
LOAD sources\spi_eeprom.o
LOAD sources\rx_task.o
LOAD sources\main_vscp_task.o
LOAD sources\gpio.o
LOAD sources\flexcan.o
LOAD sources\external_vscp_func.o
LOAD sources\accel_task.o
LOAD sources\I2C_sensor_polled.o
LOAD C:\Freescale\Freescale_MQX_4_2\lib\frdmk64f.kds\debug\psp\psp.a
LOAD C:\Freescale\Freescale_MQX_4_2\lib\frdmk64f.kds\debug\bsp\bsp.a
LOAD C:\Freescale\Freescale_MQX_4_2\lib\frdmk64f.kds\debug\mfs\mfs.a
LOAD C:\Freescale\Freescale_MQX_4_2\lib\frdmk64f.kds\debug\rtcs\rtcs.a
LOAD C:\Freescale\Freescale_MQX_4_2\lib\frdmk64f.kds\debug\shell\shell.a
LOAD C:\Freescale\KDS_3.0.0\toolchain\lib\gcc\arm-none-eabi\4.8.4\armv7e-m\fpu\libgcc.a
LOAD C:\Freescale\KDS_3.0.0\toolchain\arm-none-eabi\lib\armv7e-m\fpu\libc.a
LOAD C:\Freescale\KDS_3.0.0\toolchain\arm-none-eabi\lib\armv7e-m\fpu\libsupc++.a
LOAD C:\Freescale\KDS_3.0.0\toolchain\arm-none-eabi\lib\armv7e-m\fpu\libm.a
LOAD C:\Freescale\KDS_3.0.0\toolchain\arm-none-eabi\lib\armv7e-m\fpu\libnosys.a
END GROUP
                0x1fff0000                __INTERNAL_SRAM_BASE = 0x1fff0000
                0x00040000                __INTERNAL_SRAM_SIZE = 0x40000
                0x2000fff0                __SRAM_POOL = 0x2000fff0
                0x00000000                __INTERNAL_FLASH_BASE = 0x0
                0x00100000                __INTERNAL_FLASH_SIZE = 0x100000
                0x00000000                __INTERNAL_FLEXNVM_BASE = 0x0
                0x00000000                __INTERNAL_FLEXNVM_SIZE = 0x0
                0x60000000                __EXTERNAL_LCD_BASE = 0x60000000
                0x0001ffff                __EXTERNAL_LCD_SIZE = 0x1ffff
                0x60010000                __EXTERNAL_LCD_DC_BASE = 0x60010000
                0x00000001                __DEFAULT_PROCESSOR_NUMBER = 0x1
                0x00000400                __DEFAULT_INTERRUPT_STACK_SIZE = 0x400
                0x00000000                __KERNEL_DATA_VERIFY_ENABLE = 0x0
                0x00001000                __FLASHX_SECT_SIZE = 0x1000

.vectors        0x00000000      0x400
                0x00000000                __vector_table = .
                0x00000000                __VECTOR_TABLE_ROM_START = __vector_table
 *(.vectors_rom)
 .vectors_rom   0x00000000      0x400 C:\Freescale\Freescale_MQX_4_2\lib\frdmk64f.kds\debug\bsp\bsp.a(vectors.o)
                0x00000400                . = ALIGN (0x4)

.cfmprotect     0x00000400       0x10
 *(.cfmconfig)
 .cfmconfig     0x00000400       0x10 C:\Freescale\Freescale_MQX_4_2\lib\frdmk64f.kds\debug\bsp\bsp.a(vectors.o)
                0x00000400                _cfm
                0x00000410                . = ALIGN (0x4)

.text           0x00000420    0x1dc38
 *(KERNEL)
 KERNEL         0x00000420      0x36c C:\Freescale\Freescale_MQX_4_2\lib\frdmk64f.kds\debug\psp\psp.a(dispatch.o)
                0x00000420                _sched_start_internal
                0x00000424                _sched_run_internal
                0x0000042a                _sched_check_scheduler_internal
                0x00000448                _sched_execute_scheduler_internal
                0x0000044c                _mqx_api_call
                0x00000450                _task_block
                0x00000454                _svc_handler
                0x000004ee                _pend_svc
                0x000005da                _int_kernel_isr
                0x000006b0                _psp_exception_return
                0x000006ec                _psp_save_fp_context_internal
                0x00000720                _mem_test_and_set
                0x0000073e                __get_PSP
                0x00000744                __get_MSP
                0x0000074a                __set_MSP
                0x00000750                __get_PSR
                0x00000756                __enable_interrupt
                0x0000075a                __disable_interrupt
                0x0000075e                __get_LR
                0x00000762                __get_PC
                0x00000766                __get_CONTROL
 *(.text*)
 .text.vscp_init
                0x0000078c       0xe0 sources\vscp_firmware.o
                0x0000078c                vscp_init
 .text.vscp_check_pstorage
                0x0000086c       0x30 sources\vscp_firmware.o
                0x0000086c                vscp_check_pstorage
 .text.vscp_error
                0x0000089c       0x18 sources\vscp_firmware.o
                0x0000089c                vscp_error
 .text.vscp_handleProbeState
                0x000008b4      0x17c sources\vscp_firmware.o
                0x000008b4                vscp_handleProbeState
 .text.vscp_goActiveState
                0x00000a30       0x3c sources\vscp_firmware.o
                0x00000a30                vscp_goActiveState
 .text.vscp_sendHeartBeat
                0x00000a6c       0x48 sources\vscp_firmware.o
                0x00000a6c                vscp_sendHeartBeat
 .text.vscp_handleHeartbeat
                0x00000ab4       0x60 sources\vscp_firmware.o
                0x00000ab4                vscp_handleHeartbeat
 .text.vscp_handleSetNickname
                0x00000b14       0x40 sources\vscp_firmware.o
                0x00000b14                vscp_handleSetNickname
 .text.vscp_handleDropNickname
                0x00000b54       0x54 sources\vscp_firmware.o
                0x00000b54                vscp_handleDropNickname
 .text.vscp_newNodeOnline
                0x00000ba8       0x48 sources\vscp_firmware.o
                0x00000ba8                vscp_newNodeOnline
 .text.vscp_doOneSecondWork
                0x00000bf0       0xac sources\vscp_firmware.o
                0x00000bf0                vscp_doOneSecondWork
 .text.vscp_readRegister
                0x00000c9c       0x30 sources\vscp_firmware.o
                0x00000c9c                vscp_readRegister
 .text.vscp_readStdReg
                0x00000ccc      0x1b0 sources\vscp_firmware.o
                0x00000ccc                vscp_readStdReg
 .text.vscp_writeRegister
                0x00000e7c       0x3c sources\vscp_firmware.o
                0x00000e7c                vscp_writeRegister
 .text.vscp_writeStdReg
                0x00000eb8       0xe8 sources\vscp_firmware.o
                0x00000eb8                vscp_writeStdReg
 .text.vscp_handleProtocolEvent
                0x00000fa0      0xa04 sources\vscp_firmware.o
                0x00000fa0                vscp_handleProtocolEvent
 .text.vscp_sendEvent
                0x000019a4       0x60 sources\vscp_firmware.o
                0x000019a4                vscp_sendEvent
 .text.vscp_getEvent
                0x00001a04       0x68 sources\vscp_firmware.o
                0x00001a04                vscp_getEvent
 .text.SPI_init
                0x00001a6c      0x254 sources\spi_task.o
                0x00001a6c                SPI_init
 .text.writeEEPROM
                0x00001cc0       0x60 sources\spi_eeprom.o
                0x00001cc0                writeEEPROM
 .text.readEEPROM
                0x00001d20       0x8c sources\spi_eeprom.o
                0x00001d20                readEEPROM
 .text.eeprom_set_write_latch
                0x00001dac       0x54 sources\spi_eeprom.o
 .text.eeprom_guid_init
                0x00001e00      0x170 sources\spi_eeprom.o
                0x00001e00                eeprom_guid_init
 .text.Rx_Task  0x00001f70       0x64 sources\rx_task.o
                0x00001f70                Rx_Task
 .text.Main_Task
                0x00001fd4      0x1cc sources\main_vscp_task.o
                0x00001fd4                Main_Task
 .text.MY_FLEXCAN_ISR
                0x000021a0       0x5c sources\main_vscp_task.o
                0x000021a0                MY_FLEXCAN_ISR
 .text.hwtimer1_callback
                0x000021fc       0xbc sources\main_vscp_task.o
 .text.vscp_timer_init
                0x000022b8       0xc0 sources\main_vscp_task.o
 .text.GPIO_init
                0x00002378       0x7c sources\gpio.o
                0x00002378                GPIO_init
 .text.FLEXCAN_Init
                0x000023f4      0x17c sources\flexcan.o
                0x000023f4                FLEXCAN_Init
 .text.FLEXCAN_Rx_Init
                0x00002570       0x9c sources\flexcan.o
                0x00002570                FLEXCAN_Rx_Init
 .text.getVSCPFrame
                0x0000260c       0x64 sources\external_vscp_func.o
                0x0000260c                getVSCPFrame
 .text.sendVSCPFrame
                0x00002670       0x48 sources\external_vscp_func.o
                0x00002670                sendVSCPFrame
 .text.sendCANFrame
                0x000026b8       0x70 sources\external_vscp_func.o
                0x000026b8                sendCANFrame
 .text.getCANFrame
                0x00002728       0xe0 sources\external_vscp_func.o
                0x00002728                getCANFrame
 .text.vscp_getMajorVersion
                0x00002808       0x10 sources\external_vscp_func.o
                0x00002808                vscp_getMajorVersion
 .text.vscp_getMinorVersion
                0x00002818       0x10 sources\external_vscp_func.o
                0x00002818                vscp_getMinorVersion
 .text.vscp_getSubMinorVersion
                0x00002828       0x10 sources\external_vscp_func.o
                0x00002828                vscp_getSubMinorVersion
 .text.vscp_getGUID
                0x00002838       0x20 sources\external_vscp_func.o
                0x00002838                vscp_getGUID
 .text.vscp_getUserID
                0x00002858       0x20 sources\external_vscp_func.o
                0x00002858                vscp_getUserID
 .text.vscp_setUserID
                0x00002878       0x20 sources\external_vscp_func.o
                0x00002878                vscp_setUserID
 .text.vscp_getManufacturerId
                0x00002898       0x20 sources\external_vscp_func.o
                0x00002898                vscp_getManufacturerId
 .text.vscp_getBufferSize
                0x000028b8       0x10 sources\external_vscp_func.o
                0x000028b8                vscp_getBufferSize
 .text.vscp_getRegisterPagesUsed
                0x000028c8       0x10 sources\external_vscp_func.o
                0x000028c8                vscp_getRegisterPagesUsed
 .text.vscp_getMDF_URL
                0x000028d8       0x20 sources\external_vscp_func.o
                0x000028d8                vscp_getMDF_URL
 .text.vscp_readNicknamePermanent
                0x000028f8       0x10 sources\external_vscp_func.o
                0x000028f8                vscp_readNicknamePermanent
 .text.vscp_writeNicknamePermanent
                0x00002908       0x1c sources\external_vscp_func.o
                0x00002908                vscp_writeNicknamePermanent
 .text.vscp_getSegmentCRC
                0x00002924       0x10 sources\external_vscp_func.o
                0x00002924                vscp_getSegmentCRC
 .text.vscp_setSegmentCRC
                0x00002934       0x1c sources\external_vscp_func.o
                0x00002934                vscp_setSegmentCRC
 .text.vscp_setControlByte
                0x00002950       0x1c sources\external_vscp_func.o
                0x00002950                vscp_setControlByte
 .text.doWork   0x0000296c      0x15c sources\external_vscp_func.o
                0x0000296c                doWork
 .text.doApplicationOneSecondWork
                0x00002ac8       0x68 sources\external_vscp_func.o
                0x00002ac8                doApplicationOneSecondWork
 .text.sendAccelEvent
                0x00002b30       0x88 sources\external_vscp_func.o
                0x00002b30                sendAccelEvent
 .text.vscp_readAppReg
                0x00002bb8       0xec sources\external_vscp_func.o
                0x00002bb8                vscp_readAppReg
 .text.vscp_writeAppReg
                0x00002ca4      0x130 sources\external_vscp_func.o
                0x00002ca4                vscp_writeAppReg
 .text.vscp_getMatrixInfo
                0x00002dd4       0x30 sources\external_vscp_func.o
                0x00002dd4                vscp_getMatrixInfo
 .text.vscp_goBootloaderMode
                0x00002e04       0x18 sources\external_vscp_func.o
                0x00002e04                vscp_goBootloaderMode
 .text.vscp_getZone
                0x00002e1c       0x10 sources\external_vscp_func.o
                0x00002e1c                vscp_getZone
 .text.vscp_getSubzone
                0x00002e2c       0x10 sources\external_vscp_func.o
                0x00002e2c                vscp_getSubzone
 .text.vscp_getFamilyCode
                0x00002e3c       0x10 sources\external_vscp_func.o
                0x00002e3c                vscp_getFamilyCode
 .text.vscp_getFamilyType
                0x00002e4c       0x10 sources\external_vscp_func.o
                0x00002e4c                vscp_getFamilyType
 .text.vscp_restoreDefaults
                0x00002e5c       0x10 sources\external_vscp_func.o
                0x00002e5c                vscp_restoreDefaults
 .text.init_app_ram
                0x00002e6c       0x6c sources\external_vscp_func.o
                0x00002e6c                init_app_ram
 .text.init_app_eeprom
                0x00002ed8       0xb4 sources\external_vscp_func.o
                0x00002ed8                init_app_eeprom
 .text.vscp_getBootLoaderAlgorithm
                0x00002f8c       0x10 sources\external_vscp_func.o
                0x00002f8c                vscp_getBootLoaderAlgorithm
 *fill*         0x00002f9c        0x4 
 .text.Accel_Task
                0x00002fa0      0x1a0 sources\accel_task.o
                0x00002fa0                Accel_Task
 .text.FXOS8700CQ_Init
                0x00003140       0x78 sources\accel_task.o
                0x00003140                FXOS8700CQ_Init
 .text.absolute_val
                0x000031b8       0x44 sources\accel_task.o
                0x000031b8                absolute_val
 .text.I2C_init
                0x000031fc      0x1e0 sources\I2C_sensor_polled.o
                0x000031fc                I2C_init
 .text.i2c_write_register_polled
                0x000033dc      0x114 sources\I2C_sensor_polled.o
                0x000033dc                i2c_write_register_polled
 .text.i2c_read_register_polled
                0x000034f0      0x168 sources\I2C_sensor_polled.o
                0x000034f0                i2c_read_register_polled
 .text._time_delay
                0x00003658       0xfc C:\Freescale\Freescale_MQX_4_2\lib\frdmk64f.kds\debug\psp\psp.a(time.o)
                0x00003658                _time_delay
 .text._time_delay_for
                0x00003754       0xd8 C:\Freescale\Freescale_MQX_4_2\lib\frdmk64f.kds\debug\psp\psp.a(time.o)
                0x00003754                _time_delay_for
 .text._time_delay_internal
                0x0000382c       0xbc C:\Freescale\Freescale_MQX_4_2\lib\frdmk64f.kds\debug\psp\psp.a(time.o)
                0x0000382c                _time_delay_internal
 .text._time_delay_until
                0x000038e8       0xd4 C:\Freescale\Freescale_MQX_4_2\lib\frdmk64f.kds\debug\psp\psp.a(time.o)
                0x000038e8                _time_delay_until
 .text._time_diff_ticks
                0x000039bc       0x38 C:\Freescale\Freescale_MQX_4_2\lib\frdmk64f.kds\debug\psp\psp.a(time.o)
                0x000039bc                _time_diff_ticks
 .text._time_diff_milliseconds
                0x000039f4       0x30 C:\Freescale\Freescale_MQX_4_2\lib\frdmk64f.kds\debug\psp\psp.a(time.o)
                0x000039f4                _time_diff_milliseconds
 .text._time_get_hwticks
                0x00003a24       0x38 C:\Freescale\Freescale_MQX_4_2\lib\frdmk64f.kds\debug\psp\psp.a(time.o)
                0x00003a24                _time_get_hwticks
 .text._time_get_ticks
                0x00003a5c       0x58 C:\Freescale\Freescale_MQX_4_2\lib\frdmk64f.kds\debug\psp\psp.a(time.o)
                0x00003a5c                _time_get_ticks
 .text._time_notify_kernel
                0x00003ab4      0x1b8 C:\Freescale\Freescale_MQX_4_2\lib\frdmk64f.kds\debug\psp\psp.a(time.o)
                0x00003ab4                _time_notify_kernel
 .text._time_set_ticks_per_sec
                0x00003c6c       0x20 C:\Freescale\Freescale_MQX_4_2\lib\frdmk64f.kds\debug\psp\psp.a(time.o)
                0x00003c6c                _time_set_ticks_per_sec
 .text._time_set_hwtick_function
                0x00003c8c       0x28 C:\Freescale\Freescale_MQX_4_2\lib\frdmk64f.kds\debug\psp\psp.a(time.o)
                0x00003c8c                _time_set_hwtick_function
 .text._time_set_hwticks_per_tick
                0x00003cb4       0x20 C:\Freescale\Freescale_MQX_4_2\lib\frdmk64f.kds\debug\psp\psp.a(time.o)
                0x00003cb4                _time_set_hwticks_per_tick
 .text._task_create_internal
                0x00003cd4      0x150 C:\Freescale\Freescale_MQX_4_2\lib\frdmk64f.kds\debug\psp\psp.a(task.o)
                0x00003cd4                _task_create_internal
 .text._task_create
                0x00003e24       0x28 C:\Freescale\Freescale_MQX_4_2\lib\frdmk64f.kds\debug\psp\psp.a(task.o)
                0x00003e24                _task_create
 .text._task_destroy_internal
                0x00003e4c      0x454 C:\Freescale\Freescale_MQX_4_2\lib\frdmk64f.kds\debug\psp\psp.a(task.o)
                0x00003e4c                _task_destroy_internal
 .text._task_destroy
                0x000042a0       0x1c C:\Freescale\Freescale_MQX_4_2\lib\frdmk64f.kds\debug\psp\psp.a(task.o)
                0x000042a0                _task_destroy
 .text._task_get_id_from_name
                0x000042bc       0x8c C:\Freescale\Freescale_MQX_4_2\lib\frdmk64f.kds\debug\psp\psp.a(task.o)
                0x000042bc                _task_get_id_from_name
 .text._task_stop_preemption
                0x00004348       0x6c C:\Freescale\Freescale_MQX_4_2\lib\frdmk64f.kds\debug\psp\psp.a(task.o)
                0x00004348                _task_stop_preemption
 .text._task_get_error
                0x000043b4       0x24 C:\Freescale\Freescale_MQX_4_2\lib\frdmk64f.kds\debug\psp\psp.a(task.o)
                0x000043b4                _task_get_error
 .text._task_get_td
                0x000043d8       0x7c C:\Freescale\Freescale_MQX_4_2\lib\frdmk64f.kds\debug\psp\psp.a(task.o)
                0x000043d8                _task_get_td
 .text._task_set_error
                0x00004454       0x88 C:\Freescale\Freescale_MQX_4_2\lib\frdmk64f.kds\debug\psp\psp.a(task.o)
                0x00004454                _task_set_error
 .text._task_build_internal
                0x000044dc       0xb8 C:\Freescale\Freescale_MQX_4_2\lib\frdmk64f.kds\debug\psp\psp.a(task.o)
                0x000044dc                _task_build_internal
 .text._task_exit_function_internal
                0x00004594       0x5c C:\Freescale\Freescale_MQX_4_2\lib\frdmk64f.kds\debug\psp\psp.a(task.o)
                0x00004594                _task_exit_function_internal
 .text._task_init_internal
                0x000045f0      0x26c C:\Freescale\Freescale_MQX_4_2\lib\frdmk64f.kds\debug\psp\psp.a(task.o)
                0x000045f0                _task_init_internal
 .text._task_fill_stack_internal
                0x0000485c       0x38 C:\Freescale\Freescale_MQX_4_2\lib\frdmk64f.kds\debug\psp\psp.a(task.o)
                0x0000485c                _task_fill_stack_internal
 .text._task_ready_internal
                0x00004894       0xa0 C:\Freescale\Freescale_MQX_4_2\lib\frdmk64f.kds\debug\psp\psp.a(task.o)
                0x00004894                _task_ready_internal
 .text._task_alloc_td_internal
                0x00004934      0x13c C:\Freescale\Freescale_MQX_4_2\lib\frdmk64f.kds\debug\psp\psp.a(task.o)
                0x00004934                _task_alloc_td_internal
 .text._task_set_error_td_internal
                0x00004a70       0x7c C:\Freescale\Freescale_MQX_4_2\lib\frdmk64f.kds\debug\psp\psp.a(task.o)
                0x00004a70                _task_set_error_td_internal
 .text._sched_yield
                0x00004aec       0x8c C:\Freescale\Freescale_MQX_4_2\lib\frdmk64f.kds\debug\psp\psp.a(sched.o)
                0x00004aec                _sched_yield
 .text._queue_init
                0x00004b78       0x30 C:\Freescale\Freescale_MQX_4_2\lib\frdmk64f.kds\debug\psp\psp.a(queue.o)
                0x00004b78                _queue_init
 .text._queue_enqueue
                0x00004ba8       0x68 C:\Freescale\Freescale_MQX_4_2\lib\frdmk64f.kds\debug\psp\psp.a(queue.o)
                0x00004ba8                _queue_enqueue
 .text._queue_dequeue
                0x00004c10       0x54 C:\Freescale\Freescale_MQX_4_2\lib\frdmk64f.kds\debug\psp\psp.a(queue.o)
                0x00004c10                _queue_dequeue
 .text._queue_insert
                0x00004c64       0x70 C:\Freescale\Freescale_MQX_4_2\lib\frdmk64f.kds\debug\psp\psp.a(queue.o)
                0x00004c64                _queue_insert
 .text._mqx     0x00004cd4      0x228 C:\Freescale\Freescale_MQX_4_2\lib\frdmk64f.kds\debug\psp\psp.a(mqx.o)
                0x00004cd4                _mqx
 .text._mqx_exit
                0x00004efc       0x40 C:\Freescale\Freescale_MQX_4_2\lib\frdmk64f.kds\debug\psp\psp.a(mqx.o)
                0x00004efc                _mqx_exit
 .text._mqx_context_switch_internal
                0x00004f3c       0xc0 C:\Freescale\Freescale_MQX_4_2\lib\frdmk64f.kds\debug\psp\psp.a(mqx.o)
                0x00004f3c                _mqx_context_switch_internal
 .text._mqx_set_cpu_type
                0x00004ffc       0x24 C:\Freescale\Freescale_MQX_4_2\lib\frdmk64f.kds\debug\psp\psp.a(mqx.o)
                0x00004ffc                _mqx_set_cpu_type
 .text._mqx_init_kernel_data_internal
                0x00005020      0x184 C:\Freescale\Freescale_MQX_4_2\lib\frdmk64f.kds\debug\psp\psp.a(mqx.o)
                0x00005020                _mqx_init_kernel_data_internal
 .text._lwsem_create_internal
                0x000051a4       0xf8 C:\Freescale\Freescale_MQX_4_2\lib\frdmk64f.kds\debug\psp\psp.a(lwsem.o)
                0x000051a4                _lwsem_create_internal
 .text._lwsem_create
                0x0000529c       0x20 C:\Freescale\Freescale_MQX_4_2\lib\frdmk64f.kds\debug\psp\psp.a(lwsem.o)
                0x0000529c                _lwsem_create
 .text._lwsem_destroy_internal
                0x000052bc      0x168 C:\Freescale\Freescale_MQX_4_2\lib\frdmk64f.kds\debug\psp\psp.a(lwsem.o)
                0x000052bc                _lwsem_destroy_internal
 .text._lwsem_destroy
                0x00005424       0x1c C:\Freescale\Freescale_MQX_4_2\lib\frdmk64f.kds\debug\psp\psp.a(lwsem.o)
                0x00005424                _lwsem_destroy
 .text._lwsem_poll
                0x00005440       0xbc C:\Freescale\Freescale_MQX_4_2\lib\frdmk64f.kds\debug\psp\psp.a(lwsem.o)
                0x00005440                _lwsem_poll
 .text._lwsem_post
                0x000054fc      0x128 C:\Freescale\Freescale_MQX_4_2\lib\frdmk64f.kds\debug\psp\psp.a(lwsem.o)
                0x000054fc                _lwsem_post
 .text._lwsem_wait
                0x00005624      0x154 C:\Freescale\Freescale_MQX_4_2\lib\frdmk64f.kds\debug\psp\psp.a(lwsem.o)
                0x00005624                _lwsem_wait
 .text._lwmem_alloc_internal
                0x00005778      0x194 C:\Freescale\Freescale_MQX_4_2\lib\frdmk64f.kds\debug\psp\psp.a(lwmem.o)
                0x00005778                _lwmem_alloc_internal
 .text._lwmem_alloc_at_internal
                0x0000590c      0x1b0 C:\Freescale\Freescale_MQX_4_2\lib\frdmk64f.kds\debug\psp\psp.a(lwmem.o)
                0x0000590c                _lwmem_alloc_at_internal
 .text._lwmem_alloc_align_internal
                0x00005abc      0x220 C:\Freescale\Freescale_MQX_4_2\lib\frdmk64f.kds\debug\psp\psp.a(lwmem.o)
                0x00005abc                _lwmem_alloc_align_internal
 .text._lwmem_alloc
                0x00005cdc       0x7c C:\Freescale\Freescale_MQX_4_2\lib\frdmk64f.kds\debug\psp\psp.a(lwmem.o)
                0x00005cdc                _lwmem_alloc
 .text._lwmem_alloc_at
                0x00005d58       0x7c C:\Freescale\Freescale_MQX_4_2\lib\frdmk64f.kds\debug\psp\psp.a(lwmem.o)
                0x00005d58                _lwmem_alloc_at
 .text._lwmem_get_system_pool_id
                0x00005dd4       0x18 C:\Freescale\Freescale_MQX_4_2\lib\frdmk64f.kds\debug\psp\psp.a(lwmem.o)
                0x00005dd4                _lwmem_get_system_pool_id
 .text._lwmem_alloc_zero
                0x00005dec       0x7c C:\Freescale\Freescale_MQX_4_2\lib\frdmk64f.kds\debug\psp\psp.a(lwmem.o)
                0x00005dec                _lwmem_alloc_zero
 .text._lwmem_create_pool
                0x00005e68      0x100 C:\Freescale\Freescale_MQX_4_2\lib\frdmk64f.kds\debug\psp\psp.a(lwmem.o)
                0x00005e68                _lwmem_create_pool
 .text._lwmem_create_pool_mapped
                0x00005f68       0x3c C:\Freescale\Freescale_MQX_4_2\lib\frdmk64f.kds\debug\psp\psp.a(lwmem.o)
                0x00005f68                _lwmem_create_pool_mapped
 .text._lwmem_free
                0x00005fa4      0x254 C:\Freescale\Freescale_MQX_4_2\lib\frdmk64f.kds\debug\psp\psp.a(lwmem.o)
                0x00005fa4                _lwmem_free
 .text._lwmem_alloc_system
                0x000061f8       0x7c C:\Freescale\Freescale_MQX_4_2\lib\frdmk64f.kds\debug\psp\psp.a(lwmem.o)
                0x000061f8                _lwmem_alloc_system
 .text._lwmem_alloc_system_align
                0x00006274       0x80 C:\Freescale\Freescale_MQX_4_2\lib\frdmk64f.kds\debug\psp\psp.a(lwmem.o)
                0x00006274                _lwmem_alloc_system_align
 .text._lwmem_init_internal
                0x000062f4       0x4c C:\Freescale\Freescale_MQX_4_2\lib\frdmk64f.kds\debug\psp\psp.a(lwmem.o)
                0x000062f4                _lwmem_init_internal
 .text._lwmem_get_next_block_internal
                0x00006340       0xc0 C:\Freescale\Freescale_MQX_4_2\lib\frdmk64f.kds\debug\psp\psp.a(lwmem.o)
                0x00006340                _lwmem_get_next_block_internal
 .text._lwmem_set_type
                0x00006400       0x30 C:\Freescale\Freescale_MQX_4_2\lib\frdmk64f.kds\debug\psp\psp.a(lwmem.o)
                0x00006400                _lwmem_set_type
 .text._lwmem_transfer_internal
                0x00006430       0x24 C:\Freescale\Freescale_MQX_4_2\lib\frdmk64f.kds\debug\psp\psp.a(lwmem.o)
                0x00006430                _lwmem_transfer_internal
 .text._lwmem_transfer_td_internal
                0x00006454       0x2c C:\Freescale\Freescale_MQX_4_2\lib\frdmk64f.kds\debug\psp\psp.a(lwmem.o)
                0x00006454                _lwmem_transfer_td_internal
 .text._lwmem_alloc_system_zero
                0x00006480       0x7c C:\Freescale\Freescale_MQX_4_2\lib\frdmk64f.kds\debug\psp\psp.a(lwmem.o)
                0x00006480                _lwmem_alloc_system_zero
 .text._lwevent_create_internal
                0x000064fc      0x128 C:\Freescale\Freescale_MQX_4_2\lib\frdmk64f.kds\debug\psp\psp.a(lwevent.o)
                0x000064fc                _lwevent_create_internal
 .text._lwevent_create
                0x00006624       0x20 C:\Freescale\Freescale_MQX_4_2\lib\frdmk64f.kds\debug\psp\psp.a(lwevent.o)
                0x00006624                _lwevent_create
 .text._lwevent_destroy_internal
                0x00006644      0x174 C:\Freescale\Freescale_MQX_4_2\lib\frdmk64f.kds\debug\psp\psp.a(lwevent.o)
                0x00006644                _lwevent_destroy_internal
 .text._lwevent_destroy
                0x000067b8       0x1c C:\Freescale\Freescale_MQX_4_2\lib\frdmk64f.kds\debug\psp\psp.a(lwevent.o)
                0x000067b8                _lwevent_destroy
 .text._lwevent_clear
                0x000067d4       0xb4 C:\Freescale\Freescale_MQX_4_2\lib\frdmk64f.kds\debug\psp\psp.a(lwevent.o)
                0x000067d4                _lwevent_clear
 .text._lwevent_get_signalled
                0x00006888       0x68 C:\Freescale\Freescale_MQX_4_2\lib\frdmk64f.kds\debug\psp\psp.a(lwevent.o)
                0x00006888                _lwevent_get_signalled
 .text._lwevent_set
                0x000068f0      0x1c4 C:\Freescale\Freescale_MQX_4_2\lib\frdmk64f.kds\debug\psp\psp.a(lwevent.o)
                0x000068f0                _lwevent_set
 .text._lwevent_wait_internal
                0x00006ab4      0x158 C:\Freescale\Freescale_MQX_4_2\lib\frdmk64f.kds\debug\psp\psp.a(lwevent.o)
                0x00006ab4                _lwevent_wait_internal
 .text._lwevent_wait_ticks
                0x00006c0c       0xc8 C:\Freescale\Freescale_MQX_4_2\lib\frdmk64f.kds\debug\psp\psp.a(lwevent.o)
                0x00006c0c                _lwevent_wait_ticks
 .text._klog_log
                0x00006cd4       0xa8 C:\Freescale\Freescale_MQX_4_2\lib\frdmk64f.kds\debug\psp\psp.a(klog.o)
                0x00006cd4                _klog_log
 .text._klog_block_internal
                0x00006d7c       0x80 C:\Freescale\Freescale_MQX_4_2\lib\frdmk64f.kds\debug\psp\psp.a(klog.o)
                0x00006d7c                _klog_block_internal
 .text._klog_yield_internal
                0x00006dfc       0x80 C:\Freescale\Freescale_MQX_4_2\lib\frdmk64f.kds\debug\psp\psp.a(klog.o)
                0x00006dfc                _klog_yield_internal
 .text._klog_context_switch_internal
                0x00006e7c       0x84 C:\Freescale\Freescale_MQX_4_2\lib\frdmk64f.kds\debug\psp\psp.a(klog.o)
                0x00006e7c                _klog_context_switch_internal
 .text._klog_isr_start_internal
                0x00006f00       0x74 C:\Freescale\Freescale_MQX_4_2\lib\frdmk64f.kds\debug\psp\psp.a(klog.o)
                0x00006f00                _klog_isr_start_internal
 .text._klog_isr_end_internal
                0x00006f74       0x64 C:\Freescale\Freescale_MQX_4_2\lib\frdmk64f.kds\debug\psp\psp.a(klog.o)
                0x00006f74                _klog_isr_end_internal
 .text._int_default_isr
                0x00006fd8       0x80 C:\Freescale\Freescale_MQX_4_2\lib\frdmk64f.kds\debug\psp\psp.a(int.o)
                0x00006fd8                _int_default_isr
 .text._int_disable
                0x00007058       0x38 C:\Freescale\Freescale_MQX_4_2\lib\frdmk64f.kds\debug\psp\psp.a(int.o)
                0x00007058                _int_disable
 .text._int_enable
                0x00007090       0x50 C:\Freescale\Freescale_MQX_4_2\lib\frdmk64f.kds\debug\psp\psp.a(int.o)
                0x00007090                _int_enable
 .text._int_get_default_isr
                0x000070e0       0x20 C:\Freescale\Freescale_MQX_4_2\lib\frdmk64f.kds\debug\psp\psp.a(int.o)
                0x000070e0                _int_get_default_isr
 .text._int_get_isr
                0x00007100       0x94 C:\Freescale\Freescale_MQX_4_2\lib\frdmk64f.kds\debug\psp\psp.a(int.o)
                0x00007100                _int_get_isr
 .text._int_get_isr_data
                0x00007194       0x90 C:\Freescale\Freescale_MQX_4_2\lib\frdmk64f.kds\debug\psp\psp.a(int.o)
                0x00007194                _int_get_isr_data
 .text._int_install_default_isr
                0x00007224       0x70 C:\Freescale\Freescale_MQX_4_2\lib\frdmk64f.kds\debug\psp\psp.a(int.o)
                0x00007224                _int_install_default_isr
 .text._int_install_isr
                0x00007294      0x18c C:\Freescale\Freescale_MQX_4_2\lib\frdmk64f.kds\debug\psp\psp.a(int.o)
                0x00007294                _int_install_isr
 .text._int_install_unexpected_isr
                0x00007420       0x34 C:\Freescale\Freescale_MQX_4_2\lib\frdmk64f.kds\debug\psp\psp.a(int.o)
                0x00007420                _int_install_unexpected_isr
 .text._int_init
                0x00007454       0xa8 C:\Freescale\Freescale_MQX_4_2\lib\frdmk64f.kds\debug\psp\psp.a(int.o)
                0x00007454                _int_init
 .text._bsp_post_init
                0x000074fc       0x10 C:\Freescale\Freescale_MQX_4_2\lib\frdmk64f.kds\debug\psp\psp.a(inittask.o)
                0x000074fc                _bsp_post_init
 .text._mqx_init_task
                0x0000750c       0x94 C:\Freescale\Freescale_MQX_4_2\lib\frdmk64f.kds\debug\psp\psp.a(inittask.o)
                0x0000750c                _mqx_init_task
 .text._mqx_idle_task
                0x000075a0       0x60 C:\Freescale\Freescale_MQX_4_2\lib\frdmk64f.kds\debug\psp\psp.a(idletask.o)
                0x000075a0                _mqx_idle_task
 .text._io_write
                0x00007600       0x48 C:\Freescale\Freescale_MQX_4_2\lib\frdmk64f.kds\debug\psp\psp.a(io_write.o)
                0x00007600                _io_write
 .text._io_read
                0x00007648       0xbc C:\Freescale\Freescale_MQX_4_2\lib\frdmk64f.kds\debug\psp\psp.a(io_read.o)
                0x00007648                _io_read
 .text._io_printf
                0x00007704       0x40 C:\Freescale\Freescale_MQX_4_2\lib\frdmk64f.kds\debug\psp\psp.a(io_pntf.o)
                0x00007704                _io_printf
 .text._io_ioctl
                0x00007744       0x74 C:\Freescale\Freescale_MQX_4_2\lib\frdmk64f.kds\debug\psp\psp.a(io_ioctl.o)
                0x00007744                _io_ioctl
 .text._io_fputc
                0x000077b8       0x5c C:\Freescale\Freescale_MQX_4_2\lib\frdmk64f.kds\debug\psp\psp.a(io_fputc.o)
                0x000077b8                _io_fputc
 .text._io_fopen
                0x00007814       0xf4 C:\Freescale\Freescale_MQX_4_2\lib\frdmk64f.kds\debug\psp\psp.a(io_fopen.o)
                0x00007814                _io_fopen
 .text._io_fflush
                0x00007908       0x5c C:\Freescale\Freescale_MQX_4_2\lib\frdmk64f.kds\debug\psp\psp.a(io_fflsh.o)
                0x00007908                _io_fflush
 .text._io_mputc
                0x00007964       0x5c C:\Freescale\Freescale_MQX_4_2\lib\frdmk64f.kds\debug\psp\psp.a(io_dopr.o)
 .text._io_putstr
                0x000079c0       0x7c C:\Freescale\Freescale_MQX_4_2\lib\frdmk64f.kds\debug\psp\psp.a(io_dopr.o)
 *fill*         0x00007a3c        0x4 
 .text._io_doprint
                0x00007a40     0x14f0 C:\Freescale\Freescale_MQX_4_2\lib\frdmk64f.kds\debug\psp\psp.a(io_dopr.o)
                0x00007a40                _io_doprint
 .text._io_doprint_prt
                0x00008f30      0x128 C:\Freescale\Freescale_MQX_4_2\lib\frdmk64f.kds\debug\psp\psp.a(io_dopr.o)
                0x00008f30                _io_doprint_prt
 .text._io_doprint_prt64
                0x00009058      0x16c C:\Freescale\Freescale_MQX_4_2\lib\frdmk64f.kds\debug\psp\psp.a(io_dopr.o)
                0x00009058                _io_doprint_prt64
 .text._psp_destroy_stack_frame
                0x000091c4       0x14 C:\Freescale\Freescale_MQX_4_2\lib\frdmk64f.kds\debug\psp\psp.a(stack_de.o)
                0x000091c4                _psp_destroy_stack_frame
 .text._psp_build_stack_frame
                0x000091d8       0xa8 C:\Freescale\Freescale_MQX_4_2\lib\frdmk64f.kds\debug\psp\psp.a(stack_bu.o)
                0x000091d8                _psp_build_stack_frame
 .text._psp_build_float_context
                0x00009280       0x5c C:\Freescale\Freescale_MQX_4_2\lib\frdmk64f.kds\debug\psp\psp.a(stack_bu.o)
                0x00009280                _psp_build_float_context
 .text._psp_set_kernel_disable_level
                0x000092dc       0xa8 C:\Freescale\Freescale_MQX_4_2\lib\frdmk64f.kds\debug\psp\psp.a(sc_irdyq.o)
                0x000092dc                _psp_set_kernel_disable_level
 .text._psp_init_readyqs
                0x00009384       0xbc C:\Freescale\Freescale_MQX_4_2\lib\frdmk64f.kds\debug\psp\psp.a(sc_irdyq.o)
                0x00009384                _psp_init_readyqs
 .text._psp_subtract_ticks
                0x00009440       0x60 C:\Freescale\Freescale_MQX_4_2\lib\frdmk64f.kds\debug\psp\psp.a(psp_tisu.o)
                0x00009440                _psp_subtract_ticks
 .text._psp_normalize_ticks
                0x000094a0       0x58 C:\Freescale\Freescale_MQX_4_2\lib\frdmk64f.kds\debug\psp\psp.a(psp_tinm.o)
                0x000094a0                _psp_normalize_ticks
 .text.__psp_ticks_to_milliseconds
                0x000094f8       0xf4 C:\Freescale\Freescale_MQX_4_2\lib\frdmk64f.kds\debug\psp\psp.a(psp_tims.o)
 .text._psp_ticks_to_milliseconds
                0x000095ec       0x20 C:\Freescale\Freescale_MQX_4_2\lib\frdmk64f.kds\debug\psp\psp.a(psp_tims.o)
                0x000095ec                _psp_ticks_to_milliseconds
 .text._psp_add_ticks
                0x0000960c       0x68 C:\Freescale\Freescale_MQX_4_2\lib\frdmk64f.kds\debug\psp\psp.a(psp_tiad.o)
                0x0000960c                _psp_add_ticks
 .text._psp_msecs_to_ticks_quick
                0x00009674       0xc8 C:\Freescale\Freescale_MQX_4_2\lib\frdmk64f.kds\debug\psp\psp.a(psp_mstiq.o)
                0x00009674                _psp_msecs_to_ticks_quick
 .text._psp_add_element_to_array
                0x0000973c       0x64 C:\Freescale\Freescale_MQX_4_2\lib\frdmk64f.kds\debug\psp\psp.a(psp_mat3.o)
                0x0000973c                _psp_add_element_to_array
 .text._psp_div_128_by_32
                0x000097a0      0x134 C:\Freescale\Freescale_MQX_4_2\lib\frdmk64f.kds\debug\psp\psp.a(psp_mat2.o)
                0x000097a0                _psp_div_128_by_32
 .text._psp_mul_128_by_32
                0x000098d4      0x180 C:\Freescale\Freescale_MQX_4_2\lib\frdmk64f.kds\debug\psp\psp.a(psp_mat1.o)
                0x000098d4                _psp_mul_128_by_32
 .text._mqx_assert
                0x00009a54       0x14 C:\Freescale\Freescale_MQX_4_2\lib\frdmk64f.kds\debug\psp\psp.a(k_assert.o)
                0x00009a54                _mqx_assert
 .text._int_unexpected_isr
                0x00009a68       0x54 C:\Freescale\Freescale_MQX_4_2\lib\frdmk64f.kds\debug\psp\psp.a(int_unx.o)
                0x00009a68                _int_unexpected_isr
 .text          0x00009abc       0x60 C:\Freescale\Freescale_MQX_4_2\lib\frdmk64f.kds\debug\psp\psp.a(boot.o)
                0x00009abc                __boot
 .text._lwlog_write_internal
                0x00009b1c      0x140 C:\Freescale\Freescale_MQX_4_2\lib\frdmk64f.kds\debug\psp\psp.a(lwlog.o)
                0x00009b1c                _lwlog_write_internal
 .text._lwlog_write
                0x00009c5c       0x64 C:\Freescale\Freescale_MQX_4_2\lib\frdmk64f.kds\debug\psp\psp.a(lwlog.o)
                0x00009c5c                _lwlog_write
 .text._io_get_handle
                0x00009cc0       0x68 C:\Freescale\Freescale_MQX_4_2\lib\frdmk64f.kds\debug\psp\psp.a(io_ghand.o)
                0x00009cc0                _io_get_handle
 .text._io_fseek
                0x00009d28      0x1f0 C:\Freescale\Freescale_MQX_4_2\lib\frdmk64f.kds\debug\psp\psp.a(io_fseek.o)
                0x00009d28                _io_fseek
 .text._io_cvt  0x00009f18      0x3e0 C:\Freescale\Freescale_MQX_4_2\lib\frdmk64f.kds\debug\psp\psp.a(io_fp.o)
                0x00009f18                _io_cvt
 .text._io_inf_or_nan
                0x0000a2f8       0xf0 C:\Freescale\Freescale_MQX_4_2\lib\frdmk64f.kds\debug\psp\psp.a(io_fp.o)
 .text._io_dtoa
                0x0000a3e8       0x90 C:\Freescale\Freescale_MQX_4_2\lib\frdmk64f.kds\debug\psp\psp.a(io_fp.o)
                0x0000a3e8                _io_dtoa
 .text._io_dtoe
                0x0000a478      0x1c8 C:\Freescale\Freescale_MQX_4_2\lib\frdmk64f.kds\debug\psp\psp.a(io_fp.o)
                0x0000a478                _io_dtoe
 .text._io_dtof
                0x0000a640      0x218 C:\Freescale\Freescale_MQX_4_2\lib\frdmk64f.kds\debug\psp\psp.a(io_fp.o)
                0x0000a640                _io_dtof
 .text._io_dtog
                0x0000a858      0x4a8 C:\Freescale\Freescale_MQX_4_2\lib\frdmk64f.kds\debug\psp\psp.a(io_fp.o)
                0x0000a858                _io_dtog
 .text._init    0x0000ad00        0xc C:\Freescale\Freescale_MQX_4_2\lib\frdmk64f.kds\debug\psp\psp.a(comp.o)
                0x0000ad00                _init
 .text._fini    0x0000ad0c        0xc C:\Freescale\Freescale_MQX_4_2\lib\frdmk64f.kds\debug\psp\psp.a(comp.o)
                0x0000ad0c                _fini
 .text.malloc   0x0000ad18       0x18 C:\Freescale\Freescale_MQX_4_2\lib\frdmk64f.kds\debug\psp\psp.a(comp.o)
                0x0000ad18                malloc
 .text.free     0x0000ad30       0x14 C:\Freescale\Freescale_MQX_4_2\lib\frdmk64f.kds\debug\psp\psp.a(comp.o)
                0x0000ad30                free
 .text.data_startup
                0x0000ad44       0xa0 C:\Freescale\Freescale_MQX_4_2\lib\frdmk64f.kds\debug\psp\psp.a(comp.o)
                0x0000ad44                data_startup
 .text.toolchain_startup
                0x0000ade4       0x28 C:\Freescale\Freescale_MQX_4_2\lib\frdmk64f.kds\debug\psp\psp.a(comp.o)
                0x0000ade4                toolchain_startup
 .text._exit    0x0000ae0c        0xc C:\Freescale\Freescale_MQX_4_2\lib\frdmk64f.kds\debug\psp\psp.a(comp.o)
                0x0000ae0c                _exit
 .text.lwgpio_init
                0x0000ae18       0x84 C:\Freescale\Freescale_MQX_4_2\lib\frdmk64f.kds\debug\bsp\bsp.a(lwgpio_kgpio.o)
                0x0000ae18                lwgpio_init
 .text.lwgpio_set_functionality
                0x0000ae9c       0x3c C:\Freescale\Freescale_MQX_4_2\lib\frdmk64f.kds\debug\bsp\bsp.a(lwgpio_kgpio.o)
                0x0000ae9c                lwgpio_set_functionality
 .text.lwgpio_set_direction
                0x0000aed8       0x64 C:\Freescale\Freescale_MQX_4_2\lib\frdmk64f.kds\debug\bsp\bsp.a(lwgpio_kgpio.o)
                0x0000aed8                lwgpio_set_direction
 .text.lwgpio_set_value
                0x0000af3c       0x38 C:\Freescale\Freescale_MQX_4_2\lib\frdmk64f.kds\debug\bsp\bsp.a(lwgpio_kgpio.o)
                0x0000af3c                lwgpio_set_value
 .text.hwtimer_pit_isr_shared
                0x0000af74       0xd4 C:\Freescale\Freescale_MQX_4_2\lib\frdmk64f.kds\debug\bsp\bsp.a(hwtimer_pit.o)
 .text.hwtimer_pit_isr
                0x0000b048       0x8c C:\Freescale\Freescale_MQX_4_2\lib\frdmk64f.kds\debug\bsp\bsp.a(hwtimer_pit.o)
 .text.hwtimer_pit_init
                0x0000b0d4      0x154 C:\Freescale\Freescale_MQX_4_2\lib\frdmk64f.kds\debug\bsp\bsp.a(hwtimer_pit.o)
 .text.hwtimer_pit_deinit
                0x0000b228      0x10c C:\Freescale\Freescale_MQX_4_2\lib\frdmk64f.kds\debug\bsp\bsp.a(hwtimer_pit.o)
 .text.hwtimer_pit_set_div
                0x0000b334       0x4c C:\Freescale\Freescale_MQX_4_2\lib\frdmk64f.kds\debug\bsp\bsp.a(hwtimer_pit.o)
 .text.hwtimer_pit_start
                0x0000b380       0x54 C:\Freescale\Freescale_MQX_4_2\lib\frdmk64f.kds\debug\bsp\bsp.a(hwtimer_pit.o)
 .text.hwtimer_pit_stop
                0x0000b3d4       0x54 C:\Freescale\Freescale_MQX_4_2\lib\frdmk64f.kds\debug\bsp\bsp.a(hwtimer_pit.o)
 .text.hwtimer_pit_get_time
                0x0000b428       0x80 C:\Freescale\Freescale_MQX_4_2\lib\frdmk64f.kds\debug\bsp\bsp.a(hwtimer_pit.o)
 .text.pit_io_init
                0x0000b4a8       0x40 C:\Freescale\Freescale_MQX_4_2\lib\frdmk64f.kds\debug\bsp\bsp.a(hwtimer_kinetis.o)
                0x0000b4a8                pit_io_init
 .text.pit_get_vectors
                0x0000b4e8       0x30 C:\Freescale\Freescale_MQX_4_2\lib\frdmk64f.kds\debug\bsp\bsp.a(hwtimer_kinetis.o)
                0x0000b4e8                pit_get_vectors
 .text.pit_get_hwtimers_array
                0x0000b518       0x1c C:\Freescale\Freescale_MQX_4_2\lib\frdmk64f.kds\debug\bsp\bsp.a(hwtimer_kinetis.o)
                0x0000b518                pit_get_hwtimers_array
 .text.systick_get_vector
                0x0000b534       0x10 C:\Freescale\Freescale_MQX_4_2\lib\frdmk64f.kds\debug\bsp\bsp.a(hwtimer_kinetis.o)
                0x0000b534                systick_get_vector
 .text.hwtimer_init
                0x0000b544       0x80 C:\Freescale\Freescale_MQX_4_2\lib\frdmk64f.kds\debug\bsp\bsp.a(hwtimer.o)
                0x0000b544                hwtimer_init
 .text.hwtimer_deinit
                0x0000b5c4       0x9c C:\Freescale\Freescale_MQX_4_2\lib\frdmk64f.kds\debug\bsp\bsp.a(hwtimer.o)
                0x0000b5c4                hwtimer_deinit
 .text.hwtimer_set_freq
                0x0000b660       0x78 C:\Freescale\Freescale_MQX_4_2\lib\frdmk64f.kds\debug\bsp\bsp.a(hwtimer.o)
                0x0000b660                hwtimer_set_freq
 .text.hwtimer_set_period
                0x0000b6d8       0xe0 C:\Freescale\Freescale_MQX_4_2\lib\frdmk64f.kds\debug\bsp\bsp.a(hwtimer.o)
                0x0000b6d8                hwtimer_set_period
 .text.hwtimer_get_freq
                0x0000b7b8       0x48 C:\Freescale\Freescale_MQX_4_2\lib\frdmk64f.kds\debug\bsp\bsp.a(hwtimer.o)
                0x0000b7b8                hwtimer_get_freq
 .text.hwtimer_get_period
                0x0000b800       0x9c C:\Freescale\Freescale_MQX_4_2\lib\frdmk64f.kds\debug\bsp\bsp.a(hwtimer.o)
                0x0000b800                hwtimer_get_period
 .text.hwtimer_start
                0x0000b89c       0x3c C:\Freescale\Freescale_MQX_4_2\lib\frdmk64f.kds\debug\bsp\bsp.a(hwtimer.o)
                0x0000b89c                hwtimer_start
 .text.hwtimer_get_modulo
                0x0000b8d8       0x24 C:\Freescale\Freescale_MQX_4_2\lib\frdmk64f.kds\debug\bsp\bsp.a(hwtimer.o)
                0x0000b8d8                hwtimer_get_modulo
 .text.hwtimer_get_time
                0x0000b8fc       0x48 C:\Freescale\Freescale_MQX_4_2\lib\frdmk64f.kds\debug\bsp\bsp.a(hwtimer.o)
                0x0000b8fc                hwtimer_get_time
 .text.hwtimer_callback_reg
                0x0000b944       0x40 C:\Freescale\Freescale_MQX_4_2\lib\frdmk64f.kds\debug\bsp\bsp.a(hwtimer.o)
                0x0000b944                hwtimer_callback_reg
 .text.FLEXCAN_Int_enable
                0x0000b984       0x88 C:\Freescale\Freescale_MQX_4_2\lib\frdmk64f.kds\debug\bsp\bsp.a(kflexcan_int.o)
                0x0000b984                FLEXCAN_Int_enable
 .text.FLEXCAN_Error_int_enable
                0x0000ba0c       0xa4 C:\Freescale\Freescale_MQX_4_2\lib\frdmk64f.kds\debug\bsp\bsp.a(kflexcan_int.o)
                0x0000ba0c                FLEXCAN_Error_int_enable
 .text.FLEXCAN_Int_disable
                0x0000bab0       0x88 C:\Freescale\Freescale_MQX_4_2\lib\frdmk64f.kds\debug\bsp\bsp.a(kflexcan_int.o)
                0x0000bab0                FLEXCAN_Int_disable
 .text.FLEXCAN_Install_isr
                0x0000bb38       0x84 C:\Freescale\Freescale_MQX_4_2\lib\frdmk64f.kds\debug\bsp\bsp.a(kflexcan_int.o)
                0x0000bb38                FLEXCAN_Install_isr
 .text.FLEXCAN_Install_isr_err_int
                0x0000bbbc       0x74 C:\Freescale\Freescale_MQX_4_2\lib\frdmk64f.kds\debug\bsp\bsp.a(kflexcan_int.o)
                0x0000bbbc                FLEXCAN_Install_isr_err_int
 .text.FLEXCAN_Install_isr_boff_int
                0x0000bc30       0x74 C:\Freescale\Freescale_MQX_4_2\lib\frdmk64f.kds\debug\bsp\bsp.a(kflexcan_int.o)
                0x0000bc30                FLEXCAN_Install_isr_boff_int
 .text.FLEXCAN_Start
                0x0000bca4       0x48 C:\Freescale\Freescale_MQX_4_2\lib\frdmk64f.kds\debug\bsp\bsp.a(kflexcan.o)
                0x0000bca4                FLEXCAN_Start
 .text.FLEXCAN_Softreset
                0x0000bcec       0x94 C:\Freescale\Freescale_MQX_4_2\lib\frdmk64f.kds\debug\bsp\bsp.a(kflexcan.o)
                0x0000bcec                FLEXCAN_Softreset
 .text.FLEXCAN_Select_mode
                0x0000bd80       0xec C:\Freescale\Freescale_MQX_4_2\lib\frdmk64f.kds\debug\bsp\bsp.a(kflexcan.o)
                0x0000bd80                FLEXCAN_Select_mode
 .text.FLEXCAN_Select_clk
                0x0000be6c       0x64 C:\Freescale\Freescale_MQX_4_2\lib\frdmk64f.kds\debug\bsp\bsp.a(kflexcan.o)
                0x0000be6c                FLEXCAN_Select_clk
 .text.FLEXCAN_Initialize
                0x0000bed0      0x2d8 C:\Freescale\Freescale_MQX_4_2\lib\frdmk64f.kds\debug\bsp\bsp.a(kflexcan.o)
                0x0000bed0                FLEXCAN_Initialize
 .text.FLEXCAN_Initialize_mailbox
                0x0000c1a8      0x1a8 C:\Freescale\Freescale_MQX_4_2\lib\frdmk64f.kds\debug\bsp\bsp.a(kflexcan.o)
                0x0000c1a8                FLEXCAN_Initialize_mailbox
 .text.FLEXCAN_Activate_mailbox
                0x0000c350       0x74 C:\Freescale\Freescale_MQX_4_2\lib\frdmk64f.kds\debug\bsp\bsp.a(kflexcan.o)
                0x0000c350                FLEXCAN_Activate_mailbox
 .text.FLEXCAN_Lock_mailbox
                0x0000c3c4       0x4c C:\Freescale\Freescale_MQX_4_2\lib\frdmk64f.kds\debug\bsp\bsp.a(kflexcan.o)
                0x0000c3c4                FLEXCAN_Lock_mailbox
 .text.FLEXCAN_Unlock_mailbox
                0x0000c410       0x34 C:\Freescale\Freescale_MQX_4_2\lib\frdmk64f.kds\debug\bsp\bsp.a(kflexcan.o)
                0x0000c410                FLEXCAN_Unlock_mailbox
 .text.FLEXCAN_Set_global_extmask
                0x0000c444       0x6c C:\Freescale\Freescale_MQX_4_2\lib\frdmk64f.kds\debug\bsp\bsp.a(kflexcan.o)
                0x0000c444                FLEXCAN_Set_global_extmask
 .text.FLEXCAN_Tx_mailbox
                0x0000c4b0      0x104 C:\Freescale\Freescale_MQX_4_2\lib\frdmk64f.kds\debug\bsp\bsp.a(kflexcan.o)
                0x0000c4b0                FLEXCAN_Tx_mailbox
 .text.FLEXCAN_Rx_message
                0x0000c5b4      0x330 C:\Freescale\Freescale_MQX_4_2\lib\frdmk64f.kds\debug\bsp\bsp.a(kflexcan.o)
                0x0000c5b4                FLEXCAN_Rx_message
 .text.FLEXCAN_Tx_message
                0x0000c8e4      0x24c C:\Freescale\Freescale_MQX_4_2\lib\frdmk64f.kds\debug\bsp\bsp.a(kflexcan.o)
                0x0000c8e4                FLEXCAN_Tx_message
 .text._bsp_get_flexcan_base_address
                0x0000cb30       0x2c C:\Freescale\Freescale_MQX_4_2\lib\frdmk64f.kds\debug\bsp\bsp.a(flexcan_mk64.o)
                0x0000cb30                _bsp_get_flexcan_base_address
 .text._bsp_get_flexcan_vector
                0x0000cb5c       0x50 C:\Freescale\Freescale_MQX_4_2\lib\frdmk64f.kds\debug\bsp\bsp.a(flexcan_mk64.o)
                0x0000cb5c                _bsp_get_flexcan_vector
 .text._cm_get_clock_configuration
                0x0000cbac       0x10 C:\Freescale\Freescale_MQX_4_2\lib\frdmk64f.kds\debug\bsp\bsp.a(cm.o)
                0x0000cbac                _cm_get_clock_configuration
 .text._cm_get_clock
                0x0000cbbc       0x24 C:\Freescale\Freescale_MQX_4_2\lib\frdmk64f.kds\debug\bsp\bsp.a(cm.o)
                0x0000cbbc                _cm_get_clock
 .text.main     0x0000cbe0       0x14 C:\Freescale\Freescale_MQX_4_2\lib\frdmk64f.kds\debug\bsp\bsp.a(mqx_main.o)
                0x0000cbe0                main
 .text._bsp_watchdog_disable
                0x0000cbf4       0x38 C:\Freescale\Freescale_MQX_4_2\lib\frdmk64f.kds\debug\bsp\bsp.a(init_hw.o)
                0x0000cbf4                _bsp_watchdog_disable
 .text._bsp_flexbus_setup
                0x0000cc2c      0x14c C:\Freescale\Freescale_MQX_4_2\lib\frdmk64f.kds\debug\bsp\bsp.a(init_hw.o)
 .text.init_hardware
                0x0000cd78       0x14 C:\Freescale\Freescale_MQX_4_2\lib\frdmk64f.kds\debug\bsp\bsp.a(init_hw.o)
                0x0000cd78                init_hardware
 .text._bsp_serial_io_init
                0x0000cd8c      0x338 C:\Freescale\Freescale_MQX_4_2\lib\frdmk64f.kds\debug\bsp\bsp.a(init_gpio.o)
                0x0000cd8c                _bsp_serial_io_init
 .text._bsp_adc_io_init
                0x0000d0c4       0x64 C:\Freescale\Freescale_MQX_4_2\lib\frdmk64f.kds\debug\bsp\bsp.a(init_gpio.o)
                0x0000d0c4                _bsp_adc_io_init
 .text._bsp_adc_channel_io_init
                0x0000d128      0x144 C:\Freescale\Freescale_MQX_4_2\lib\frdmk64f.kds\debug\bsp\bsp.a(init_gpio.o)
                0x0000d128                _bsp_adc_channel_io_init
 .text._bsp_rtc_io_init
                0x0000d26c       0x2c C:\Freescale\Freescale_MQX_4_2\lib\frdmk64f.kds\debug\bsp\bsp.a(init_gpio.o)
                0x0000d26c                _bsp_rtc_io_init
 .text._bsp_dspi_io_init
                0x0000d298       0xf8 C:\Freescale\Freescale_MQX_4_2\lib\frdmk64f.kds\debug\bsp\bsp.a(init_gpio.o)
                0x0000d298                _bsp_dspi_io_init
 .text._bsp_esdhc_io_init
                0x0000d390       0x98 C:\Freescale\Freescale_MQX_4_2\lib\frdmk64f.kds\debug\bsp\bsp.a(init_gpio.o)
                0x0000d390                _bsp_esdhc_io_init
 .text._bsp_flexcan_io_init
                0x0000d428       0x84 C:\Freescale\Freescale_MQX_4_2\lib\frdmk64f.kds\debug\bsp\bsp.a(init_gpio.o)
                0x0000d428                _bsp_flexcan_io_init
 .text._bsp_i2c_io_init
                0x0000d4ac       0xcc C:\Freescale\Freescale_MQX_4_2\lib\frdmk64f.kds\debug\bsp\bsp.a(init_gpio.o)
                0x0000d4ac                _bsp_i2c_io_init
 .text._bsp_gpio_io_init
                0x0000d578       0x40 C:\Freescale\Freescale_MQX_4_2\lib\frdmk64f.kds\debug\bsp\bsp.a(init_gpio.o)
                0x0000d578                _bsp_gpio_io_init
 .text._bsp_serial_rts_init
                0x0000d5b8       0xa0 C:\Freescale\Freescale_MQX_4_2\lib\frdmk64f.kds\debug\bsp\bsp.a(init_gpio.o)
                0x0000d5b8                _bsp_serial_rts_init
 .text._bsp_sai_io_init
                0x0000d658       0x8c C:\Freescale\Freescale_MQX_4_2\lib\frdmk64f.kds\debug\bsp\bsp.a(init_gpio.o)
                0x0000d658                _bsp_sai_io_init
 .text._bsp_serial_irda_tx_init
                0x0000d6e4       0x1c C:\Freescale\Freescale_MQX_4_2\lib\frdmk64f.kds\debug\bsp\bsp.a(init_gpio.o)
                0x0000d6e4                _bsp_serial_irda_tx_init
 .text._bsp_serial_irda_rx_init
                0x0000d700       0x1c C:\Freescale\Freescale_MQX_4_2\lib\frdmk64f.kds\debug\bsp\bsp.a(init_gpio.o)
                0x0000d700                _bsp_serial_irda_rx_init
 .text._bsp_pre_init
                0x0000d71c      0x178 C:\Freescale\Freescale_MQX_4_2\lib\frdmk64f.kds\debug\bsp\bsp.a(init_bsp.o)
                0x0000d71c                _bsp_pre_init
 .text._bsp_init
                0x0000d894       0xbc C:\Freescale\Freescale_MQX_4_2\lib\frdmk64f.kds\debug\bsp\bsp.a(init_bsp.o)
                0x0000d894                _bsp_init
 .text._bsp_systimer_callback
                0x0000d950       0x14 C:\Freescale\Freescale_MQX_4_2\lib\frdmk64f.kds\debug\bsp\bsp.a(init_bsp.o)
                0x0000d950                _bsp_systimer_callback
 .text._bsp_get_hwticks
                0x0000d964       0x24 C:\Freescale\Freescale_MQX_4_2\lib\frdmk64f.kds\debug\bsp\bsp.a(init_bsp.o)
                0x0000d964                _bsp_get_hwticks
 .text.LDD_SetClockConfiguration
                0x0000d988       0x14 C:\Freescale\Freescale_MQX_4_2\lib\frdmk64f.kds\debug\bsp\bsp.a(bsp_cm.o)
                0x0000d988                LDD_SetClockConfiguration
 .text.CPU_MCGAutoTrim
                0x0000d99c      0x110 C:\Freescale\Freescale_MQX_4_2\lib\frdmk64f.kds\debug\bsp\bsp.a(bsp_cm.o)
                0x0000d99c                CPU_MCGAutoTrim
 .text.CPU_GetClockGenMode
                0x0000daac       0x90 C:\Freescale\Freescale_MQX_4_2\lib\frdmk64f.kds\debug\bsp\bsp.a(bsp_cm.o)
                0x0000daac                CPU_GetClockGenMode
 .text.CPU_SetClockConfigGenMode
                0x0000db3c      0x544 C:\Freescale\Freescale_MQX_4_2\lib\frdmk64f.kds\debug\bsp\bsp.a(bsp_cm.o)
                0x0000db3c                CPU_SetClockConfigGenMode
 .text.CPU_SetClockConfiguration
                0x0000e080      0x168 C:\Freescale\Freescale_MQX_4_2\lib\frdmk64f.kds\debug\bsp\bsp.a(bsp_cm.o)
                0x0000e080                CPU_SetClockConfiguration
 .text.CPU_GetClockConfiguration
                0x0000e1e8       0x18 C:\Freescale\Freescale_MQX_4_2\lib\frdmk64f.kds\debug\bsp\bsp.a(bsp_cm.o)
                0x0000e1e8                CPU_GetClockConfiguration
 .text._bsp_initialize_hardware
                0x0000e200       0x70 C:\Freescale\Freescale_MQX_4_2\lib\frdmk64f.kds\debug\bsp\bsp.a(bsp_cm.o)
                0x0000e200                _bsp_initialize_hardware
 .text.PE_low_level_init
                0x0000e270        0xc C:\Freescale\Freescale_MQX_4_2\lib\frdmk64f.kds\debug\bsp\bsp.a(bsp_cm.o)
                0x0000e270                PE_low_level_init
 .text._bsp_set_clock_configuration
                0x0000e27c       0x4c C:\Freescale\Freescale_MQX_4_2\lib\frdmk64f.kds\debug\bsp\bsp.a(bsp_cm.o)
                0x0000e27c                _bsp_set_clock_configuration
 .text._bsp_get_clock_configuration
                0x0000e2c8       0x10 C:\Freescale\Freescale_MQX_4_2\lib\frdmk64f.kds\debug\bsp\bsp.a(bsp_cm.o)
                0x0000e2c8                _bsp_get_clock_configuration
 .text._bsp_get_clock
                0x0000e2d8       0x58 C:\Freescale\Freescale_MQX_4_2\lib\frdmk64f.kds\debug\bsp\bsp.a(bsp_cm.o)
                0x0000e2d8                _bsp_get_clock
 .text._bsp_osc_autotrim
                0x0000e330       0x3c C:\Freescale\Freescale_MQX_4_2\lib\frdmk64f.kds\debug\bsp\bsp.a(bsp_cm.o)
                0x0000e330                _bsp_osc_autotrim
 .text._bsp_low_level_init
                0x0000e36c        0xc C:\Freescale\Freescale_MQX_4_2\lib\frdmk64f.kds\debug\bsp\bsp.a(bsp_cm.o)
                0x0000e36c                _bsp_low_level_init
 .text._io_spi_install
                0x0000e378      0x120 C:\Freescale\Freescale_MQX_4_2\lib\frdmk64f.kds\debug\bsp\bsp.a(spi.o)
                0x0000e378                _io_spi_install
 .text._io_spi_uninstall
                0x0000e498       0x50 C:\Freescale\Freescale_MQX_4_2\lib\frdmk64f.kds\debug\bsp\bsp.a(spi.o)
 .text._io_spi_read_write
                0x0000e4e8      0x10c C:\Freescale\Freescale_MQX_4_2\lib\frdmk64f.kds\debug\bsp\bsp.a(spi.o)
 .text._io_spi_flush
                0x0000e5f4       0xa4 C:\Freescale\Freescale_MQX_4_2\lib\frdmk64f.kds\debug\bsp\bsp.a(spi.o)
 .text._io_spi_open
                0x0000e698       0xac C:\Freescale\Freescale_MQX_4_2\lib\frdmk64f.kds\debug\bsp\bsp.a(spi.o)
 .text._io_spi_close
                0x0000e744       0x24 C:\Freescale\Freescale_MQX_4_2\lib\frdmk64f.kds\debug\bsp\bsp.a(spi.o)
 .text._io_spi_read
                0x0000e768       0x24 C:\Freescale\Freescale_MQX_4_2\lib\frdmk64f.kds\debug\bsp\bsp.a(spi.o)
 .text._io_spi_write
                0x0000e78c       0x24 C:\Freescale\Freescale_MQX_4_2\lib\frdmk64f.kds\debug\bsp\bsp.a(spi.o)
 .text._io_spi_ioctl
                0x0000e7b0      0x55c C:\Freescale\Freescale_MQX_4_2\lib\frdmk64f.kds\debug\bsp\bsp.a(spi.o)
 .text._kuart_change_baudrate
                0x0000ed0c       0xbc C:\Freescale\Freescale_MQX_4_2\lib\frdmk64f.kds\debug\bsp\bsp.a(serl_pol_kuart.o)
                0x0000ed0c                _kuart_change_baudrate
 .text._kuart_polled_peripheral_enable
                0x0000edc8       0x24 C:\Freescale\Freescale_MQX_4_2\lib\frdmk64f.kds\debug\bsp\bsp.a(serl_pol_kuart.o)
 .text._kuart_polled_peripheral_disable
                0x0000edec       0x24 C:\Freescale\Freescale_MQX_4_2\lib\frdmk64f.kds\debug\bsp\bsp.a(serl_pol_kuart.o)
 .text._kuart_polled_install
                0x0000ee10       0x50 C:\Freescale\Freescale_MQX_4_2\lib\frdmk64f.kds\debug\bsp\bsp.a(serl_pol_kuart.o)
                0x0000ee10                _kuart_polled_install
 .text._kuart_polled_init
                0x0000ee60      0x170 C:\Freescale\Freescale_MQX_4_2\lib\frdmk64f.kds\debug\bsp\bsp.a(serl_pol_kuart.o)
                0x0000ee60                _kuart_polled_init
 .text._kuart_polled_deinit
                0x0000efd0       0x4c C:\Freescale\Freescale_MQX_4_2\lib\frdmk64f.kds\debug\bsp\bsp.a(serl_pol_kuart.o)
                0x0000efd0                _kuart_polled_deinit
 .text._kuart_polled_getc
                0x0000f01c       0x40 C:\Freescale\Freescale_MQX_4_2\lib\frdmk64f.kds\debug\bsp\bsp.a(serl_pol_kuart.o)
                0x0000f01c                _kuart_polled_getc
 .text._kuart_polled_putc
                0x0000f05c       0x3c C:\Freescale\Freescale_MQX_4_2\lib\frdmk64f.kds\debug\bsp\bsp.a(serl_pol_kuart.o)
                0x0000f05c                _kuart_polled_putc
 .text._kuart_polled_status
                0x0000f098       0xc8 C:\Freescale\Freescale_MQX_4_2\lib\frdmk64f.kds\debug\bsp\bsp.a(serl_pol_kuart.o)
                0x0000f098                _kuart_polled_status
 .text._kuart_polled_ioctl
                0x0000f160      0x784 C:\Freescale\Freescale_MQX_4_2\lib\frdmk64f.kds\debug\bsp\bsp.a(serl_pol_kuart.o)
                0x0000f160                _kuart_polled_ioctl
 .text._io_serial_polled_install
                0x0000f8e4       0x94 C:\Freescale\Freescale_MQX_4_2\lib\frdmk64f.kds\debug\bsp\bsp.a(serl_pol.o)
                0x0000f8e4                _io_serial_polled_install
 .text._io_serial_polled_open
                0x0000f978      0x12c C:\Freescale\Freescale_MQX_4_2\lib\frdmk64f.kds\debug\bsp\bsp.a(serl_pol.o)
                0x0000f978                _io_serial_polled_open
 .text._io_serial_polled_close
                0x0000faa4       0x64 C:\Freescale\Freescale_MQX_4_2\lib\frdmk64f.kds\debug\bsp\bsp.a(serl_pol.o)
                0x0000faa4                _io_serial_polled_close
 .text._io_serial_polled_read
                0x0000fb08      0x288 C:\Freescale\Freescale_MQX_4_2\lib\frdmk64f.kds\debug\bsp\bsp.a(serl_pol.o)
                0x0000fb08                _io_serial_polled_read
 .text._io_serial_polled_write
                0x0000fd90      0x1a8 C:\Freescale\Freescale_MQX_4_2\lib\frdmk64f.kds\debug\bsp\bsp.a(serl_pol.o)
                0x0000fd90                _io_serial_polled_write
 .text._io_serial_polled_ioctl
                0x0000ff38       0xf4 C:\Freescale\Freescale_MQX_4_2\lib\frdmk64f.kds\debug\bsp\bsp.a(serl_pol.o)
                0x0000ff38                _io_serial_polled_ioctl
 .text._io_serial_default_init
                0x0001002c       0x88 C:\Freescale\Freescale_MQX_4_2\lib\frdmk64f.kds\debug\bsp\bsp.a(io_sinit.o)
                0x0001002c                _io_serial_default_init
 .text._io_sai_dma_install
                0x000100b4       0x84 C:\Freescale\Freescale_MQX_4_2\lib\frdmk64f.kds\debug\bsp\bsp.a(sai_dma.o)
                0x000100b4                _io_sai_dma_install
 .text._io_sai_dma_uninstall
                0x00010138       0x44 C:\Freescale\Freescale_MQX_4_2\lib\frdmk64f.kds\debug\bsp\bsp.a(sai_dma.o)
                0x00010138                _io_sai_dma_uninstall
 .text._io_sai_dma_open
                0x0001017c      0x12c C:\Freescale\Freescale_MQX_4_2\lib\frdmk64f.kds\debug\bsp\bsp.a(sai_dma.o)
                0x0001017c                _io_sai_dma_open
 .text._io_sai_dma_close
                0x000102a8       0x70 C:\Freescale\Freescale_MQX_4_2\lib\frdmk64f.kds\debug\bsp\bsp.a(sai_dma.o)
                0x000102a8                _io_sai_dma_close
 .text._io_sai_dma_ioctl
                0x00010318       0x68 C:\Freescale\Freescale_MQX_4_2\lib\frdmk64f.kds\debug\bsp\bsp.a(sai_dma.o)
                0x00010318                _io_sai_dma_ioctl
 .text._rtc_init
                0x00010380       0xa4 C:\Freescale\Freescale_MQX_4_2\lib\frdmk64f.kds\debug\bsp\bsp.a(krtc.o)
                0x00010380                _rtc_init
 .text._ki2c_set_baudrate
                0x00010424       0xa8 C:\Freescale\Freescale_MQX_4_2\lib\frdmk64f.kds\debug\bsp\bsp.a(i2c_pol_ki2c.o)
 .text._ki2c_polled_install
                0x000104cc       0x40 C:\Freescale\Freescale_MQX_4_2\lib\frdmk64f.kds\debug\bsp\bsp.a(i2c_pol_ki2c.o)
                0x000104cc                _ki2c_polled_install
 .text._ki2c_polled_init
                0x0001050c      0x11c C:\Freescale\Freescale_MQX_4_2\lib\frdmk64f.kds\debug\bsp\bsp.a(i2c_pol_ki2c.o)
                0x0001050c                _ki2c_polled_init
 .text._ki2c_polled_deinit
                0x00010628       0x60 C:\Freescale\Freescale_MQX_4_2\lib\frdmk64f.kds\debug\bsp\bsp.a(i2c_pol_ki2c.o)
                0x00010628                _ki2c_polled_deinit
 .text._ki2c_polled_ioctl
                0x00010688      0x4b0 C:\Freescale\Freescale_MQX_4_2\lib\frdmk64f.kds\debug\bsp\bsp.a(i2c_pol_ki2c.o)
                0x00010688                _ki2c_polled_ioctl
 .text._ki2c_polled_rx
                0x00010b38       0xf8 C:\Freescale\Freescale_MQX_4_2\lib\frdmk64f.kds\debug\bsp\bsp.a(i2c_pol_ki2c.o)
                0x00010b38                _ki2c_polled_rx
 .text._ki2c_polled_tx
                0x00010c30       0xf0 C:\Freescale\Freescale_MQX_4_2\lib\frdmk64f.kds\debug\bsp\bsp.a(i2c_pol_ki2c.o)
                0x00010c30                _ki2c_polled_tx
 .text._ki2c_polled_rx_tx
                0x00010d20      0x55c C:\Freescale\Freescale_MQX_4_2\lib\frdmk64f.kds\debug\bsp\bsp.a(i2c_pol_ki2c.o)
 .text._bsp_get_i2c_base_address
                0x0001127c       0x40 C:\Freescale\Freescale_MQX_4_2\lib\frdmk64f.kds\debug\bsp\bsp.a(i2c_mk64.o)
                0x0001127c                _bsp_get_i2c_base_address
 .text._bsp_get_i2c_vector
                0x000112bc       0x38 C:\Freescale\Freescale_MQX_4_2\lib\frdmk64f.kds\debug\bsp\bsp.a(i2c_mk64.o)
                0x000112bc                _bsp_get_i2c_vector
 .text._ki2c_int_install
                0x000112f4       0x40 C:\Freescale\Freescale_MQX_4_2\lib\frdmk64f.kds\debug\bsp\bsp.a(i2c_int_ki2c.o)
                0x000112f4                _ki2c_int_install
 .text._ki2c_int_init
                0x00011334       0xc0 C:\Freescale\Freescale_MQX_4_2\lib\frdmk64f.kds\debug\bsp\bsp.a(i2c_int_ki2c.o)
                0x00011334                _ki2c_int_init
 .text._ki2c_int_deinit
                0x000113f4       0x90 C:\Freescale\Freescale_MQX_4_2\lib\frdmk64f.kds\debug\bsp\bsp.a(i2c_int_ki2c.o)
                0x000113f4                _ki2c_int_deinit
 .text._ki2c_int_rx
                0x00011484      0x120 C:\Freescale\Freescale_MQX_4_2\lib\frdmk64f.kds\debug\bsp\bsp.a(i2c_int_ki2c.o)
                0x00011484                _ki2c_int_rx
 .text._ki2c_int_tx
                0x000115a4      0x13c C:\Freescale\Freescale_MQX_4_2\lib\frdmk64f.kds\debug\bsp\bsp.a(i2c_int_ki2c.o)
                0x000115a4                _ki2c_int_tx
 .text._ki2c_isr
                0x000116e0      0x69c C:\Freescale\Freescale_MQX_4_2\lib\frdmk64f.kds\debug\bsp\bsp.a(i2c_int_ki2c.o)
 .text.hwtimer_systick_isr
                0x00011d7c       0x5c C:\Freescale\Freescale_MQX_4_2\lib\frdmk64f.kds\debug\bsp\bsp.a(hwtimer_systick.o)
 .text.hwtimer_systick_init
                0x00011dd8       0x90 C:\Freescale\Freescale_MQX_4_2\lib\frdmk64f.kds\debug\bsp\bsp.a(hwtimer_systick.o)
 .text.hwtimer_systick_deinit
                0x00011e68       0x34 C:\Freescale\Freescale_MQX_4_2\lib\frdmk64f.kds\debug\bsp\bsp.a(hwtimer_systick.o)
 .text.hwtimer_systick_set_div
                0x00011e9c       0x4c C:\Freescale\Freescale_MQX_4_2\lib\frdmk64f.kds\debug\bsp\bsp.a(hwtimer_systick.o)
 .text.hwtimer_systick_start
                0x00011ee8       0x28 C:\Freescale\Freescale_MQX_4_2\lib\frdmk64f.kds\debug\bsp\bsp.a(hwtimer_systick.o)
 .text.hwtimer_systick_stop
                0x00011f10       0x28 C:\Freescale\Freescale_MQX_4_2\lib\frdmk64f.kds\debug\bsp\bsp.a(hwtimer_systick.o)
 .text.hwtimer_systick_get_time
                0x00011f38       0x64 C:\Freescale\Freescale_MQX_4_2\lib\frdmk64f.kds\debug\bsp\bsp.a(hwtimer_systick.o)
 .text._esdhc_set_baudrate_low
                0x00011f9c       0xd8 C:\Freescale\Freescale_MQX_4_2\lib\frdmk64f.kds\debug\bsp\bsp.a(esdhc.o)
 .text._esdhc_set_baudrate
                0x00012074       0x68 C:\Freescale\Freescale_MQX_4_2\lib\frdmk64f.kds\debug\bsp\bsp.a(esdhc.o)
 .text._esdhc_get_baudrate_low
                0x000120dc       0x40 C:\Freescale\Freescale_MQX_4_2\lib\frdmk64f.kds\debug\bsp\bsp.a(esdhc.o)
 .text._esdhc_get_baudrate
                0x0001211c       0x2c C:\Freescale\Freescale_MQX_4_2\lib\frdmk64f.kds\debug\bsp\bsp.a(esdhc.o)
 .text._esdhc_is_running
                0x00012148       0x28 C:\Freescale\Freescale_MQX_4_2\lib\frdmk64f.kds\debug\bsp\bsp.a(esdhc.o)
 .text._esdhc_init
                0x00012170      0x114 C:\Freescale\Freescale_MQX_4_2\lib\frdmk64f.kds\debug\bsp\bsp.a(esdhc.o)
 .text._esdhc_send_command
                0x00012284      0x3ac C:\Freescale\Freescale_MQX_4_2\lib\frdmk64f.kds\debug\bsp\bsp.a(esdhc.o)
 .text._esdhc_wait_while_busy
                0x00012630       0x90 C:\Freescale\Freescale_MQX_4_2\lib\frdmk64f.kds\debug\bsp\bsp.a(esdhc.o)
 .text._esdhc_get_card_type
                0x000126c0      0x364 C:\Freescale\Freescale_MQX_4_2\lib\frdmk64f.kds\debug\bsp\bsp.a(esdhc.o)
 .text._esdhc_install
                0x00012a24      0x12c C:\Freescale\Freescale_MQX_4_2\lib\frdmk64f.kds\debug\bsp\bsp.a(esdhc.o)
                0x00012a24                _esdhc_install
 .text._esdhc_uninstall
                0x00012b50       0x74 C:\Freescale\Freescale_MQX_4_2\lib\frdmk64f.kds\debug\bsp\bsp.a(esdhc.o)
                0x00012b50                _esdhc_uninstall
 .text._esdhc_open
                0x00012bc4       0x60 C:\Freescale\Freescale_MQX_4_2\lib\frdmk64f.kds\debug\bsp\bsp.a(esdhc.o)
                0x00012bc4                _esdhc_open
 .text._esdhc_close
                0x00012c24       0x54 C:\Freescale\Freescale_MQX_4_2\lib\frdmk64f.kds\debug\bsp\bsp.a(esdhc.o)
                0x00012c24                _esdhc_close
 .text._esdhc_ioctl
                0x00012c78      0x43c C:\Freescale\Freescale_MQX_4_2\lib\frdmk64f.kds\debug\bsp\bsp.a(esdhc.o)
                0x00012c78                _esdhc_ioctl
 .text._esdhc_read
                0x000130b4      0x158 C:\Freescale\Freescale_MQX_4_2\lib\frdmk64f.kds\debug\bsp\bsp.a(esdhc.o)
                0x000130b4                _esdhc_read
 .text._esdhc_write
                0x0001320c      0x134 C:\Freescale\Freescale_MQX_4_2\lib\frdmk64f.kds\debug\bsp\bsp.a(esdhc.o)
                0x0001320c                _esdhc_write
 .text._esdhc_isr
                0x00013340      0x1ec C:\Freescale\Freescale_MQX_4_2\lib\frdmk64f.kds\debug\bsp\bsp.a(esdhc.o)
 .text.dma_tcd_mem2reg
                0x0001352c       0xf0 C:\Freescale\Freescale_MQX_4_2\lib\frdmk64f.kds\debug\bsp\bsp.a(dma.o)
                0x0001352c                dma_tcd_mem2reg
 .text.dma_tcd_reg2mem
                0x0001361c       0xf8 C:\Freescale\Freescale_MQX_4_2\lib\frdmk64f.kds\debug\bsp\bsp.a(dma.o)
                0x0001361c                dma_tcd_reg2mem
 .text.dma_init
                0x00013714       0x80 C:\Freescale\Freescale_MQX_4_2\lib\frdmk64f.kds\debug\bsp\bsp.a(dma.o)
                0x00013714                dma_init
 .text.dma_deinit
                0x00013794       0x7c C:\Freescale\Freescale_MQX_4_2\lib\frdmk64f.kds\debug\bsp\bsp.a(dma.o)
                0x00013794                dma_deinit
 .text.dma_channel_claim
                0x00013810       0xb0 C:\Freescale\Freescale_MQX_4_2\lib\frdmk64f.kds\debug\bsp\bsp.a(dma.o)
                0x00013810                dma_channel_claim
 .text.dma_channel_release
                0x000138c0       0x3c C:\Freescale\Freescale_MQX_4_2\lib\frdmk64f.kds\debug\bsp\bsp.a(dma.o)
                0x000138c0                dma_channel_release
 .text.dma_channel_setup
                0x000138fc       0x44 C:\Freescale\Freescale_MQX_4_2\lib\frdmk64f.kds\debug\bsp\bsp.a(dma.o)
                0x000138fc                dma_channel_setup
 .text.dma_channel_status
                0x00013940       0x44 C:\Freescale\Freescale_MQX_4_2\lib\frdmk64f.kds\debug\bsp\bsp.a(dma.o)
                0x00013940                dma_channel_status
 .text.dma_transfer_submit
                0x00013984       0x44 C:\Freescale\Freescale_MQX_4_2\lib\frdmk64f.kds\debug\bsp\bsp.a(dma.o)
                0x00013984                dma_transfer_submit
 .text.dma_request_source
                0x000139c8       0x40 C:\Freescale\Freescale_MQX_4_2\lib\frdmk64f.kds\debug\bsp\bsp.a(dma.o)
                0x000139c8                dma_request_source
 .text.dma_request_enable
                0x00013a08       0x3c C:\Freescale\Freescale_MQX_4_2\lib\frdmk64f.kds\debug\bsp\bsp.a(dma.o)
                0x00013a08                dma_request_enable
 .text.dma_request_disable
                0x00013a44       0x3c C:\Freescale\Freescale_MQX_4_2\lib\frdmk64f.kds\debug\bsp\bsp.a(dma.o)
                0x00013a44                dma_request_disable
 .text.dma_callback_reg
                0x00013a80       0x3c C:\Freescale\Freescale_MQX_4_2\lib\frdmk64f.kds\debug\bsp\bsp.a(dma.o)
                0x00013a80                dma_callback_reg
 .text._io_adc_install
                0x00013abc       0x98 C:\Freescale\Freescale_MQX_4_2\lib\frdmk64f.kds\debug\bsp\bsp.a(adc.o)
                0x00013abc                _io_adc_install
 .text._adc_open
                0x00013b54      0x4f8 C:\Freescale\Freescale_MQX_4_2\lib\frdmk64f.kds\debug\bsp\bsp.a(adc.o)
                0x00013b54                _adc_open
 .text._adc_close
                0x0001404c      0x14c C:\Freescale\Freescale_MQX_4_2\lib\frdmk64f.kds\debug\bsp\bsp.a(adc.o)
                0x0001404c                _adc_close
 .text._adc_read
                0x00014198       0xbc C:\Freescale\Freescale_MQX_4_2\lib\frdmk64f.kds\debug\bsp\bsp.a(adc.o)
                0x00014198                _adc_read
 .text._adc_write
                0x00014254       0x1c C:\Freescale\Freescale_MQX_4_2\lib\frdmk64f.kds\debug\bsp\bsp.a(adc.o)
                0x00014254                _adc_write
 .text._adc_ioctl
                0x00014270      0x158 C:\Freescale\Freescale_MQX_4_2\lib\frdmk64f.kds\debug\bsp\bsp.a(adc.o)
                0x00014270                _adc_ioctl
 .text._dspi_dma_init
                0x000143c8      0x1b4 C:\Freescale\Freescale_MQX_4_2\lib\frdmk64f.kds\debug\bsp\bsp.a(spi_dspi_dma.o)
 .text._dspi_dma_deinit
                0x0001457c       0x64 C:\Freescale\Freescale_MQX_4_2\lib\frdmk64f.kds\debug\bsp\bsp.a(spi_dspi_dma.o)
 .text._dspi_dma_setparam
                0x000145e0      0x104 C:\Freescale\Freescale_MQX_4_2\lib\frdmk64f.kds\debug\bsp\bsp.a(spi_dspi_dma.o)
 .text._dspi_dma_callback
                0x000146e4       0x24 C:\Freescale\Freescale_MQX_4_2\lib\frdmk64f.kds\debug\bsp\bsp.a(spi_dspi_dma.o)
 .text._dspi_dma_transfer
                0x00014708      0x11c C:\Freescale\Freescale_MQX_4_2\lib\frdmk64f.kds\debug\bsp\bsp.a(spi_dspi_dma.o)
 .text._dspi_dma_tx_rx
                0x00014824       0x90 C:\Freescale\Freescale_MQX_4_2\lib\frdmk64f.kds\debug\bsp\bsp.a(spi_dspi_dma.o)
 .text._dspi_dma_cs_deassert
                0x000148b4       0x2c C:\Freescale\Freescale_MQX_4_2\lib\frdmk64f.kds\debug\bsp\bsp.a(spi_dspi_dma.o)
 .text._dspi_dma_ioctl
                0x000148e0       0x60 C:\Freescale\Freescale_MQX_4_2\lib\frdmk64f.kds\debug\bsp\bsp.a(spi_dspi_dma.o)
 .text._dspi_find_baudrate
                0x00014940      0x1b4 C:\Freescale\Freescale_MQX_4_2\lib\frdmk64f.kds\debug\bsp\bsp.a(spi_dspi_common.o)
                0x00014940                _dspi_find_baudrate
 .text._dspi_ctar_params
                0x00014af4       0x9c C:\Freescale\Freescale_MQX_4_2\lib\frdmk64f.kds\debug\bsp\bsp.a(spi_dspi_common.o)
                0x00014af4                _dspi_ctar_params
 .text._dspi_init_low
                0x00014b90       0x58 C:\Freescale\Freescale_MQX_4_2\lib\frdmk64f.kds\debug\bsp\bsp.a(spi_dspi_common.o)
                0x00014b90                _dspi_init_low
 .text._dspi_deinit_low
                0x00014be8       0x2c C:\Freescale\Freescale_MQX_4_2\lib\frdmk64f.kds\debug\bsp\bsp.a(spi_dspi_common.o)
                0x00014be8                _dspi_deinit_low
 .text._bsp_get_serial_base_address
                0x00014c14       0x80 C:\Freescale\Freescale_MQX_4_2\lib\frdmk64f.kds\debug\bsp\bsp.a(serl_mk64.o)
                0x00014c14                _bsp_get_serial_base_address
 .text._ksai_dma_init
                0x00014c94      0x5cc C:\Freescale\Freescale_MQX_4_2\lib\frdmk64f.kds\debug\bsp\bsp.a(sai_dma_ksai.o)
                0x00014c94                _ksai_dma_init
 .text._ksai_dma_deinit
                0x00015260      0x17c C:\Freescale\Freescale_MQX_4_2\lib\frdmk64f.kds\debug\bsp\bsp.a(sai_dma_ksai.o)
                0x00015260                _ksai_dma_deinit
 .text._ksai_tx_fifoerr_irq_handler
                0x000153dc       0x50 C:\Freescale\Freescale_MQX_4_2\lib\frdmk64f.kds\debug\bsp\bsp.a(sai_dma_ksai.o)
                0x000153dc                _ksai_tx_fifoerr_irq_handler
 .text._ksai_tx_dma_irq_handler
                0x0001542c      0x108 C:\Freescale\Freescale_MQX_4_2\lib\frdmk64f.kds\debug\bsp\bsp.a(sai_dma_ksai.o)
                0x0001542c                _ksai_tx_dma_irq_handler
 .text._ksai_rx_fifoerr_irq_handler
                0x00015534       0x54 C:\Freescale\Freescale_MQX_4_2\lib\frdmk64f.kds\debug\bsp\bsp.a(sai_dma_ksai.o)
                0x00015534                _ksai_rx_fifoerr_irq_handler
 .text._ksai_rx_dma_irq_handler
                0x00015588      0x11c C:\Freescale\Freescale_MQX_4_2\lib\frdmk64f.kds\debug\bsp\bsp.a(sai_dma_ksai.o)
                0x00015588                _ksai_rx_dma_irq_handler
 .text._ksai_dma_ioctl
                0x000156a4     0x17f8 C:\Freescale\Freescale_MQX_4_2\lib\frdmk64f.kds\debug\bsp\bsp.a(sai_dma_ksai.o)
                0x000156a4                _ksai_dma_ioctl
 .text._ksai_hw_init
                0x00016e9c      0x364 C:\Freescale\Freescale_MQX_4_2\lib\frdmk64f.kds\debug\bsp\bsp.a(sai_dma_ksai.o)
                0x00016e9c                _ksai_hw_init
 .text._ki2s_find_mclk_freq_div
                0x00017200      0x100 C:\Freescale\Freescale_MQX_4_2\lib\frdmk64f.kds\debug\bsp\bsp.a(sai_dma_ksai.o)
                0x00017200                _ki2s_find_mclk_freq_div
 .text._ki2s_set_master_mode
                0x00017300      0x25c C:\Freescale\Freescale_MQX_4_2\lib\frdmk64f.kds\debug\bsp\bsp.a(sai_dma_ksai.o)
                0x00017300                _ki2s_set_master_mode
 .text._ki2s_set_slave_mode
                0x0001755c      0x228 C:\Freescale\Freescale_MQX_4_2\lib\frdmk64f.kds\debug\bsp\bsp.a(sai_dma_ksai.o)
                0x0001755c                _ki2s_set_slave_mode
 .text._ki2s_set_bclk_mode
                0x00017784      0x150 C:\Freescale\Freescale_MQX_4_2\lib\frdmk64f.kds\debug\bsp\bsp.a(sai_dma_ksai.o)
                0x00017784                _ki2s_set_bclk_mode
 .text._io_i2c_polled_install
                0x000178d4       0x8c C:\Freescale\Freescale_MQX_4_2\lib\frdmk64f.kds\debug\bsp\bsp.a(i2c_pol.o)
                0x000178d4                _io_i2c_polled_install
 .text._io_i2c_polled_uninstall
                0x00017960       0x4c C:\Freescale\Freescale_MQX_4_2\lib\frdmk64f.kds\debug\bsp\bsp.a(i2c_pol.o)
                0x00017960                _io_i2c_polled_uninstall
 .text._io_i2c_polled_open
                0x000179ac       0x74 C:\Freescale\Freescale_MQX_4_2\lib\frdmk64f.kds\debug\bsp\bsp.a(i2c_pol.o)
                0x000179ac                _io_i2c_polled_open
 .text._io_i2c_polled_close
                0x00017a20       0x58 C:\Freescale\Freescale_MQX_4_2\lib\frdmk64f.kds\debug\bsp\bsp.a(i2c_pol.o)
                0x00017a20                _io_i2c_polled_close
 .text._io_i2c_polled_read
                0x00017a78       0x30 C:\Freescale\Freescale_MQX_4_2\lib\frdmk64f.kds\debug\bsp\bsp.a(i2c_pol.o)
                0x00017a78                _io_i2c_polled_read
 .text._io_i2c_polled_write
                0x00017aa8       0x30 C:\Freescale\Freescale_MQX_4_2\lib\frdmk64f.kds\debug\bsp\bsp.a(i2c_pol.o)
                0x00017aa8                _io_i2c_polled_write
 .text._io_i2c_polled_ioctl
                0x00017ad8       0x68 C:\Freescale\Freescale_MQX_4_2\lib\frdmk64f.kds\debug\bsp\bsp.a(i2c_pol.o)
                0x00017ad8                _io_i2c_polled_ioctl
 .text._io_i2c_int_install
                0x00017b40       0x8c C:\Freescale\Freescale_MQX_4_2\lib\frdmk64f.kds\debug\bsp\bsp.a(i2c_int.o)
                0x00017b40                _io_i2c_int_install
 .text._io_i2c_int_uninstall
                0x00017bcc       0x48 C:\Freescale\Freescale_MQX_4_2\lib\frdmk64f.kds\debug\bsp\bsp.a(i2c_int.o)
                0x00017bcc                _io_i2c_int_uninstall
 .text._io_i2c_int_open
                0x00017c14       0x6c C:\Freescale\Freescale_MQX_4_2\lib\frdmk64f.kds\debug\bsp\bsp.a(i2c_int.o)
                0x00017c14                _io_i2c_int_open
 .text._io_i2c_int_close
                0x00017c80       0x68 C:\Freescale\Freescale_MQX_4_2\lib\frdmk64f.kds\debug\bsp\bsp.a(i2c_int.o)
                0x00017c80                _io_i2c_int_close
 .text._io_i2c_int_read
                0x00017ce8       0x30 C:\Freescale\Freescale_MQX_4_2\lib\frdmk64f.kds\debug\bsp\bsp.a(i2c_int.o)
                0x00017ce8                _io_i2c_int_read
 .text._io_i2c_int_write
                0x00017d18       0x30 C:\Freescale\Freescale_MQX_4_2\lib\frdmk64f.kds\debug\bsp\bsp.a(i2c_int.o)
                0x00017d18                _io_i2c_int_write
 .text._io_i2c_int_ioctl
                0x00017d48       0x68 C:\Freescale\Freescale_MQX_4_2\lib\frdmk64f.kds\debug\bsp\bsp.a(i2c_int.o)
                0x00017d48                _io_i2c_int_ioctl
 .text._bsp_get_esdhc_base_address
                0x00017db0       0x30 C:\Freescale\Freescale_MQX_4_2\lib\frdmk64f.kds\debug\bsp\bsp.a(esdhc_mk64.o)
                0x00017db0                _bsp_get_esdhc_base_address
 .text._bsp_get_esdhc_vector
                0x00017de0       0x2c C:\Freescale\Freescale_MQX_4_2\lib\frdmk64f.kds\debug\bsp\bsp.a(esdhc_mk64.o)
                0x00017de0                _bsp_get_esdhc_vector
 .text.edma_channel_sgaidx
                0x00017e0c       0x6c C:\Freescale\Freescale_MQX_4_2\lib\frdmk64f.kds\debug\bsp\bsp.a(edma.o)
 .text.edma_done_isr
                0x00017e78      0x1ac C:\Freescale\Freescale_MQX_4_2\lib\frdmk64f.kds\debug\bsp\bsp.a(edma.o)
 .text.edma_err_isr
                0x00018024       0xa4 C:\Freescale\Freescale_MQX_4_2\lib\frdmk64f.kds\debug\bsp\bsp.a(edma.o)
 .text.edma_reset_module
                0x000180c8       0xc4 C:\Freescale\Freescale_MQX_4_2\lib\frdmk64f.kds\debug\bsp\bsp.a(edma.o)
 .text.edma_install_isrs
                0x0001818c       0xe0 C:\Freescale\Freescale_MQX_4_2\lib\frdmk64f.kds\debug\bsp\bsp.a(edma.o)
 .text.edma_uninstall_isrs
                0x0001826c       0xd8 C:\Freescale\Freescale_MQX_4_2\lib\frdmk64f.kds\debug\bsp\bsp.a(edma.o)
 .text.edma_init
                0x00018344       0x30 C:\Freescale\Freescale_MQX_4_2\lib\frdmk64f.kds\debug\bsp\bsp.a(edma.o)
 .text.edma_deinit
                0x00018374       0x40 C:\Freescale\Freescale_MQX_4_2\lib\frdmk64f.kds\debug\bsp\bsp.a(edma.o)
 .text.edma_channel_claim
                0x000183b4       0xf0 C:\Freescale\Freescale_MQX_4_2\lib\frdmk64f.kds\debug\bsp\bsp.a(edma.o)
 .text.edma_channel_release
                0x000184a4       0x58 C:\Freescale\Freescale_MQX_4_2\lib\frdmk64f.kds\debug\bsp\bsp.a(edma.o)
 .text.edma_channel_reset
                0x000184fc       0xb4 C:\Freescale\Freescale_MQX_4_2\lib\frdmk64f.kds\debug\bsp\bsp.a(edma.o)
 .text.edma_channel_setup
                0x000185b0       0xa0 C:\Freescale\Freescale_MQX_4_2\lib\frdmk64f.kds\debug\bsp\bsp.a(edma.o)
 .text.edma_channel_status
                0x00018650      0x164 C:\Freescale\Freescale_MQX_4_2\lib\frdmk64f.kds\debug\bsp\bsp.a(edma.o)
 .text.edma_tcd_prepare
                0x000187b4      0x250 C:\Freescale\Freescale_MQX_4_2\lib\frdmk64f.kds\debug\bsp\bsp.a(edma.o)
 .text.edma_hwtcd_push
                0x00018a04       0x74 C:\Freescale\Freescale_MQX_4_2\lib\frdmk64f.kds\debug\bsp\bsp.a(edma.o)
 .text.edma_transfer_submit
                0x00018a78      0x1f8 C:\Freescale\Freescale_MQX_4_2\lib\frdmk64f.kds\debug\bsp\bsp.a(edma.o)
 .text.edma_request_source
                0x00018c70       0x58 C:\Freescale\Freescale_MQX_4_2\lib\frdmk64f.kds\debug\bsp\bsp.a(edma.o)
 .text.edma_request_enable
                0x00018cc8       0x90 C:\Freescale\Freescale_MQX_4_2\lib\frdmk64f.kds\debug\bsp\bsp.a(edma.o)
 .text.edma_request_disable
                0x00018d58       0x40 C:\Freescale\Freescale_MQX_4_2\lib\frdmk64f.kds\debug\bsp\bsp.a(edma.o)
 .text._adt_hw_ioctl
                0x00018d98      0x2b8 C:\Freescale\Freescale_MQX_4_2\lib\frdmk64f.kds\debug\bsp\bsp.a(adt_kpdb.o)
                0x00018d98                _adt_hw_ioctl
 .text._adt_hw_install
                0x00019050       0x1c C:\Freescale\Freescale_MQX_4_2\lib\frdmk64f.kds\debug\bsp\bsp.a(adt_kpdb.o)
                0x00019050                _adt_hw_install
 .text._adt_hw_init
                0x0001906c      0x18c C:\Freescale\Freescale_MQX_4_2\lib\frdmk64f.kds\debug\bsp\bsp.a(adt_kpdb.o)
                0x0001906c                _adt_hw_init
 .text._adt_hw_deinit
                0x000191f8       0x24 C:\Freescale\Freescale_MQX_4_2\lib\frdmk64f.kds\debug\bsp\bsp.a(adt_kpdb.o)
                0x000191f8                _adt_hw_deinit
 .text.adt_period_prescaler
                0x0001921c      0x23c C:\Freescale\Freescale_MQX_4_2\lib\frdmk64f.kds\debug\bsp\bsp.a(adt_kpdb.o)
 .text._adt_hw_channel_init
                0x00019458      0x1d4 C:\Freescale\Freescale_MQX_4_2\lib\frdmk64f.kds\debug\bsp\bsp.a(adt_kpdb.o)
                0x00019458                _adt_hw_channel_init
 .text._adt_hw_channel_deinit
                0x0001962c      0x148 C:\Freescale\Freescale_MQX_4_2\lib\frdmk64f.kds\debug\bsp\bsp.a(adt_kpdb.o)
                0x0001962c                _adt_hw_channel_deinit
 .text._adt_trigger
                0x00019774      0x144 C:\Freescale\Freescale_MQX_4_2\lib\frdmk64f.kds\debug\bsp\bsp.a(adt_kpdb.o)
                0x00019774                _adt_trigger
 .text._adt_pause
                0x000198b8      0x128 C:\Freescale\Freescale_MQX_4_2\lib\frdmk64f.kds\debug\bsp\bsp.a(adt_kpdb.o)
                0x000198b8                _adt_pause
 .text._adt_resume
                0x000199e0      0x134 C:\Freescale\Freescale_MQX_4_2\lib\frdmk64f.kds\debug\bsp\bsp.a(adt_kpdb.o)
                0x000199e0                _adt_resume
 .text._adt_stop
                0x00019b14      0x118 C:\Freescale\Freescale_MQX_4_2\lib\frdmk64f.kds\debug\bsp\bsp.a(adt_kpdb.o)
                0x00019b14                _adt_stop
 .text._adt_process_data
                0x00019c2c      0x11c C:\Freescale\Freescale_MQX_4_2\lib\frdmk64f.kds\debug\bsp\bsp.a(adt_kpdb.o)
                0x00019c2c                _adt_process_data
 .text.adt_idelay_isr
                0x00019d48       0x68 C:\Freescale\Freescale_MQX_4_2\lib\frdmk64f.kds\debug\bsp\bsp.a(adt_kpdb.o)
 .text._adc_hw_ioctl
                0x00019db0      0x458 C:\Freescale\Freescale_MQX_4_2\lib\frdmk64f.kds\debug\bsp\bsp.a(adc_kadc.o)
                0x00019db0                _adc_hw_ioctl
 .text._adc_hw_install
                0x0001a208       0x20 C:\Freescale\Freescale_MQX_4_2\lib\frdmk64f.kds\debug\bsp\bsp.a(adc_kadc.o)
                0x0001a208                _adc_hw_install
 .text._adc_hw_init
                0x0001a228      0x358 C:\Freescale\Freescale_MQX_4_2\lib\frdmk64f.kds\debug\bsp\bsp.a(adc_kadc.o)
                0x0001a228                _adc_hw_init
 .text._adc_hw_deinit
                0x0001a580       0x34 C:\Freescale\Freescale_MQX_4_2\lib\frdmk64f.kds\debug\bsp\bsp.a(adc_kadc.o)
                0x0001a580                _adc_hw_deinit
 .text._adc_hw_channel_init
                0x0001a5b4      0x188 C:\Freescale\Freescale_MQX_4_2\lib\frdmk64f.kds\debug\bsp\bsp.a(adc_kadc.o)
                0x0001a5b4                _adc_hw_channel_init
 .text._adc_hw_channel_deinit
                0x0001a73c       0x90 C:\Freescale\Freescale_MQX_4_2\lib\frdmk64f.kds\debug\bsp\bsp.a(adc_kadc.o)
                0x0001a73c                _adc_hw_channel_deinit
 .text.adc_process_data
                0x0001a7cc      0x110 C:\Freescale\Freescale_MQX_4_2\lib\frdmk64f.kds\debug\bsp\bsp.a(adc_kadc.o)
 .text.adc_process_all_data
                0x0001a8dc       0x54 C:\Freescale\Freescale_MQX_4_2\lib\frdmk64f.kds\debug\bsp\bsp.a(adc_kadc.o)
                0x0001a8dc                adc_process_all_data
 .text.adc_complete_isr
                0x0001a930       0x3c C:\Freescale\Freescale_MQX_4_2\lib\frdmk64f.kds\debug\bsp\bsp.a(adc_kadc.o)
 .text.adc_calibrate
                0x0001a96c      0x154 C:\Freescale\Freescale_MQX_4_2\lib\frdmk64f.kds\debug\bsp\bsp.a(adc_kadc.o)
 .text.adc_get_calibration_data
                0x0001aac0       0xe4 C:\Freescale\Freescale_MQX_4_2\lib\frdmk64f.kds\debug\bsp\bsp.a(adc_kadc.o)
 .text.adc_set_calibration_data
                0x0001aba4      0x108 C:\Freescale\Freescale_MQX_4_2\lib\frdmk64f.kds\debug\bsp\bsp.a(adc_kadc.o)
 .text._bsp_get_adc_base_address
                0x0001acac       0x2c C:\Freescale\Freescale_MQX_4_2\lib\frdmk64f.kds\debug\bsp\bsp.a(adc_mk64.o)
                0x0001acac                _bsp_get_adc_base_address
 .text._bsp_get_dspi_base_address
                0x0001acd8       0x2c C:\Freescale\Freescale_MQX_4_2\lib\frdmk64f.kds\debug\bsp\bsp.a(spi_mk64.o)
                0x0001acd8                _bsp_get_dspi_base_address
 .text._bsp_get_sai_base_address
                0x0001ad04       0x30 C:\Freescale\Freescale_MQX_4_2\lib\frdmk64f.kds\debug\bsp\bsp.a(sai_mk64.o)
                0x0001ad04                _bsp_get_sai_base_address
 .text._bsp_get_sai_tx_vector
                0x0001ad34       0x2c C:\Freescale\Freescale_MQX_4_2\lib\frdmk64f.kds\debug\bsp\bsp.a(sai_mk64.o)
                0x0001ad34                _bsp_get_sai_tx_vector
 .text._bsp_get_sai_rx_vector
                0x0001ad60       0x2c C:\Freescale\Freescale_MQX_4_2\lib\frdmk64f.kds\debug\bsp\bsp.a(sai_mk64.o)
                0x0001ad60                _bsp_get_sai_rx_vector
 .text._bsp_get_sai_tx_dma_source
                0x0001ad8c       0x30 C:\Freescale\Freescale_MQX_4_2\lib\frdmk64f.kds\debug\bsp\bsp.a(sai_mk64.o)
                0x0001ad8c                _bsp_get_sai_tx_dma_source
 .text._bsp_get_sai_rx_dma_source
                0x0001adbc       0x30 C:\Freescale\Freescale_MQX_4_2\lib\frdmk64f.kds\debug\bsp\bsp.a(sai_mk64.o)
                0x0001adbc                _bsp_get_sai_rx_dma_source
 .text._bsp_get_sai_dma_channel_mask
                0x0001adec       0x30 C:\Freescale\Freescale_MQX_4_2\lib\frdmk64f.kds\debug\bsp\bsp.a(sai_mk64.o)
                0x0001adec                _bsp_get_sai_dma_channel_mask
 .text._bsp_get_edma_done_vectors
                0x0001ae1c       0x34 C:\Freescale\Freescale_MQX_4_2\lib\frdmk64f.kds\debug\bsp\bsp.a(edma_kinetis.o)
                0x0001ae1c                _bsp_get_edma_done_vectors
 .text._bsp_get_edma_error_vectors
                0x0001ae50       0x34 C:\Freescale\Freescale_MQX_4_2\lib\frdmk64f.kds\debug\bsp\bsp.a(edma_kinetis.o)
                0x0001ae50                _bsp_get_edma_error_vectors
 .text._bsp_edma_enable
                0x0001ae84       0x48 C:\Freescale\Freescale_MQX_4_2\lib\frdmk64f.kds\debug\bsp\bsp.a(edma_kinetis.o)
                0x0001ae84                _bsp_edma_enable
 .text          0x0001aecc      0x370 C:\Freescale\KDS_3.0.0\toolchain\lib\gcc\arm-none-eabi\4.8.4\armv7e-m\fpu\libgcc.a(_arm_addsubdf3.o)
                0x0001aecc                __aeabi_drsub
                0x0001aed4                __aeabi_dsub
                0x0001aed4                __subdf3
                0x0001aed8                __aeabi_dadd
                0x0001aed8                __adddf3
                0x0001b150                __floatunsidf
                0x0001b150                __aeabi_ui2d
                0x0001b170                __floatsidf
                0x0001b170                __aeabi_i2d
                0x0001b194                __aeabi_f2d
                0x0001b194                __extendsfdf2
                0x0001b1d0                __floatundidf
                0x0001b1d0                __aeabi_ul2d
                0x0001b1e0                __floatdidf
                0x0001b1e0                __aeabi_l2d
 .text          0x0001b23c      0x424 C:\Freescale\KDS_3.0.0\toolchain\lib\gcc\arm-none-eabi\4.8.4\armv7e-m\fpu\libgcc.a(_arm_muldivdf3.o)
                0x0001b23c                __aeabi_dmul
                0x0001b23c                __muldf3
                0x0001b490                __divdf3
                0x0001b490                __aeabi_ddiv
 .text          0x0001b660      0x110 C:\Freescale\KDS_3.0.0\toolchain\lib\gcc\arm-none-eabi\4.8.4\armv7e-m\fpu\libgcc.a(_arm_cmpdf2.o)
                0x0001b660                __gtdf2
                0x0001b660                __gedf2
                0x0001b668                __ltdf2
                0x0001b668                __ledf2
                0x0001b670                __nedf2
                0x0001b670                __eqdf2
                0x0001b670                __cmpdf2
                0x0001b6ec                __aeabi_cdrcmple
                0x0001b6fc                __aeabi_cdcmpeq
                0x0001b6fc                __aeabi_cdcmple
                0x0001b70c                __aeabi_dcmpeq
                0x0001b720                __aeabi_dcmplt
                0x0001b734                __aeabi_dcmple
                0x0001b748                __aeabi_dcmpge
                0x0001b75c                __aeabi_dcmpgt
 .text          0x0001b770       0x50 C:\Freescale\KDS_3.0.0\toolchain\lib\gcc\arm-none-eabi\4.8.4\armv7e-m\fpu\libgcc.a(_arm_fixdfsi.o)
                0x0001b770                __aeabi_d2iz
                0x0001b770                __fixdfsi
 .text          0x0001b7c0       0x40 C:\Freescale\KDS_3.0.0\toolchain\lib\gcc\arm-none-eabi\4.8.4\armv7e-m\fpu\libgcc.a(_arm_fixunsdfsi.o)
                0x0001b7c0                __aeabi_d2uiz
                0x0001b7c0                __fixunsdfsi
 .text          0x0001b800       0x38 C:\Freescale\KDS_3.0.0\toolchain\lib\gcc\arm-none-eabi\4.8.4\armv7e-m\fpu\libgcc.a(_aeabi_ldivmod.o)
                0x0001b800                __aeabi_ldivmod
 .text          0x0001b838       0x2c C:\Freescale\KDS_3.0.0\toolchain\lib\gcc\arm-none-eabi\4.8.4\armv7e-m\fpu\libgcc.a(_aeabi_uldivmod.o)
                0x0001b838                __aeabi_uldivmod
 .text          0x0001b864       0x60 C:\Freescale\KDS_3.0.0\toolchain\lib\gcc\arm-none-eabi\4.8.4\armv7e-m\fpu\libgcc.a(bpabi.o)
                0x0001b864                __gnu_ldivmod_helper